--------- beginning of system
02-13 17:22:13.746   611   961 I ActivityManager: Force stopping com.taskmanagercrud appid=10209 user=0: from pid 28148
02-13 17:22:13.753   611   961 I ActivityManager: Killing 28028:com.taskmanagercrud/u0a209 (adj 0): stop com.taskmanagercrud due to from pid 28148
02-13 17:22:13.758   611   633 D DisplayManagerService: Drop pending events for gone uid 10209
02-13 17:22:13.760   611   961 W ActivityTaskManager: Force removing ActivityRecord{1d25405 u0 com.taskmanagercrud/.MainActivity t38 f}}: app died, no saved state
--------- beginning of main
02-13 17:22:13.767   611   758 D InetDiagMessage: Destroyed 0 sockets, proto=IPPROTO_TCP, family=AF_INET, states=14
02-13 17:22:13.767   611   758 D InetDiagMessage: Destroyed 1 sockets, proto=IPPROTO_TCP, family=AF_INET6, states=14
02-13 17:22:13.768   611   758 D InetDiagMessage: Destroyed live tcp sockets for uids={10209} in 4ms
02-13 17:22:13.771   611   758 D InetDiagMessage: Destroyed 0 sockets, proto=IPPROTO_TCP, family=AF_INET, states=14
02-13 17:22:13.771   845   960 V WindowManagerShell: Transition requested (#69): android.os.BinderProxy@84a26d5 TransitionRequestInfo { type = CLOSE, triggerTask = TaskInfo{userId=0 taskId=38 displayId=0 isRunning=false baseIntent=Intent { flg=0x10000000 cmp=com.taskmanagercrud/.MainActivity } baseActivity=null topActivity=null origActivity=null realActivity=ComponentInfo{com.taskmanagercrud/com.taskmanagercrud.MainActivity} numActivities=0 lastActiveTime=36692688 supportsMultiWindow=true resizeMode=1 isResizeable=true minWidth=-1 minHeight=-1 defaultMinSize=220 token=WCT{android.window.IWindowContainerToken$Stub$Proxy@d259eea} topActivityType=1 pictureInPictureParams=null shouldDockBigOverlays=false launchIntoPipHostTaskId=-1 lastParentTaskIdBeforePip=-1 displayCutoutSafeInsets=null topActivityInfo=null launchCookies=[] positionInParent=Point(0, 0) parentTaskId=-1 isFocused=true isVisible=true isVisibleRequested=true isSleeping=false locusId=null displayAreaFeatureId=1 isTopActivityTransparent=false appCompatTaskInfo=AppCompatTaskInfo { topActivityInSizeCompat=false topActivityEligibleForLetterboxEducation= falseisLetterboxEducationEnabled= false isLetterboxDoubleTapEnabled= false topActivityEligibleForUserAspectRatioButton= false topActivityBoundsLetterboxed= false isFromLetterboxDoubleTap= false topActivityLetterboxVerticalPosition= -1 topActivityLetterboxHorizontalPosition= -1 topActivityLetterboxWidth=-1 topActivityLetterboxHeight=-1 isUserFullscreenOverrideEnabled=false isSystemFullscreenOverrideEnabled=false cameraCompatTaskInfo=CameraCompatTaskInfo { cameraCompatControlState=hidden freeformCameraCompatMode=inactive}}}, pipTask = null, remoteTransition = null, displayChange = null, flags = 0, debugId = 69 }
02-13 17:22:13.771   611   758 D InetDiagMessage: Destroyed 0 sockets, proto=IPPROTO_TCP, family=AF_INET6, states=14
02-13 17:22:13.771   611   758 D InetDiagMessage: Destroyed live tcp sockets for uids={20209} in 3ms
02-13 17:22:13.789   611   961 I AppsFilter: interaction: PackageSetting{e0bb698 com.android.microdroid.empty_payload/10198} -> PackageSetting{6834cfc com.taskmanagercrud/10209} BLOCKED
02-13 17:22:13.797   611  2500 I WindowManager: WIN DEATH: Window{c46738 u0 com.taskmanagercrud/com.taskmanagercrud.MainActivity}
02-13 17:22:13.797   611  2500 W InputManager-JNI: Input channel object 'c46738 com.taskmanagercrud/com.taskmanagercrud.MainActivity (client)' was disposed without first being removed with the input manager!
02-13 17:22:13.799   476   476 I adbd    : Remote process closed the socket (on MSG_PEEK)
02-13 17:22:13.801   469   469 I BpBinder: onLastStrongRef automatically unlinking death recipients: 
02-13 17:22:13.808   395   395 I Zygote  : Process 28028 exited due to signal 9 (Killed)
02-13 17:22:13.808  1138  1138 D StatsLog: LAUNCHER_ONRESUME
02-13 17:22:13.809   845   960 D WindowManagerShell: setLauncherKeepClearAreaHeight: visible=true, height=603
02-13 17:22:13.809  1138  1138 D NexusLauncherModelDelegate: notifySmartspaceEvent: SmartspaceTargetEvent{mSmartspaceTarget=null, mSmartspaceActionId='null', mEventType=6}
02-13 17:22:13.810   611   646 I libprocessgroup: Removed cgroup /sys/fs/cgroup/uid_10209/pid_28028
02-13 17:22:13.817   611  1372 W AppSearchIcing: icing-search-engine.cc:321: Error: 5, Message: Document (com.google.android.googlequicksearchbox$OneSearchZeroStateGoogleSuggestions/default, zp) not found.
02-13 17:22:13.829  1138  1589 D OneSearchSuggestProvider: AppSearch 0-state cache not available, fallback to AGA
02-13 17:22:13.829  1138  1589 D OneSearchSuggestProvider: java.util.concurrent.CompletionException: java.util.NoSuchElementException: No value present
02-13 17:22:13.829  1138  1589 D OneSearchSuggestProvider: 	at java.util.concurrent.CompletableFuture.encodeThrowable(CompletableFuture.java:308)
02-13 17:22:13.829  1138  1589 D OneSearchSuggestProvider: 	at java.util.concurrent.CompletableFuture.completeThrowable(CompletableFuture.java:323)
02-13 17:22:13.829  1138  1589 D OneSearchSuggestProvider: 	at java.util.concurrent.CompletableFuture$UniAccept.tryFire(CompletableFuture.java:684)
02-13 17:22:13.829  1138  1589 D OneSearchSuggestProvider: 	at java.util.concurrent.CompletableFuture.postComplete(CompletableFuture.java:486)
02-13 17:22:13.829  1138  1589 D OneSearchSuggestProvider: 	at java.util.concurrent.CompletableFuture.completeExceptionally(CompletableFuture.java:2138)
02-13 17:22:13.829  1138  1589 D OneSearchSuggestProvider: 	at com.google.android.apps.nexuslauncher.allapps.E0.onResult(go/retraceme 2855a437b73635ce9cad76b9289087e631bbb67fc90008a0da13d343a00e5041:67)
02-13 17:22:13.829  1138  1589 D OneSearchSuggestProvider: 	at android.app.appsearch.SearchSessionUtil$1.lambda$onResult$0(go/retraceme 64eee9e9f568ff45978879ad2ff83146f2618ee8a88278736fbdf5fae931976e:144)
02-13 17:22:13.829  1138  1589 D OneSearchSuggestProvider: 	at android.app.appsearch.SearchSessionUtil$1.$r8$lambda$CEk3q8sDAQVhU3rQwVueB8FAj_M(go/retraceme 64eee9e9f568ff45978879ad2ff83146f2618ee8a88278736fbdf5fae931976e:1)
02-13 17:22:13.829  1138  1589 D OneSearchSuggestProvider: 	at android.app.appsearch.SearchSessionUtil$1$$ExternalSyntheticLambda0.run(go/retraceme 64eee9e9f568ff45978879ad2ff83146f2618ee8a88278736fbdf5fae931976e:22)
02-13 17:22:13.829  1138  1589 D OneSearchSuggestProvider: 	at android.os.Handler.handleCallback(Handler.java:959)
02-13 17:22:13.829  1138  1589 D OneSearchSuggestProvider: 	at android.os.Handler.dispatchMessage(Handler.java:100)
02-13 17:22:13.829  1138  1589 D OneSearchSuggestProvider: 	at android.os.Looper.loopOnce(Looper.java:232)
02-13 17:22:13.829  1138  1589 D OneSearchSuggestProvider: 	at android.os.Looper.loop(Looper.java:317)
02-13 17:22:13.829  1138  1589 D OneSearchSuggestProvider: 	at android.os.HandlerThread.run(HandlerThread.java:85)
02-13 17:22:13.829  1138  1589 D OneSearchSuggestProvider: Caused by: java.util.NoSuchElementException: No value present
02-13 17:22:13.829  1138  1589 D OneSearchSuggestProvider: 	at java.util.Optional.get(Optional.java:143)
02-13 17:22:13.829  1138  1589 D OneSearchSuggestProvider: 	at com.google.android.apps.nexuslauncher.allapps.E0.onResult(go/retraceme 2855a437b73635ce9cad76b9289087e631bbb67fc90008a0da13d343a00e5041:28)
02-13 17:22:13.829  1138  1589 D OneSearchSuggestProvider: 	... 8 more
02-13 17:22:13.831   611  1517 V ActivityManager: Got obituary of 28028:com.taskmanagercrud
02-13 17:22:13.830   611   635 W ActivityManager: setHasOverlayUi called on unknown pid: 28028
02-13 17:22:13.837   979   979 D CarrierSvcBindHelper: onHandleForceStop: [com.taskmanagercrud]
02-13 17:22:13.841  1138  1138 D BaseDepthController: setSurface:
02-13 17:22:13.841  1138  1138 D BaseDepthController: 	mWaitingOnSurfaceValidity: false
02-13 17:22:13.841  1138  1138 D BaseDepthController: 	mSurface: Surface(name=com.google.android.apps.nexuslauncher/com.google.android.apps.nexuslauncher.NexusLauncherActivity)/@0x65964b
02-13 17:22:13.843   979   979 D CarrierSvcBindHelper: No carrier app for: 0
02-13 17:22:13.848  1138  1589 D OneSearchSuggestProvider: Created the binder channel successfully for end point service =com.google.android.apps.search.googleapp.search.suggest.plugins.onesearch.server.OneSearchSuggestService , mChannel=i1{delegate=f{logId=113, target=directaddress:///AndroidComponentAddress%5BIntent%20%7B%20act=grpc.io.action.BIND%20cmp=com.google.android.googlequicksearchbox/com.google.android.apps.search.googleapp.search.suggest.plugins.onesearch.server.OneSearchSuggestService%20%7D%5D}} , mOneSearchConnection=l2.Z@21f51d0
02-13 17:22:13.855 21366 21414 W Bugle   : TextClassifierLibManagerImpl: Reclaiming memory at level: 40
02-13 17:22:13.859  1138  1216 D QuickstepModelDelegate: notifyAppTargetEvent action=1 launchLocation=workspace/0/[-1,-1]/[1,1]
02-13 17:22:13.879  1365  1544 I AiAiEcho: Predicting[0]:  [CONTEXT sampling_count=5 ]
02-13 17:22:13.879  1365  1544 I AiAiEcho: EchoTargets: 
02-13 17:22:13.879  1365  1544 I AiAiEcho: Filtered by AiAi flag check: 
02-13 17:22:13.879  1365  1544 I AiAiEcho: [CONTEXT ratelimit_period="10 SECONDS" ]
02-13 17:22:13.880  1365  1544 I AiAiEcho: Ranked targets strategy: SORT, count: 0, ranking metadata:  [CONTEXT ratelimit_period="10 SECONDS" ]
02-13 17:22:13.880  1365  1544 I AiAiEcho: #remoteViewsTwiddler: feature disabled.
02-13 17:22:13.882  1365  1544 I AiAiEcho: #postPredictionTargets: Sending updates to UISurface home with targets# 0 (types=[])
02-13 17:22:13.893   611  1517 D ActivityManager: sync unfroze 26147 com.google.android.googlequicksearchbox:search for 6
02-13 17:22:13.913   611  1518 W ActivityTaskManager: callingPackage for (uid=2000, pid=28155) has no WPC
02-13 17:22:13.921   611  1518 W OptProp : Cannot read opt property android.window.PROPERTY_COMPAT_ALLOW_USER_ASPECT_RATIO_OVERRIDE
02-13 17:22:13.922   611  1518 W OptProp : Cannot read opt property android.window.PROPERTY_COMPAT_ALLOW_USER_ASPECT_RATIO_FULLSCREEN_OVERRIDE
02-13 17:22:13.922   611  1518 W OptProp : Cannot read opt property android.window.PROPERTY_COMPAT_ALLOW_ORIENTATION_OVERRIDE
02-13 17:22:13.923   611  1518 V GrammaticalInflectionUtils: AttributionSource: android.content.AttributionSource@c1dc064c does not have READ_SYSTEM_GRAMMATICAL_GENDER permission.
02-13 17:22:13.923   611  1518 W OptProp : Cannot read opt property android.window.PROPERTY_COMPAT_ALLOW_RESIZEABLE_ACTIVITY_OVERRIDES
02-13 17:22:13.924   611  1518 W OptProp : Cannot read opt property android.window.PROPERTY_COMPAT_ALLOW_MIN_ASPECT_RATIO_OVERRIDE
02-13 17:22:13.968 26147 26147 I A       : (REDACTED) Created gRPC endpoint for service %s
02-13 17:22:13.980   611  1518 I ActivityTaskManager: Add Task{d057c5a #38 type=standard A=10209:com.taskmanagercrud} to hidden list because adding Task{797842e #39 type=standard A=10209:com.taskmanagercrud}
02-13 17:22:13.988   611  1517 W ProcessStats: Tracking association SourceState{6e855a7 com.google.android.apps.nexuslauncher/10176 BTop #16208} whose proc state 2 is better than process ProcessState{1aec792 com.google.android.googlequicksearchbox:search/10145 pkg=com.google.android.googlequicksearchbox} proc state 14 (0 skipped)
02-13 17:22:13.994   611  1518 I ActivityTaskManager: START u0 {flg=0x10000000 cmp=com.taskmanagercrud/.MainActivity} with LAUNCH_SINGLE_TASK from uid 2000 (BAL_ALLOW_PERMISSION) result code=0
02-13 17:22:13.998   611   635 V GrammaticalInflectionUtils: AttributionSource: android.content.AttributionSource@c1dc064c does not have READ_SYSTEM_GRAMMATICAL_GENDER permission.
02-13 17:22:14.006  1138  1138 I TopTaskTracker: onTaskMovedToFront: (moved taskInfo to front) taskId=12, baseIntent=Intent { act=android.intent.action.MAIN cat=[android.intent.category.HOME] flg=0x10000100 cmp=com.google.android.apps.nexuslauncher/.NexusLauncherActivity }
02-13 17:22:14.007  1138  1138 D SsBaseTemplateCard: No text view can be set up
02-13 17:22:14.007  1138  1138 D SsBaseTemplateCard: Passed-in item info is null
02-13 17:22:14.007  1138  1138 D SsBaseTemplateCard: Passed-in item info is null
02-13 17:22:14.007  1138  1138 D SsBaseTemplateCard: Passed-in item info is null
02-13 17:22:14.007  1138  1138 I SsBaseTemplateCard: Secondary card pane is null
02-13 17:22:14.012  1138  1138 W SplitSelectStateCtor: Missing session instanceIds
02-13 17:22:14.012  1138  1138 D StatsLog: LAUNCHER_SPLIT_SELECTION_EXIT_INTERRUPTED
02-13 17:22:14.020   845   960 D WindowManagerShell: setLauncherKeepClearAreaHeight: visible=false, height=603
02-13 17:22:14.022   395   395 D Zygote  : Forked child process 28158
02-13 17:22:14.028   611  1518 I AppsFilter: interaction: PackageSetting{e0bb698 com.android.microdroid.empty_payload/10198} -> PackageSetting{f1bb53a com.taskmanagercrud/10209} BLOCKED
02-13 17:22:14.040   611   645 I ActivityManager: Start proc 28158:com.taskmanagercrud/u0a209 for next-top-activity {com.taskmanagercrud/com.taskmanagercrud.MainActivity}
02-13 17:22:14.057   611  1514 D CoreBackPreview: Window{17feb06 u0 Splash Screen com.taskmanagercrud}: Setting back callback OnBackInvokedCallbackInfo{mCallback=android.window.IOnBackInvokedCallback$Stub$Proxy@b91bf60, mPriority=0, mIsAnimationCallback=false}
02-13 17:22:14.060  1138  1138 I TopTaskTracker: onTaskMovedToFront: (moved taskInfo to front) taskId=39, baseIntent=Intent { flg=0x10000000 cmp=com.taskmanagercrud/.MainActivity }
02-13 17:22:14.087 28158 28158 I taskmanagercrud: Late-enabling -Xcheck:jni
02-13 17:22:14.135 28158 28158 I taskmanagercrud: Using CollectorTypeCMC GC.
02-13 17:22:14.138 28158 28158 W taskmanagercrud: Unexpected CPU variant for x86: x86_64.
02-13 17:22:14.138 28158 28158 W taskmanagercrud: Known variants: atom, sandybridge, silvermont, goldmont, goldmont-plus, goldmont-without-sha-xsaves, tremont, kabylake, default
02-13 17:22:14.149   476   488 I adbd    : jdwp connection from 28158
02-13 17:22:14.167 28158 28158 D nativeloader: Load libframework-connectivity-tiramisu-jni.so using APEX ns com_android_tethering for caller /apex/com.android.tethering/javalib/framework-connectivity-t.jar: ok
02-13 17:22:14.288  1138  1138 D SearchTargetUtil: queryLength=0 size=15
02-13 17:22:14.289  1138  1138 D SearchTargetUtil: layoutType=short_icon_row resultType=131072 packageName=com.google.android.googlequicksearchbox extras=Bundle{suggestion_type=33,suggest_truncate_start=false,is_answer=false,is_entity=false,is_personal=false,suggest_raw_text=danny duray semo football,input_query=android.app.search.Query@b93f03d,group_id=web36828517,response_id=b3d3fad8-a405-4936-bfea-be066b2ff65f,support_query_builder=false,} searchAction=danny duray semo football searchActionExtras=Bundle{learn_more_url=https://support.google.com/websearch/answer/106230?hl=106230,suggestion_action_text=Report this,should_start_for_result=true,allow_pinning=true,skip_logging_in_target_handler=true,suggestion_action_rpc=2,}ParentID: null targetID: 95e36359-7a9e-4484-9278-9028bd5319c3
02-13 17:22:14.289  1138  1138 D SearchTargetUtil: layoutType=short_icon_row resultType=131072 packageName=com.google.android.googlequicksearchbox extras=Bundle{suggestion_type=33,suggest_truncate_start=false,is_answer=false,is_entity=false,is_personal=false,suggest_raw_text=cash app payment links,input_query=android.app.search.Query@b93f03d,group_id=web36828517,response_id=b3d3fad8-a405-4936-bfea-be066b2ff65f,support_query_builder=false,} searchAction=cash app payment links searchActionExtras=Bundle{learn_more_url=https://support.google.com/websearch/answer/106230?hl=106230,suggestion_action_text=Report this,should_start_for_result=true,allow_pinning=true,skip_logging_in_target_handler=true,suggestion_action_rpc=2,}ParentID: null targetID: 75eaee5a-fe88-465a-96cc-a4c34e4f6844
02-13 17:22:14.289  1138  1138 D SearchTargetUtil: layoutType=short_icon_row resultType=131072 packageName=com.google.android.googlequicksearchbox extras=Bundle{suggestion_type=33,suggest_truncate_start=false,is_answer=false,is_entity=false,is_personal=false,suggest_raw_text=sba loans green card,input_query=android.app.search.Query@b93f03d,group_id=web36828517,response_id=b3d3fad8-a405-4936-bfea-be066b2ff65f,support_query_builder=false,} searchAction=sba loans green card searchActionExtras=Bundle{learn_more_url=https://support.google.com/websearch/answer/106230?hl=106230,suggestion_action_text=Report this,should_start_for_result=true,allow_pinning=true,skip_logging_in_target_handler=true,suggestion_action_rpc=2,}ParentID: null targetID: b6b74c3e-473a-47f4-a59f-d51f809eaaf8
02-13 17:22:14.289  1138  1138 D SearchTargetUtil: layoutType=short_icon_row resultType=131072 packageName=com.google.android.googlequicksearchbox extras=Bundle{suggestion_type=33,suggest_truncate_start=false,is_answer=false,is_entity=false,is_personal=false,suggest_raw_text=netflix xo kitty season 3,input_query=android.app.search.Query@b93f03d,group_id=web36828517,response_id=b3d3fad8-a405-4936-bfea-be066b2ff65f,support_query_builder=false,} searchAction=netflix xo kitty season 3 searchActionExtras=Bundle{learn_more_url=https://support.google.com/websearch/answer/106230?hl=106230,suggestion_action_text=Report this,should_start_for_result=true,allow_pinning=true,skip_logging_in_target_handler=true,suggestion_action_rpc=2,}ParentID: null targetID: b9aca2db-0c26-433a-b85e-be864941f71f
02-13 17:22:14.289  1138  1138 D SearchTargetUtil: layoutType=short_icon_row resultType=131072 packageName=com.google.android.googlequicksearchbox extras=Bundle{suggestion_type=33,suggest_truncate_start=false,is_answer=false,is_entity=false,is_personal=false,suggest_raw_text=samsung galaxy galaxy s26 ultra,input_query=android.app.search.Query@b93f03d,group_id=web36828517,response_id=b3d3fad8-a405-4936-bfea-be066b2ff65f,support_query_builder=false,} searchAction=samsung galaxy galaxy s26 ultra searchActionExtras=Bundle{learn_more_url=https://support.google.com/websearch/answer/106230?hl=106230,suggestion_action_text=Report this,should_start_for_result=true,allow_pinning=true,skip_logging_in_target_handler=true,suggestion_action_rpc=2,}ParentID: null targetID: 5465cf4d-6472-4b0d-9931-141d61a6a778
02-13 17:22:14.289  1138  1138 D SearchTargetUtil: layoutType=short_icon_row resultType=131072 packageName=com.google.android.googlequicksearchbox extras=Bundle{suggestion_type=33,suggest_truncate_start=false,is_answer=false,is_entity=false,is_personal=false,suggest_raw_text=tennessee football derrick baker,input_query=android.app.search.Query@b93f03d,group_id=web36828517,response_id=b3d3fad8-a405-4936-bfea-be066b2ff65f,support_query_builder=false,} searchAction=tennessee football derrick baker searchActionExtras=Bundle{learn_more_url=https://support.google.com/websearch/answer/106230?hl=106230,suggestion_action_text=Report this,should_start_for_result=true,allow_pinning=true,skip_logging_in_target_handler=true,suggestion_action_rpc=2,}ParentID: null targetID: 98706ab7-7c3b-46ce-863e-2331e4763251
02-13 17:22:14.290  1138  1138 D SearchTargetUtil: layoutType=short_icon_row resultType=131072 packageName=com.google.android.googlequicksearchbox extras=Bundle{suggestion_type=33,suggest_truncate_start=false,is_answer=false,is_entity=false,is_personal=false,suggest_raw_text=lottery powerball winning numbers,input_query=android.app.search.Query@b93f03d,group_id=web36828517,response_id=b3d3fad8-a405-4936-bfea-be066b2ff65f,support_query_builder=false,} searchAction=lottery powerball winning numbers searchActionExtras=Bundle{learn_more_url=https://support.google.com/websearch/answer/106230?hl=106230,suggestion_action_text=Report this,should_start_for_result=true,allow_pinning=true,skip_logging_in_target_handler=true,suggestion_action_rpc=2,}ParentID: null targetID: 850a9172-1e8f-45a1-91aa-8bc2abf74461
02-13 17:22:14.290  1138  1138 D SearchTargetUtil: layoutType=short_icon_row resultType=131072 packageName=com.google.android.googlequicksearchbox extras=Bundle{suggestion_type=33,suggest_truncate_start=false,is_answer=false,is_entity=false,is_personal=false,suggest_raw_text=owen ramsingh deported ice,input_query=android.app.search.Query@b93f03d,group_id=web36828517,response_id=b3d3fad8-a405-4936-bfea-be066b2ff65f,support_query_builder=false,} searchAction=owen ramsingh deported ice searchActionExtras=Bundle{learn_more_url=https://support.google.com/websearch/answer/106230?hl=106230,suggestion_action_text=Report this,should_start_for_result=true,allow_pinning=true,skip_logging_in_target_handler=true,suggestion_action_rpc=2,}ParentID: null targetID: 0593c450-c415-4383-9657-4a3b130c6755
02-13 17:22:14.293  1138  1138 D SearchTargetUtil: layoutType=extra_tall_icon_row resultType=131072 packageName=com.google.android.googlequicksearchbox extras=Bundle{bitmap_url=data:image/jpeg;base64,/9j/4AAQSkZJRgABAQAAAQABAAD/2wCEAAkGBwgHBgkIBwgKCgkLDRYPDQwMDRsUFRAWIB0iIiAdHx8kKDQsJCYxJx8fLT0tMTU3Ojo6Iys/RD84QzQ5OjcBCgoKDQwNGg8PGjclHyU3Nzc3Nzc3Nzc3Nzc3Nzc3Nzc3Nzc3Nzc3Nzc3Nzc3Nzc3Nzc3Nzc3Nzc3Nzc3Nzc3N//AABEIAJAAkAMBIgACEQEDEQH/xAAbAAABBQEBAAAAAAAAAAAAAAAFAgMEBgcBAP/EADkQAAIBAwIDBQUHAwQDAAAAAAECAwAEEQUhEjFBBhNRYXEUIoGRoSMyQlKxwfAzYuEHFRYkctHx/8QAGgEAAgMBAQAAAAAAAAAAAAAAAwQBAgUABv/EACIRAAICAQUAAwEBAAAAAAAAAAABAhEDBBIhMUEiUWETFP/aAAwDAQACEQMRAD8ACGvUrFcxW0LnQTSg1Ir1ScPB6WH86j5r3FXEWSQ/nUe81K0s0LXVwkeOhO5+FV7V+0XdyCGwdGIGXfn8BVcuuOcvNNkktlnbJJzilMupUeIhIwvst83a/TETKd9IeeAmP1xUT/mtmTvbTj5H96qThZHzE6qNuYxvTMkXCThuIA4BFL/6chbYjStO1ez1Ef8AXmUv+QnB+VTjWSKpL5jyMEeoqy6F2pa2QW+ol5Ix92Xmw9fGj49UnxIpLH9F0NIIrkNxDcJxwSJIvihBpRptMFQ2RSSKWa4akgbNJNOUg1xBJxXuGn+Cpmk6a2pXq24YouCWcLnhFVbSVhqIlnpt3fNi0t3k8wNh8eVFR2WniXiv721tR/c2T+w+tTdY1SV5odN0eWRQn2TcIClm5bH/AOVAsdDe61qSxv5WSRU42ZfeJ5dT60PfJq26Oo7/AMcim2stXs5m/KTg/QmqD22un0+eTSxIvfL/AFjG2cZ/D6+NW68tLS17N6jqlzOySWrMiJgYdsDhHxJrNNEsn1C99ouMlWky39x50vqMzitqYTHDcwaiSB1j5v4N0qXLb3DxmOTgynvZyNx61fNO0CD2ousShicmQ7n0FWW37O2nAAw257AfrWW8yHlpm0ZDFbx28BLokjuNjkHH0/ekCB5mAS3xkDlyrYm7GaRLnitsn+3b9KkW3Z2xsyO6hxw8siu/uiVpWYmmm3szlYoG55OwqJdRSwyskylHHMEYzW4z6bAUZ44xufCgOo6ZFNE/eIDtjJG9VWfks9Jx2ZtoepHTb1JGLGM+7IoPTx+FaDDcRzxLLEwZGGQQazzWrEWN2UT7jbjblRXsfelJZLRuTDjXyPWtPS5qe3xmdlg0XHirhO1T00l2bTR36gXw908P3PXxr2oafa2ccvDqcU08bcJhEbAk5wd+W1P7ldC9A+kmj0nZ5e8S3j1CJruSMSJC0ZXiGM7Hl0NBIU7y4SFjwlnCE45ZOK5ST6OaCfDVh0Oab/YNQitXKTxHvFK88Y3/AEPzoO0VTNEuxYagkj/0n9yT0PX4VSauIYW9rFHo9lqtsGaWKbM5JySc/wCB86NTRiPtbZ3CfcuYGGfEgE/pimIIo9M1CfTbkf8AQvR9m2dgT5/T5UUtdPlWCzWcgy2chCOPxJgr+hHypecjqMi/1HnKp/twYgG/klYDy2H603oVqlvbQ8IwCc/Ovf6iuj9ppo85EcpLY8zmnNNk444xn8X0pHVO2N6ZclsskEZB8aMQSpih1jD3/DjlRuCyXGKzqZp2khSSZBxnGKYkkCNnceNEl08p907V5tOCqXYAg1O10RviBJZ1fwzQrUVUQOw2NWK409d3UDw50A1RCsciY6bVWmW3Joz/ALZWaexCYJ7wI3FAOysvsmv2kssIljDlZIyccSkEH9avGsKs9iylcjqPKqfolur63aQvKsfeTgGRh7qjfc0/p30ZmpXyNYuXtVj7PyWMpkhiuimW+8uWBwfOk9o7W+b23h0i2WAMX9qRQHKg5znPz2ocNAuA15A0gW6t0EqxKMiZPzKf8VHsbFrqzvLqWdkhtkBzz42PJedbCSXKZmtss/tttHLpveRxR3M9iogu3Ge7fGMEeG9U6eOaz1ApcgiWOQFvnnNFJdJ0y2gtZL3UpY2uIVlCrBxYB8803ZaXYy6W99d3csSCfuvcj4umQamG2Ks52wuU8qbaOpZWkFakMTtPuIL60Gmai3Dj+hMfwnw/npSXutS0XUEN88ksSrwbnIZPEef1ocyeVELfVits1pqEQurYjA4vvL6UNx+jjINfvFvu02ozK/Eskw4D5YopaXCWKw94rNhcBF5segodqumPaancXECMbWSYhOIbjO4o/YWfFP7SVDcC4APiaysrXY5ii7oJWGq6nJF9jZsDvhUxhfDO4zU/TLnXhc5uoJIwDkNzH0NQYxqMzyqD3EabRhFBZj552A+Bopp9pfQfaXTO0/ukAFFBHXJGMdPH96B4M7XdMuWm3xnjxxZZVyaFate3vA6WrFyTkAbH/G+KH2F80eo3Aj3GOWa9HNJcR3CxjL42BOOtD3MJs4AsV72iQs0hRgTjeZdvr/PKok11rKOzywrPCw95Qd19D1olPpt9LNx2VxcpBgcWWweW+w28edNWltfW80qMwkiY+4DgN8cbfEY9KvJ8clIx59AYmFxbsuCuxBDDcVWrVHbXrSJCpaS4WMDOxJOB+tXfUrJYwZUGMjcVWNJ0x9R1cxqcGGTiYjoOg9SR9KLhkk7A54OVIvGrah7Bf6aLWVZZrCFY5HU7Meq59P1rnaK5s4rKC100/ZXLm6fyzsF+G+3lQq+sJLExiRsh14hUXFbWLbOMZoy8kZQk4suMb3smj6YdP9iOIeGT2jhyMHAxn41A0y6XTtGv0nS3meG7UmJ8MG3AOPlzquFfKuFat/JdFNxeSKQRSzSDyqqGBtl2pt1yGp41A1a+j0+2aaUgL4mpIGO0kUU2kQFCEkRIWIH4stn51G0qJmU8IpdxcxXnY0XMWTJ3ik4/ICB8qc0R1MSLgcRFYM1Sa/TWhTnf4WG2hhCKX4c+lKv2iWBmKgKOp60qBCeEHxpvtAvd2whiVTLKD7x5IvWgpMYkkgPo4ZhcThcB2PD5inrB0eXDDDZ3zRXRzYPpTYOGXIHDuCRQyIIXN7ZukqoftIwwO3UHHWpaKproscZtjDh4l4hybHOoN2kfFlAoHlRBrZRCssJPdsucHmKhXCDGcY28Kh36Wil4VnVVIjkJNNdhLSb2m7uoY+JA/UZGSv8A6J+VPa7KEs5T1IwKe7D3Bs9OlkQM5d5ONQeeAMfvV48RAzXzRG7SkrNDC4w0akEfHH7UGolr8xudTkk28NqHYrf0irDEx9U7zSEmvGukV7FMC5dCd65TZfevBqDQyKNVb/URC/Z+QgfdZSfnVnJoN2tjE2g3i8/syRVZq4s5dgLsDKmo6MdOkALIzpz3wdx+pFT9FkaGaMOMEbEHoazTTNTvNKuPaLCcxSeOAQfgaveiXDz2ltcStxSOvE58TzJ+eaxskas0MU7r7NDe/trGFZJ2w2M0A1DtPZyuGjw7hhwk9P5iuXtlNqEimFwuUxg+HT40MtrSygmKzWZ7xNveyOmPjQYpejDnKTpEu21GSWWd7uMMRGX3JUPjkD4/znU86yCIWvECrIgIVB89/jTK21nJKJzBIRw4AycEZ5GlX9tp8oTvEkVkGAV548PSp4ZP88i5LLY6rBKhj7wY6ZNdu2UxEqRuOlUS2iZbxfZXlkIyPD+HOaN2t1NHYyJPxZDAAn0qrjXR0cn2B9WczuYzyU5Nc0XW9Ls9Mlt5Lru71WyIj+MNyxXrocMUrHmwzVDtFN32mJG4ST6Dai4Yb3tAZsjh8kXdiXPEeZ3rhFKxXDXokklSMZu3YgiuGlEUk1JBZ+KlA7VGD704r5oQwOE0xexC
02-13 17:22:14.294  1138  1138 D SearchTargetUtil: layoutType=short_icon_row resultType=131072 packageName=com.google.android.googlequicksearchbox extras=Bundle{suggestion_type=33,suggest_truncate_start=false,is_answer=false,is_entity=false,is_personal=false,suggest_raw_text=cdc travel advisory,input_query=android.app.search.Query@b93f03d,group_id=web36828517,response_id=b3d3fad8-a405-4936-bfea-be066b2ff65f,support_query_builder=false,} searchAction=cdc travel advisory searchActionExtras=Bundle{learn_more_url=https://support.google.com/websearch/answer/106230?hl=106230,suggestion_action_text=Report this,should_start_for_result=true,allow_pinning=true,skip_logging_in_target_handler=true,suggestion_action_rpc=2,}ParentID: null targetID: d8b81d8a-bc94-425a-82f7-7d85fa6d3006
02-13 17:22:14.294  1138  1138 D SearchTargetUtil: layoutType=short_icon_row resultType=131072 packageName=com.google.android.googlequicksearchbox extras=Bundle{suggestion_type=33,suggest_truncate_start=false,is_answer=false,is_entity=false,is_personal=false,suggest_raw_text=playstation games,input_query=android.app.search.Query@b93f03d,group_id=web36828517,response_id=b3d3fad8-a405-4936-bfea-be066b2ff65f,support_query_builder=false,} searchAction=playstation games searchActionExtras=Bundle{learn_more_url=https://support.google.com/websearch/answer/106230?hl=106230,suggestion_action_text=Report this,should_start_for_result=true,allow_pinning=true,skip_logging_in_target_handler=true,suggestion_action_rpc=2,}ParentID: null targetID: 559c3f76-6bea-40a8-bf64-9af35ca4d560
02-13 17:22:14.295  1138  1138 D SearchTargetUtil: layoutType=short_icon_row resultType=131072 packageName=com.google.android.googlequicksearchbox extras=Bundle{suggestion_type=33,suggest_truncate_start=false,is_answer=false,is_entity=false,is_personal=false,suggest_raw_text=tottenham hotspur thomas frank,input_query=android.app.search.Query@b93f03d,group_id=web36828517,response_id=b3d3fad8-a405-4936-bfea-be066b2ff65f,support_query_builder=false,} searchAction=tottenham hotspur thomas frank searchActionExtras=Bundle{learn_more_url=https://support.google.com/websearch/answer/106230?hl=106230,suggestion_action_text=Report this,should_start_for_result=true,allow_pinning=true,skip_logging_in_target_handler=true,suggestion_action_rpc=2,}ParentID: null targetID: 5ae70de2-cde6-4aa3-8ab9-eca83e2a974b
02-13 17:22:14.295  1138  1138 D SearchTargetUtil: layoutType=short_icon_row resultType=131072 packageName=com.google.android.googlequicksearchbox extras=Bundle{suggestion_type=33,suggest_truncate_start=false,is_answer=false,is_entity=false,is_personal=false,suggest_raw_text=heavy snow forecast,input_query=android.app.search.Query@b93f03d,group_id=web36828517,response_id=b3d3fad8-a405-4936-bfea-be066b2ff65f,support_query_builder=false,} searchAction=heavy snow forecast searchActionExtras=Bundle{learn_more_url=https://support.google.com/websearch/answer/106230?hl=106230,suggestion_action_text=Report this,should_start_for_result=true,allow_pinning=true,skip_logging_in_target_handler=true,suggestion_action_rpc=2,}ParentID: null targetID: b4597c72-c132-40f1-af09-4f721c4c7621
02-13 17:22:14.296  1138  1138 D SearchTargetUtil: layoutType=short_icon_row resultType=131072 packageName=com.google.android.googlequicksearchbox extras=Bundle{suggestion_type=33,suggest_truncate_start=false,is_answer=false,is_entity=false,is_personal=false,suggest_raw_text=antarctica granite deposit discovery,input_query=android.app.search.Query@b93f03d,group_id=web36828517,response_id=b3d3fad8-a405-4936-bfea-be066b2ff65f,support_query_builder=false,} searchAction=antarctica granite deposit discovery searchActionExtras=Bundle{learn_more_url=https://support.google.com/websearch/answer/106230?hl=106230,suggestion_action_text=Report this,should_start_for_result=true,allow_pinning=true,skip_logging_in_target_handler=true,suggestion_action_rpc=2,}ParentID: null targetID: 9fab3626-7ab0-4cb3-bbb0-1a2f68e9eada
02-13 17:22:14.296  1138  1138 D SearchTargetUtil: layoutType=short_icon_row resultType=131072 packageName=com.google.android.googlequicksearchbox extras=Bundle{suggestion_type=33,suggest_truncate_start=false,is_answer=false,is_entity=false,is_personal=false,suggest_raw_text=wasp 2026 north america tour,input_query=android.app.search.Query@b93f03d,group_id=web36828517,response_id=b3d3fad8-a405-4936-bfea-be066b2ff65f,support_query_builder=false,} searchAction=wasp 2026 north america tour searchActionExtras=Bundle{learn_more_url=https://support.google.com/websearch/answer/106230?hl=106230,suggestion_action_text=Report this,should_start_for_result=true,allow_pinning=true,skip_logging_in_target_handler=true,suggestion_action_rpc=2,}ParentID: null targetID: ebbbca69-70cb-40a9-af50-9ef674f6f5f6
02-13 17:22:14.407 28158 28158 W ziparchive: Unable to open '/data/app/~~OQoeZfSFZZsYOsGeyuuNCw==/com.taskmanagercrud-p2ovw9dQB7wXsvPk580TYw==/base.dm': No such file or directory
02-13 17:22:14.410 28158 28158 W ziparchive: Unable to open '/data/app/~~OQoeZfSFZZsYOsGeyuuNCw==/com.taskmanagercrud-p2ovw9dQB7wXsvPk580TYw==/base.dm': No such file or directory
02-13 17:22:14.460 26147 26151 W earchbox:search: Missing inline cache for java.lang.Object com.google.android.libraries.search.ab.b.e.f.a.b(com.google.android.libraries.search.ab.b.t, com.google.android.libraries.search.ab.b.z, n.c.g)
02-13 17:22:14.795 28158 28158 D nativeloader: Configuring clns-7 for other apk /data/app/~~OQoeZfSFZZsYOsGeyuuNCw==/com.taskmanagercrud-p2ovw9dQB7wXsvPk580TYw==/base.apk. target_sdk_version=36, uses_libraries=, library_path=/data/app/~~OQoeZfSFZZsYOsGeyuuNCw==/com.taskmanagercrud-p2ovw9dQB7wXsvPk580TYw==/lib/x86_64:/data/app/~~OQoeZfSFZZsYOsGeyuuNCw==/com.taskmanagercrud-p2ovw9dQB7wXsvPk580TYw==/base.apk!/lib/x86_64, permitted_path=/data:/mnt/expand:/data/user/0/com.taskmanagercrud
02-13 17:22:14.832 28158 28158 V GraphicsEnvironment: Currently set values for:
02-13 17:22:14.833 28158 28158 V GraphicsEnvironment:   angle_gl_driver_selection_pkgs=[]
02-13 17:22:14.833 28158 28158 V GraphicsEnvironment:   angle_gl_driver_selection_values=[]
02-13 17:22:14.833 28158 28158 V GraphicsEnvironment: Global.Settings values are invalid: number of packages: 0, number of values: 0
02-13 17:22:14.833 28158 28158 V GraphicsEnvironment: Neither updatable production driver nor prerelease driver is supported.
02-13 17:22:14.883 28158 28158 W SoLoader: Initializing SoLoader: 0
02-13 17:22:14.889 28158 28158 W SoLoader: Recording new base apk path: /data/app/~~OQoeZfSFZZsYOsGeyuuNCw==/com.taskmanagercrud-p2ovw9dQB7wXsvPk580TYw==/base.apk
02-13 17:22:14.889 28158 28158 W SoLoader: Previously recorded 0 base apk paths.
02-13 17:22:14.893 28158 28158 I SoLoader: Preparing SO source: DirectorySoSource[root = /vendor/lib64 flags = 2]
02-13 17:22:14.893 28158 28158 I SoLoader: Preparing SO source: DirectorySoSource[root = /system/lib64 flags = 2]
02-13 17:22:14.893 28158 28158 I SoLoader: Preparing SO source: DirectApkSoSource[root = [/data/app/~~OQoeZfSFZZsYOsGeyuuNCw==/com.taskmanagercrud-p2ovw9dQB7wXsvPk580TYw==/base.apk!/lib/x86_64]]
02-13 17:22:14.985 28158 28158 I SoLoader: Preparing SO source: ApplicationSoSource[DirectorySoSource[root = /data/app/~~OQoeZfSFZZsYOsGeyuuNCw==/com.taskmanagercrud-p2ovw9dQB7wXsvPk580TYw==/lib/x86_64 flags = 0]]
02-13 17:22:14.986 28158 28158 I SoLoader: init finish: 4 SO sources prepared
02-13 17:22:14.986 28158 28158 W SoLoader: SoLoader initialized: 8
02-13 17:22:15.131 28158 28158 D nativeloader: Load /data/app/~~OQoeZfSFZZsYOsGeyuuNCw==/com.taskmanagercrud-p2ovw9dQB7wXsvPk580TYw==/base.apk!/lib/x86_64/libc++_shared.so using ns clns-7 from class loader (caller=/data/app/~~OQoeZfSFZZsYOsGeyuuNCw==/com.taskmanagercrud-p2ovw9dQB7wXsvPk580TYw==/base.apk): ok
02-13 17:22:15.216 28158 28158 D nativeloader: Load /data/app/~~OQoeZfSFZZsYOsGeyuuNCw==/com.taskmanagercrud-p2ovw9dQB7wXsvPk580TYw==/base.apk!/lib/x86_64/libjsi.so using ns clns-7 from class loader (caller=/data/app/~~OQoeZfSFZZsYOsGeyuuNCw==/com.taskmanagercrud-p2ovw9dQB7wXsvPk580TYw==/base.apk): ok
02-13 17:22:15.246 28158 28158 D nativeloader: Load /data/app/~~OQoeZfSFZZsYOsGeyuuNCw==/com.taskmanagercrud-p2ovw9dQB7wXsvPk580TYw==/base.apk!/lib/x86_64/libfbjni.so using ns clns-7 from class loader (caller=/data/app/~~OQoeZfSFZZsYOsGeyuuNCw==/com.taskmanagercrud-p2ovw9dQB7wXsvPk580TYw==/base.apk): ok
02-13 17:22:15.270 28158 28158 D nativeloader: Load /data/app/~~OQoeZfSFZZsYOsGeyuuNCw==/com.taskmanagercrud-p2ovw9dQB7wXsvPk580TYw==/base.apk!/lib/x86_64/libreactnative.so using ns clns-7 from class loader (caller=/data/app/~~OQoeZfSFZZsYOsGeyuuNCw==/com.taskmanagercrud-p2ovw9dQB7wXsvPk580TYw==/base.apk): ok
02-13 17:22:15.270 28158 28158 D jni_lib_merge: Entering merged library JNI_OnLoad.
02-13 17:22:15.270 28158 28158 D jni_lib_merge: Preparing 12 pre-merged libs (including stub)
02-13 17:22:15.271 28158 28158 D jni_lib_merge: Preparing to register libfabricjni_so.  onload_func: 0x72b41eb95730
02-13 17:22:15.271 28158 28158 D jni_lib_merge: Preparing to register libreact_devsupportjni_so.  onload_func: 0x72b41ed92190
02-13 17:22:15.271 28158 28158 D jni_lib_merge: Preparing to register libreact_featureflagsjni_so.  onload_func: 0x72b41eda3910
02-13 17:22:15.271 28158 28158 D jni_lib_merge: Preparing to register libreact_newarchdefaults_so.  onload_func: 0x72b41ee44d20
02-13 17:22:15.271 28158 28158 D jni_lib_merge: Preparing to register libreactnativeblob_so.  onload_func: 0x72b41f04f2e0
02-13 17:22:15.271 28158 28158 D jni_lib_merge: Preparing to register libreactnativejni_so.  onload_func: 0x72b41f08f770
02-13 17:22:15.271 28158 28158 D jni_lib_merge: Preparing to register libreactnativejni_common_so.  onload_func: 0x72b41f09f5d0
02-13 17:22:15.271 28158 28158 D jni_lib_merge: Preparing to register librninstance_so.  onload_func: 0x72b41f0dc4c0
02-13 17:22:15.271 28158 28158 D jni_lib_merge: Preparing to register libturbomodulejsijni_so.  onload_func: 0x72b41f23dc00
02-13 17:22:15.271 28158 28158 D jni_lib_merge: Preparing to register libuimanagerjni_so.  onload_func: 0x72b41f255de0
02-13 17:22:15.271 28158 28158 D jni_lib_merge: Preparing to register libyoga_so.  onload_func: 0x72b41f264d70
02-13 17:22:15.271 28158 28158 D jni_lib_merge: About to register 11 actual methods.
02-13 17:22:15.289 28158 28158 D nativeloader: Load /data/app/~~OQoeZfSFZZsYOsGeyuuNCw==/com.taskmanagercrud-p2ovw9dQB7wXsvPk580TYw==/base.apk!/lib/x86_64/libreact_codegen_rnscreens.so using ns clns-7 from class loader (caller=/data/app/~~OQoeZfSFZZsYOsGeyuuNCw==/com.taskmanagercrud-p2ovw9dQB7wXsvPk580TYw==/base.apk): ok
02-13 17:22:15.289 28158 28158 D jni_lib_merge: Entering merged library JNI_OnLoad.
02-13 17:22:15.289 28158 28158 D jni_lib_merge: Preparing 12 pre-merged libs (including stub)
02-13 17:22:15.289 28158 28158 D jni_lib_merge: Preparing to register libfabricjni_so.  onload_func: 0x72b41eb95730
02-13 17:22:15.289 28158 28158 D jni_lib_merge: Preparing to register libreact_devsupportjni_so.  onload_func: 0x72b41ed92190
02-13 17:22:15.289 28158 28158 D jni_lib_merge: Preparing to register libreact_featureflagsjni_so.  onload_func: 0x72b41eda3910
02-13 17:22:15.289 28158 28158 D jni_lib_merge: Preparing to register libreact_newarchdefaults_so.  onload_func: 0x72b41ee44d20
02-13 17:22:15.289 28158 28158 D jni_lib_merge: Preparing to register libreactnativeblob_so.  onload_func: 0x72b41f04f2e0
02-13 17:22:15.289 28158 28158 D jni_lib_merge: Preparing to register libreactnativejni_so.  onload_func: 0x72b41f08f770
02-13 17:22:15.289 28158 28158 D jni_lib_merge: Preparing to register libreactnativejni_common_so.  onload_func: 0x72b41f09f5d0
02-13 17:22:15.289 28158 28158 D jni_lib_merge: Preparing to register librninstance_so.  onload_func: 0x72b41f0dc4c0
02-13 17:22:15.289 28158 28158 D jni_lib_merge: Preparing to register libturbomodulejsijni_so.  onload_func: 0x72b41f23dc00
02-13 17:22:15.289 28158 28158 D jni_lib_merge: Preparing to register libuimanagerjni_so.  onload_func: 0x72b41f255de0
02-13 17:22:15.289 28158 28158 D jni_lib_merge: Preparing to register libyoga_so.  onload_func: 0x72b41f264d70
02-13 17:22:15.289 28158 28158 D jni_lib_merge: About to register 11 actual methods.
02-13 17:22:15.298 28158 28158 D nativeloader: Load /data/app/~~OQoeZfSFZZsYOsGeyuuNCw==/com.taskmanagercrud-p2ovw9dQB7wXsvPk580TYw==/base.apk!/lib/x86_64/libreact_codegen_rnsvg.so using ns clns-7 from class loader (caller=/data/app/~~OQoeZfSFZZsYOsGeyuuNCw==/com.taskmanagercrud-p2ovw9dQB7wXsvPk580TYw==/base.apk): ok
02-13 17:22:15.298 28158 28158 D jni_lib_merge: Entering merged library JNI_OnLoad.
02-13 17:22:15.298 28158 28158 D jni_lib_merge: Preparing 12 pre-merged libs (including stub)
02-13 17:22:15.298 28158 28158 D jni_lib_merge: Preparing to register libfabricjni_so.  onload_func: 0x72b41eb95730
02-13 17:22:15.298 28158 28158 D jni_lib_merge: Preparing to register libreact_devsupportjni_so.  onload_func: 0x72b41ed92190
02-13 17:22:15.298 28158 28158 D jni_lib_merge: Preparing to register libreact_featureflagsjni_so.  onload_func: 0x72b41eda3910
02-13 17:22:15.298 28158 28158 D jni_lib_merge: Preparing to register libreact_newarchdefaults_so.  onload_func: 0x72b41ee44d20
02-13 17:22:15.298 28158 28158 D jni_lib_merge: Preparing to register libreactnativeblob_so.  onload_func: 0x72b41f04f2e0
02-13 17:22:15.298 28158 28158 D jni_lib_merge: Preparing to register libreactnativejni_so.  onload_func: 0x72b41f08f770
02-13 17:22:15.298 28158 28158 D jni_lib_merge: Preparing to register libreactnativejni_common_so.  onload_func: 0x72b41f09f5d0
02-13 17:22:15.298 28158 28158 D jni_lib_merge: Preparing to register librninstance_so.  onload_func: 0x72b41f0dc4c0
02-13 17:22:15.298 28158 28158 D jni_lib_merge: Preparing to register libturbomodulejsijni_so.  onload_func: 0x72b41f23dc00
02-13 17:22:15.298 28158 28158 D jni_lib_merge: Preparing to register libuimanagerjni_so.  onload_func: 0x72b41f255de0
02-13 17:22:15.298 28158 28158 D jni_lib_merge: Preparing to register libyoga_so.  onload_func: 0x72b41f264d70
02-13 17:22:15.298 28158 28158 D jni_lib_merge: About to register 11 actual methods.
02-13 17:22:15.307 28158 28158 D nativeloader: Load /data/app/~~OQoeZfSFZZsYOsGeyuuNCw==/com.taskmanagercrud-p2ovw9dQB7wXsvPk580TYw==/base.apk!/lib/x86_64/libreact_codegen_safeareacontext.so using ns clns-7 from class loader (caller=/data/app/~~OQoeZfSFZZsYOsGeyuuNCw==/com.taskmanagercrud-p2ovw9dQB7wXsvPk580TYw==/base.apk): ok
02-13 17:22:15.318 28158 28158 D nativeloader: Load /data/app/~~OQoeZfSFZZsYOsGeyuuNCw==/com.taskmanagercrud-p2ovw9dQB7wXsvPk580TYw==/base.apk!/lib/x86_64/libreact_codegen_rnpicker.so using ns clns-7 from class loader (caller=/data/app/~~OQoeZfSFZZsYOsGeyuuNCw==/com.taskmanagercrud-p2ovw9dQB7wXsvPk580TYw==/base.apk): ok
02-13 17:22:15.319 28158 28158 D jni_lib_merge: Entering merged library JNI_OnLoad.
02-13 17:22:15.319 28158 28158 D jni_lib_merge: Preparing 12 pre-merged libs (including stub)
02-13 17:22:15.319 28158 28158 D jni_lib_merge: Preparing to register libfabricjni_so.  onload_func: 0x72b41eb95730
02-13 17:22:15.319 28158 28158 D jni_lib_merge: Preparing to register libreact_devsupportjni_so.  onload_func: 0x72b41ed92190
02-13 17:22:15.319 28158 28158 D jni_lib_merge: Preparing to register libreact_featureflagsjni_so.  onload_func: 0x72b41eda3910
02-13 17:22:15.319 28158 28158 D jni_lib_merge: Preparing to register libreact_newarchdefaults_so.  onload_func: 0x72b41ee44d20
02-13 17:22:15.319 28158 28158 D jni_lib_merge: Preparing to register libreactnativeblob_so.  onload_func: 0x72b41f04f2e0
02-13 17:22:15.319 28158 28158 D jni_lib_merge: Preparing to register libreactnativejni_so.  onload_func: 0x72b41f08f770
02-13 17:22:15.319 28158 28158 D jni_lib_merge: Preparing to register libreactnativejni_common_so.  onload_func: 0x72b41f09f5d0
02-13 17:22:15.319 28158 28158 D jni_lib_merge: Preparing to register librninstance_so.  onload_func: 0x72b41f0dc4c0
02-13 17:22:15.319 28158 28158 D jni_lib_merge: Preparing to register libturbomodulejsijni_so.  onload_func: 0x72b41f23dc00
02-13 17:22:15.319 28158 28158 D jni_lib_merge: Preparing to register libuimanagerjni_so.  onload_func: 0x72b41f255de0
02-13 17:22:15.319 28158 28158 D jni_lib_merge: Preparing to register libyoga_so.  onload_func: 0x72b41f264d70
02-13 17:22:15.319 28158 28158 D jni_lib_merge: About to register 11 actual methods.
02-13 17:22:15.325 28158 28158 D nativeloader: Load /data/app/~~OQoeZfSFZZsYOsGeyuuNCw==/com.taskmanagercrud-p2ovw9dQB7wXsvPk580TYw==/base.apk!/lib/x86_64/libappmodules.so using ns clns-7 from class loader (caller=/data/app/~~OQoeZfSFZZsYOsGeyuuNCw==/com.taskmanagercrud-p2ovw9dQB7wXsvPk580TYw==/base.apk): ok
02-13 17:22:15.329   611  1518 W OptProp : Cannot read opt property android.window.PROPERTY_COMPAT_ENABLE_FAKE_FOCUS
02-13 17:22:15.343   611   632 V WindowManager: Sent Transition (#69) createdAt=02-13 17:22:13.761 via request=TransitionRequestInfo { type = CLOSE, triggerTask = TaskInfo{userId=0 taskId=38 displayId=0 isRunning=false baseIntent=Intent { flg=0x10000000 cmp=com.taskmanagercrud/.MainActivity } baseActivity=null topActivity=null origActivity=null realActivity=ComponentInfo{com.taskmanagercrud/com.taskmanagercrud.MainActivity} numActivities=0 lastActiveTime=36692688 supportsMultiWindow=true resizeMode=1 isResizeable=true minWidth=-1 minHeight=-1 defaultMinSize=220 token=WCT{RemoteToken{6451dab Task{d057c5a #38 type=standard A=10209:com.taskmanagercrud}}} topActivityType=1 pictureInPictureParams=null shouldDockBigOverlays=false launchIntoPipHostTaskId=-1 lastParentTaskIdBeforePip=-1 displayCutoutSafeInsets=null topActivityInfo=null launchCookies=[] positionInParent=Point(0, 0) parentTaskId=-1 isFocused=true isVisible=true isVisibleRequested=true isSleeping=false locusId=null displayAreaFeatureId=1 isTopActivityTransparent=false appCompatTaskInfo=AppCompatTaskInfo { topActivityInSizeCompat=false topActivityEligibleForLetterboxEducation= falseisLetterboxEducationEnabled= false isLetterboxDoubleTapEnabled= false topActivityEligibleForUserAspectRatioButton= false topActivityBoundsLetterboxed= false isFromLetterboxDoubleTap= false topActivityLetterboxVerticalPosition= -1 topActivityLetterboxHorizontalPosition= -1 topActivityLetterboxWidth=-1 topActivityLetterboxHeight=-1 isUserFullscreenOverrideEnabled=false isSystemFullscreenOverrideEnabled=false cameraCompatTaskInfo=CameraCompatTaskInfo { cameraCompatControlState=hidden freeformCameraCompatMode=inactive}}}, pipTask = null, remoteTransition = null, displayChange = null, flags = 0, debugId = 69 }
02-13 17:22:15.344   611   632 V WindowManager:     startWCT=WindowContainerTransaction { changes = {} hops = [] errorCallbackToken=null taskFragmentOrganizer=null }
02-13 17:22:15.344   611   632 V WindowManager:     info={id=69 t=CLOSE f=0x0 trk=0 r=[0@Point(0, 0)] c=[
02-13 17:22:15.344   611   632 V WindowManager:         {WCT{RemoteToken{49f21b6 Task{797842e #39 type=standard A=10209:com.taskmanagercrud}}} m=OPEN f=MOVE_TO_TOP leash=Surface(name=Task=39)/@0x67c1a78 sb=Rect(0, 0 - 1344, 2992) eb=Rect(0, 0 - 1344, 2992) d=0 taskParent=-1},
02-13 17:22:15.344   611   632 V WindowManager:         {WCT{RemoteToken{6451dab Task{d057c5a #38 type=standard A=10209:com.taskmanagercrud}}} m=CLOSE f=NONE leash=Surface(name=Task=38)/@0x1a44a1c sb=Rect(0, 0 - 1344, 2992) eb=Rect(0, 0 - 1344, 2992) d=0 taskParent=-1},
02-13 17:22:15.344   611   632 V WindowManager:         {null m=TO_FRONT f=IS_WALLPAPER leash=Surface(name=WallpaperWindowToken{4115c41 token=android.os.Binder@ff9b728})/@0x3837dd5 sb=Rect(0, 0 - 1344, 2992) eb=Rect(0, 0 - 1344, 2992) d=0}
02-13 17:22:15.344   611   632 V WindowManager:     ]}
02-13 17:22:15.347   845  2800 V WindowManagerShell: onTransitionReady(transaction=2624225031586)
02-13 17:22:15.349   611  1518 W UserManagerService: Requested status bar icon for non-badged user 0
02-13 17:22:15.353   845   960 V WindowManagerShell: onTransitionReady (#69) android.os.BinderProxy@84a26d5: {id=69 t=CLOSE f=0x0 trk=0 r=[0@Point(0, 0)] c=[{WCT{android.window.IWindowContainerToken$Stub$Proxy@80e5ef2} m=OPEN f=MOVE_TO_TOP leash=Surface(name=Task=39)/@0xdcc8266 sb=Rect(0, 0 - 1344, 2992) eb=Rect(0, 0 - 1344, 2992) d=0 taskParent=-1},{WCT{android.window.IWindowContainerToken$Stub$Proxy@385943} m=CLOSE f=NONE leash=Surface(name=Task=38)/@0xb2c9a7 sb=Rect(0, 0 - 1344, 2992) eb=Rect(0, 0 - 1344, 2992) d=0 taskParent=-1},{null m=TO_FRONT f=IS_WALLPAPER leash=Surface(name=WallpaperWindowToken{4115c41 token=android.os.Binder@ff9b728})/@0x3baee54 sb=Rect(0, 0 - 1344, 2992) eb=Rect(0, 0 - 1344, 2992) d=0}]}
02-13 17:22:15.357   845   960 V WindowManagerShell: Playing animation for (#69) android.os.BinderProxy@84a26d5@0
02-13 17:22:15.357   845   960 V WindowManagerShell:  try handler com.android.wm.shell.transition.DefaultMixedHandler@cfcee9a
02-13 17:22:15.357   845   960 V WindowManagerShell:  try handler com.android.wm.shell.keyguard.KeyguardTransitionHandler@d80b3cb
02-13 17:22:15.357   845   960 V WindowManagerShell:  try handler com.android.wm.shell.pip.PipTransition@9697a8
02-13 17:22:15.357   845   960 V WindowManagerShell:  try handler com.android.wm.shell.activityembedding.ActivityEmbeddingController@643f2c1
02-13 17:22:15.357   845   960 V WindowManagerShell:  try handler com.android.wm.shell.recents.RecentsTransitionHandler@12b5a66
02-13 17:22:15.357   845   960 V ShellRecents: RecentsTransitionHandler.startAnimation: no controller found
02-13 17:22:15.357   845   960 V WindowManagerShell:  try handler com.android.wm.shell.splitscreen.StageCoordinator@5e4c1a7
02-13 17:22:15.357   845   960 V WindowManagerShell:  try handler com.android.wm.shell.transition.RemoteTransitionHandler@3918654
02-13 17:22:15.359   845   960 V WindowManagerShell: Transition doesn't have explicit remote, search filters for match for {id=69 t=CLOSE f=0x0 trk=0 r=[0@Point(0, 0)] c=[{WCT{android.window.IWindowContainerToken$Stub$Proxy@80e5ef2} m=OPEN f=MOVE_TO_TOP leash=Surface(name=Task=39)/@0xdcc8266 sb=Rect(0, 0 - 1344, 2992) eb=Rect(0, 0 - 1344, 2992) d=0 taskParent=-1},{WCT{android.window.IWindowContainerToken$Stub$Proxy@385943} m=CLOSE f=NONE leash=Surface(name=Task=38)/@0xb2c9a7 sb=Rect(0, 0 - 1344, 2992) eb=Rect(0, 0 - 1344, 2992) d=0 taskParent=-1},{null m=TO_FRONT f=IS_WALLPAPER leash=Surface(name=WallpaperWindowToken{4115c41 token=android.os.Binder@ff9b728})/@0x3baee54 sb=Rect(0, 0 - 1344, 2992) eb=Rect(0, 0 - 1344, 2992) d=0}]}
02-13 17:22:15.359   845   960 V WindowManagerShell:  Checking filter Pair{{types=[] flags=0x0] notFlags=0x0 checks=[{atype=undefined independent=true modes=[OPEN,TO_FRONT] flags=IN_TASK_WITH_EMBEDDED_ACTIVITY mustBeTask=false order=ANY topActivity=ComponentInfo{com.google.android.apps.nexuslauncher/com.google.android.apps.nexuslauncher.NexusLauncherActivity} launchCookie=null},{atype=undefined independent=true modes=[CLOSE,TO_BACK] flags=IN_TASK_WITH_EMBEDDED_ACTIVITY mustBeTask=false order=ANY topActivity=null launchCookie=null}]} RemoteTransition { remoteTransition = android.window.IRemoteTransition$Stub$Proxy@a68a7b9, appThread = android.app.IApplicationThread$Stub$Proxy@3bff7fe, debugName = OverlaySwipeBack }}
02-13 17:22:15.359   845   960 V WindowManagerShell:  Checking filter Pair{{types=[] flags=0x0] notFlags=0x0 checks=[{atype=dream independent=true modes=[OPEN,TO_FRONT] flags=NONE mustBeTask=false order=ANY topActivity=null launchCookie=null},{atype=home independent=true modes=[CLOSE,TO_BACK] flags=NONE mustBeTask=false order=ANY topActivity=null launchCookie=null}]} RemoteTransition { remoteTransition = android.window.IRemoteTransition$Stub$Proxy@137f996, appThread = android.app.IApplicationThread$Stub$Proxy@2e52917, debugName = LauncherToDream }}
02-13 17:22:15.359   845   960 V WindowManagerShell:  Checking filter Pair{{types=[] flags=0x0] notFlags=0x100 checks=[{atype=home independent=true modes=[OPEN,TO_FRONT] flags=NONE mustBeTask=false order=TOP topActivity=ComponentInfo{com.google.android.apps.nexuslauncher/com.google.android.apps.nexuslauncher.NexusLauncherActivity} launchCookie=null},{atype=standard independent=true modes=[CLOSE,TO_BACK] flags=NONE mustBeTask=false order=ANY topActivity=null launchCookie=null}]} RemoteTransition { remoteTransition = android.window.IRemoteTransition$Stub$Proxy@ce1b104, appThread = android.app.IApplicationThread$Stub$Proxy@d1fc6ed, debugName = QuickstepLaunchHome }}
02-13 17:22:15.359   845   960 V WindowManagerShell:  Delegate animation for (#69) to null
02-13 17:22:15.359   845   960 V WindowManagerShell:  try handler com.android.wm.shell.transition.DefaultTransitionHandler@a763e9f
