02-13 17:22:15.359   845   960 V WindowManagerShell: start default transition animation, info = {id=69 t=CLOSE f=0x0 trk=0 r=[0@Point(0, 0)] c=[{WCT{android.window.IWindowContainerToken$Stub$Proxy@80e5ef2} m=OPEN f=MOVE_TO_TOP leash=Surface(name=Task=39)/@0xdcc8266 sb=Rect(0, 0 - 1344, 2992) eb=Rect(0, 0 - 1344, 2992) d=0 taskParent=-1},{WCT{android.window.IWindowContainerToken$Stub$Proxy@385943} m=CLOSE f=NONE leash=Surface(name=Task=38)/@0xb2c9a7 sb=Rect(0, 0 - 1344, 2992) eb=Rect(0, 0 - 1344, 2992) d=0 taskParent=-1},{null m=TO_FRONT f=IS_WALLPAPER leash=Surface(name=WallpaperWindowToken{4115c41 token=android.os.Binder@ff9b728})/@0x3baee54 sb=Rect(0, 0 - 1344, 2992) eb=Rect(0, 0 - 1344, 2992) d=0}]}
02-13 17:22:15.364   845   960 V WindowManagerShell: loadAnimation: anim=android.view.animation.AnimationSet@29bc0 animAttr=0xb type=CLOSE isEntrance=false
02-13 17:22:15.364   845   960 V WindowManagerShell: loadAnimation: anim=android.view.animation.AnimationSet@31100f9 animAttr=0xa type=CLOSE isEntrance=true
02-13 17:22:15.377   845   960 V WindowManagerShell:  animated by com.android.wm.shell.transition.DefaultTransitionHandler@a763e9f
02-13 17:22:15.406 28158 28158 W taskmanagercrud: Verification of void androidx.appcompat.app.AppCompatActivity.setSupportActionBar(androidx.appcompat.widget.Toolbar) took 18446744073.709s (0.00 bytecodes/s) (2208B approximate peak alloc)
02-13 17:22:15.449 28158 28158 D AppCompatDelegate: Checking for metadata for AppLocalesMetadataHolderService : Service not found
02-13 17:22:15.452   422   516 I RanchuHwc: logCompositionFallbackIfChanged: layer 622 CompositionType fallback from 3 to 1
02-13 17:22:15.512  1138  1500 D EGL_emulation: app_time_stats: avg=22515.93ms min=5.13ms max=135033.89ms count=6
02-13 17:22:15.603 28158 28158 D nativeloader: Load /data/app/~~OQoeZfSFZZsYOsGeyuuNCw==/com.taskmanagercrud-p2ovw9dQB7wXsvPk580TYw==/base.apk!/lib/x86_64/libhermesvm.so using ns clns-7 from class loader (caller=/data/app/~~OQoeZfSFZZsYOsGeyuuNCw==/com.taskmanagercrud-p2ovw9dQB7wXsvPk580TYw==/base.apk): ok
02-13 17:22:15.604 28158 28158 D nativeloader: Load /data/app/~~OQoeZfSFZZsYOsGeyuuNCw==/com.taskmanagercrud-p2ovw9dQB7wXsvPk580TYw==/base.apk!/lib/x86_64/libhermestooling.so using ns clns-7 from class loader (caller=/data/app/~~OQoeZfSFZZsYOsGeyuuNCw==/com.taskmanagercrud-p2ovw9dQB7wXsvPk580TYw==/base.apk): ok
02-13 17:22:15.605 28158 28158 D jni_lib_merge: Entering merged library JNI_OnLoad.
02-13 17:22:15.605 28158 28158 D jni_lib_merge: Preparing 4 pre-merged libs (including stub)
02-13 17:22:15.605 28158 28158 D jni_lib_merge: Preparing to register libhermes_executor_so.  onload_func: 0x72b4242af050
02-13 17:22:15.605 28158 28158 D jni_lib_merge: Preparing to register libhermesinstancejni_so.  onload_func: 0x72b4242e5680
02-13 17:22:15.605 28158 28158 D jni_lib_merge: Preparing to register libjsijniprofiler_so.  onload_func: 0x72b4242e73f0
02-13 17:22:15.605 28158 28158 D jni_lib_merge: About to register 3 actual methods.
02-13 17:22:15.795 28158 28185 D TrafficStats: tagSocket(95) with statsTag=0xffffffff, statsUid=-1
02-13 17:22:15.801 28158 28158 W unknown:BridgelessReact: ReactHost{0}.startSurface(surfaceId = 0): Schedule
02-13 17:22:15.801 28158 28158 W unknown:BridgelessReact: ReactHost{0}.attachSurface(surfaceId = 0)
02-13 17:22:15.814 28158 28186 W unknown:BridgelessReact: ReactHost{0}.getOrCreateReactInstanceTask()
02-13 17:22:15.815 28158 28186 W unknown:BridgelessReact: ReactHost{0}.getOrCreateReactInstanceTask(): Start
02-13 17:22:15.818 28158 28186 W unknown:BridgelessReact: ReactHost{0}.getJSBundleLoader()
02-13 17:22:15.828 28158 28186 W unknown:BridgelessReact: ReactHost{0}.isMetroRunning()
02-13 17:22:15.840 28158 28189 D TrafficStats: tagSocket(97) with statsTag=0xffffffff, statsUid=-1
02-13 17:22:15.841 28158 28158 W taskmanagercrud: Accessing hidden method Landroid/view/ViewGroup;->makeOptionalFitsSystemWindows()V (unsupported, reflection, allowed)
02-13 17:22:15.872 28158 28189 W unknown:BridgelessReact: ReactHost{0}.isMetroRunning(): Async result = true
02-13 17:22:15.874 28158 28158 W unknown:BridgelessReact: ReactHost{0}.onHostResume(activity)
02-13 17:22:15.875 28158 28186 W unknown:BridgelessReact: ReactHost{0}.loadJSBundleFromMetro()
02-13 17:22:15.875 28158 28158 W unknown:ReactNative: Packager connection already open, nooping.
02-13 17:22:15.886   845   960 V WindowManagerShell: Transition animation finished (aborted=false), notifying core (#69) android.os.BinderProxy@84a26d5@0
02-13 17:22:15.889   611   632 V WindowManager: Finish Transition (#69): created at 02-13 17:22:13.761 collect-started=0.432ms request-sent=0.961ms started=19.674ms ready=1570.532ms sent=1577.3ms finished=2125.978ms
02-13 17:22:15.900 28158 28158 W HWUI    : Unknown dataspace 0
02-13 17:22:15.908   845   960 V WindowManagerShell: Track 0 became idle
02-13 17:22:15.908   845   960 V WindowManagerShell: All active transition animations finished
02-13 17:22:15.913  1138  1138 I TopTaskTracker: onTaskRemoved: taskId=38
02-13 17:22:15.916  1138  1138 I TopTaskTracker: onTaskRemoved: taskId=38
02-13 17:22:15.916   611  1517 W UserManagerService: Requested status bar icon for non-badged user 0
02-13 17:22:15.935   611  1517 W UserManagerService: Requested status bar icon for non-badged user 0
02-13 17:22:15.939   845  1045 D EGL_emulation: app_time_stats: avg=15901.79ms min=15901.79ms max=15901.79ms count=1
02-13 17:22:15.941   611  1517 W UserManagerService: Requested status bar icon for non-badged user 0
02-13 17:22:15.962   611  1517 W WindowManager: Failed looking up window session=null callers=com.android.server.wm.WindowManagerService.addWindow:1575 com.android.server.wm.Session.addToDisplayAsUser:257 android.view.IWindowSession$Stub.onTransact:640 
02-13 17:22:15.962   611  1517 W WindowManager: Attempted to add window with token that is not a window: null.  Aborting.
02-13 17:22:15.964 28158 28158 E unknown:ReactNative: Unable to display loading message because react activity isn't active, message: Loading from 10.0.2.2:8081
02-13 17:22:15.980   611  1517 D CoreBackPreview: Window{66711a8 u0 com.taskmanagercrud/com.taskmanagercrud.MainActivity}: Setting back callback OnBackInvokedCallbackInfo{mCallback=android.window.IOnBackInvokedCallback$Stub$Proxy@de303a7, mPriority=0, mIsAnimationCallback=false}
02-13 17:22:16.025 28158 28177 I EGL_emulation: Opening libGLESv1_CM_emulation.so
02-13 17:22:16.027 28158 28177 I EGL_emulation: Opening libGLESv2_emulation.so
02-13 17:22:16.047 28158 28177 W HWUI    : Failed to choose config with EGL_SWAP_BEHAVIOR_PRESERVED, retrying without...
02-13 17:22:16.047 28158 28177 W HWUI    : Failed to initialize 101010-2 format, error = EGL_SUCCESS
02-13 17:22:16.156   173   173 I hwservicemanager: getTransport: Cannot find entry android.hardware.graphics.mapper@4.0::IMapper/default in either framework or device VINTF manifest.
02-13 17:22:16.158 28158 28177 I Gralloc4: mapper 4.x is not supported
02-13 17:22:16.408 19732 19732 I artd    : Dex parent of /data/app/~~A-Om_32Y7FJ_KZcFgZDXWg==/com.google.android.gms-TfNYuzfVZ6qj9ezpoDPCTg==/base.apk is not writable: Permission denied
02-13 17:22:16.408 19732 19732 I artd    : GetBestInfo checking odex in dalvik-cache (/data/dalvik-cache/x86_64/data@app@~~A-Om_32Y7FJ_KZcFgZDXWg==@com.google.android.gms-TfNYuzfVZ6qj9ezpoDPCTg==@base.apk@classes.dex)
02-13 17:22:16.408 19732 19732 I artd    : Loading /data/dalvik-cache/x86_64/data@app@~~A-Om_32Y7FJ_KZcFgZDXWg==@com.google.android.gms-TfNYuzfVZ6qj9ezpoDPCTg==@base.apk@classes.dex with executable: 0
02-13 17:22:16.408 19732 19732 I artd    : OatFileAssistant test for existing oat file /data/dalvik-cache/x86_64/data@app@~~A-Om_32Y7FJ_KZcFgZDXWg==@com.google.android.gms-TfNYuzfVZ6qj9ezpoDPCTg==@base.apk@classes.dex: File /data/dalvik-cache/x86_64/data@app@~~A-Om_32Y7FJ_KZcFgZDXWg==@com.google.android.gms-TfNYuzfVZ6qj9ezpoDPCTg==@base.apk@classes.vdex does not exist.
02-13 17:22:16.408 19732 19732 I artd    : GetBestInfo checking odex next to the dex file (/data/app/~~A-Om_32Y7FJ_KZcFgZDXWg==/com.google.android.gms-TfNYuzfVZ6qj9ezpoDPCTg==/oat/x86_64/base.odex)
02-13 17:22:16.408 19732 19732 I artd    : Loading /data/app/~~A-Om_32Y7FJ_KZcFgZDXWg==/com.google.android.gms-TfNYuzfVZ6qj9ezpoDPCTg==/oat/x86_64/base.odex with executable: 0
02-13 17:22:16.409 19732 19732 I artd    : Successfully loaded /data/app/~~A-Om_32Y7FJ_KZcFgZDXWg==/com.google.android.gms-TfNYuzfVZ6qj9ezpoDPCTg==/oat/x86_64/base.odex with executable: 0
02-13 17:22:16.409 19732 19732 I artd    : /data/app/~~A-Om_32Y7FJ_KZcFgZDXWg==/com.google.android.gms-TfNYuzfVZ6qj9ezpoDPCTg==/oat/x86_64/base.odex is kOatUpToDate with filter speed-profile
02-13 17:22:16.447 19732 19732 I artd    : Dex parent of /data/app/~~A-Om_32Y7FJ_KZcFgZDXWg==/com.google.android.gms-TfNYuzfVZ6qj9ezpoDPCTg==/split_AdsDynamite_installtime.apk is not writable: Permission denied
02-13 17:22:16.447 19732 19732 I artd    : GetBestInfo checking odex in dalvik-cache (/data/dalvik-cache/x86_64/data@app@~~A-Om_32Y7FJ_KZcFgZDXWg==@com.google.android.gms-TfNYuzfVZ6qj9ezpoDPCTg==@split_AdsDynamite_installtime.apk@classes.dex)
02-13 17:22:16.447 19732 19732 I artd    : Loading /data/dalvik-cache/x86_64/data@app@~~A-Om_32Y7FJ_KZcFgZDXWg==@com.google.android.gms-TfNYuzfVZ6qj9ezpoDPCTg==@split_AdsDynamite_installtime.apk@classes.dex with executable: 0
02-13 17:22:16.447 19732 19732 I artd    : OatFileAssistant test for existing oat file /data/dalvik-cache/x86_64/data@app@~~A-Om_32Y7FJ_KZcFgZDXWg==@com.google.android.gms-TfNYuzfVZ6qj9ezpoDPCTg==@split_AdsDynamite_installtime.apk@classes.dex: File /data/dalvik-cache/x86_64/data@app@~~A-Om_32Y7FJ_KZcFgZDXWg==@com.google.android.gms-TfNYuzfVZ6qj9ezpoDPCTg==@split_AdsDynamite_installtime.apk@classes.vdex does not exist.
02-13 17:22:16.447 19732 19732 I artd    : GetBestInfo checking odex next to the dex file (/data/app/~~A-Om_32Y7FJ_KZcFgZDXWg==/com.google.android.gms-TfNYuzfVZ6qj9ezpoDPCTg==/oat/x86_64/split_AdsDynamite_installtime.odex)
02-13 17:22:16.447 19732 19732 I artd    : Loading /data/app/~~A-Om_32Y7FJ_KZcFgZDXWg==/com.google.android.gms-TfNYuzfVZ6qj9ezpoDPCTg==/oat/x86_64/split_AdsDynamite_installtime.odex with executable: 0
02-13 17:22:16.448 19732 19732 I artd    : Successfully loaded /data/app/~~A-Om_32Y7FJ_KZcFgZDXWg==/com.google.android.gms-TfNYuzfVZ6qj9ezpoDPCTg==/oat/x86_64/split_AdsDynamite_installtime.odex with executable: 0
02-13 17:22:16.448 19732 19732 I artd    : /data/app/~~A-Om_32Y7FJ_KZcFgZDXWg==/com.google.android.gms-TfNYuzfVZ6qj9ezpoDPCTg==/oat/x86_64/split_AdsDynamite_installtime.odex is kOatUpToDate with filter speed
02-13 17:22:16.453 19732 22445 I artd    : Dex parent of /data/app/~~A-Om_32Y7FJ_KZcFgZDXWg==/com.google.android.gms-TfNYuzfVZ6qj9ezpoDPCTg==/split_CronetDynamite_installtime.apk is not writable: Permission denied
02-13 17:22:16.454 19732 22445 I artd    : GetBestInfo checking odex in dalvik-cache (/data/dalvik-cache/x86_64/data@app@~~A-Om_32Y7FJ_KZcFgZDXWg==@com.google.android.gms-TfNYuzfVZ6qj9ezpoDPCTg==@split_CronetDynamite_installtime.apk@classes.dex)
02-13 17:22:16.454 19732 22445 I artd    : Loading /data/dalvik-cache/x86_64/data@app@~~A-Om_32Y7FJ_KZcFgZDXWg==@com.google.android.gms-TfNYuzfVZ6qj9ezpoDPCTg==@split_CronetDynamite_installtime.apk@classes.dex with executable: 0
02-13 17:22:16.454 19732 22445 I artd    : OatFileAssistant test for existing oat file /data/dalvik-cache/x86_64/data@app@~~A-Om_32Y7FJ_KZcFgZDXWg==@com.google.android.gms-TfNYuzfVZ6qj9ezpoDPCTg==@split_CronetDynamite_installtime.apk@classes.dex: File /data/dalvik-cache/x86_64/data@app@~~A-Om_32Y7FJ_KZcFgZDXWg==@com.google.android.gms-TfNYuzfVZ6qj9ezpoDPCTg==@split_CronetDynamite_installtime.apk@classes.vdex does not exist.
02-13 17:22:16.454 19732 22445 I artd    : GetBestInfo checking odex next to the dex file (/data/app/~~A-Om_32Y7FJ_KZcFgZDXWg==/com.google.android.gms-TfNYuzfVZ6qj9ezpoDPCTg==/oat/x86_64/split_CronetDynamite_installtime.odex)
02-13 17:22:16.454 19732 22445 I artd    : Loading /data/app/~~A-Om_32Y7FJ_KZcFgZDXWg==/com.google.android.gms-TfNYuzfVZ6qj9ezpoDPCTg==/oat/x86_64/split_CronetDynamite_installtime.odex with executable: 0
02-13 17:22:16.454 19732 22445 I artd    : Successfully loaded /data/app/~~A-Om_32Y7FJ_KZcFgZDXWg==/com.google.android.gms-TfNYuzfVZ6qj9ezpoDPCTg==/oat/x86_64/split_CronetDynamite_installtime.odex with executable: 0
02-13 17:22:16.454 19732 22445 I artd    : /data/app/~~A-Om_32Y7FJ_KZcFgZDXWg==/com.google.android.gms-TfNYuzfVZ6qj9ezpoDPCTg==/oat/x86_64/split_CronetDynamite_installtime.odex is kOatUpToDate with filter speed-profile
02-13 17:22:16.489 19732 22445 I artd    : Dex parent of /data/app/~~A-Om_32Y7FJ_KZcFgZDXWg==/com.google.android.gms-TfNYuzfVZ6qj9ezpoDPCTg==/split_DynamiteLoader_installtime.apk is not writable: Permission denied
02-13 17:22:16.489 19732 22445 I artd    : GetBestInfo checking odex in dalvik-cache (/data/dalvik-cache/x86_64/data@app@~~A-Om_32Y7FJ_KZcFgZDXWg==@com.google.android.gms-TfNYuzfVZ6qj9ezpoDPCTg==@split_DynamiteLoader_installtime.apk@classes.dex)
02-13 17:22:16.489 19732 22445 I artd    : Loading /data/dalvik-cache/x86_64/data@app@~~A-Om_32Y7FJ_KZcFgZDXWg==@com.google.android.gms-TfNYuzfVZ6qj9ezpoDPCTg==@split_DynamiteLoader_installtime.apk@classes.dex with executable: 0
02-13 17:22:16.489 19732 22445 I artd    : OatFileAssistant test for existing oat file /data/dalvik-cache/x86_64/data@app@~~A-Om_32Y7FJ_KZcFgZDXWg==@com.google.android.gms-TfNYuzfVZ6qj9ezpoDPCTg==@split_DynamiteLoader_installtime.apk@classes.dex: File /data/dalvik-cache/x86_64/data@app@~~A-Om_32Y7FJ_KZcFgZDXWg==@com.google.android.gms-TfNYuzfVZ6qj9ezpoDPCTg==@split_DynamiteLoader_installtime.apk@classes.vdex does not exist.
02-13 17:22:16.489 19732 22445 I artd    : GetBestInfo checking odex next to the dex file (/data/app/~~A-Om_32Y7FJ_KZcFgZDXWg==/com.google.android.gms-TfNYuzfVZ6qj9ezpoDPCTg==/oat/x86_64/split_DynamiteLoader_installtime.odex)
02-13 17:22:16.489 19732 22445 I artd    : Loading /data/app/~~A-Om_32Y7FJ_KZcFgZDXWg==/com.google.android.gms-TfNYuzfVZ6qj9ezpoDPCTg==/oat/x86_64/split_DynamiteLoader_installtime.odex with executable: 0
02-13 17:22:16.489 19732 22445 I artd    : Successfully loaded /data/app/~~A-Om_32Y7FJ_KZcFgZDXWg==/com.google.android.gms-TfNYuzfVZ6qj9ezpoDPCTg==/oat/x86_64/split_DynamiteLoader_installtime.odex with executable: 0
02-13 17:22:16.489 19732 22445 I artd    : /data/app/~~A-Om_32Y7FJ_KZcFgZDXWg==/com.google.android.gms-TfNYuzfVZ6qj9ezpoDPCTg==/oat/x86_64/split_DynamiteLoader_installtime.odex is kOatUpToDate with filter speed
02-13 17:22:16.494 19732 22445 I artd    : Dex parent of /data/app/~~A-Om_32Y7FJ_KZcFgZDXWg==/com.google.android.gms-TfNYuzfVZ6qj9ezpoDPCTg==/split_DynamiteModulesA_installtime.apk is not writable: Permission denied
02-13 17:22:16.494 19732 22445 I artd    : GetBestInfo checking odex in dalvik-cache (/data/dalvik-cache/x86_64/data@app@~~A-Om_32Y7FJ_KZcFgZDXWg==@com.google.android.gms-TfNYuzfVZ6qj9ezpoDPCTg==@split_DynamiteModulesA_installtime.apk@classes.dex)
02-13 17:22:16.494 19732 22445 I artd    : Loading /data/dalvik-cache/x86_64/data@app@~~A-Om_32Y7FJ_KZcFgZDXWg==@com.google.android.gms-TfNYuzfVZ6qj9ezpoDPCTg==@split_DynamiteModulesA_installtime.apk@classes.dex with executable: 0
02-13 17:22:16.494 19732 22445 I artd    : OatFileAssistant test for existing oat file /data/dalvik-cache/x86_64/data@app@~~A-Om_32Y7FJ_KZcFgZDXWg==@com.google.android.gms-TfNYuzfVZ6qj9ezpoDPCTg==@split_DynamiteModulesA_installtime.apk@classes.dex: File /data/dalvik-cache/x86_64/data@app@~~A-Om_32Y7FJ_KZcFgZDXWg==@com.google.android.gms-TfNYuzfVZ6qj9ezpoDPCTg==@split_DynamiteModulesA_installtime.apk@classes.vdex does not exist.
02-13 17:22:16.494 19732 22445 I artd    : GetBestInfo checking odex next to the dex file (/data/app/~~A-Om_32Y7FJ_KZcFgZDXWg==/com.google.android.gms-TfNYuzfVZ6qj9ezpoDPCTg==/oat/x86_64/split_DynamiteModulesA_installtime.odex)
02-13 17:22:16.494 19732 22445 I artd    : Loading /data/app/~~A-Om_32Y7FJ_KZcFgZDXWg==/com.google.android.gms-TfNYuzfVZ6qj9ezpoDPCTg==/oat/x86_64/split_DynamiteModulesA_installtime.odex with executable: 0
02-13 17:22:16.494 19732 22445 I artd    : Successfully loaded /data/app/~~A-Om_32Y7FJ_KZcFgZDXWg==/com.google.android.gms-TfNYuzfVZ6qj9ezpoDPCTg==/oat/x86_64/split_DynamiteModulesA_installtime.odex with executable: 0
02-13 17:22:16.495 19732 22445 I artd    : /data/app/~~A-Om_32Y7FJ_KZcFgZDXWg==/com.google.android.gms-TfNYuzfVZ6qj9ezpoDPCTg==/oat/x86_64/split_DynamiteModulesA_installtime.odex is kOatUpToDate with filter speed
02-13 17:22:16.498 19732 22445 I artd    : Dex parent of /data/app/~~A-Om_32Y7FJ_KZcFgZDXWg==/com.google.android.gms-TfNYuzfVZ6qj9ezpoDPCTg==/split_DynamiteModulesC_installtime.apk is not writable: Permission denied
02-13 17:22:16.498 19732 22445 I artd    : GetBestInfo checking odex in dalvik-cache (/data/dalvik-cache/x86_64/data@app@~~A-Om_32Y7FJ_KZcFgZDXWg==@com.google.android.gms-TfNYuzfVZ6qj9ezpoDPCTg==@split_DynamiteModulesC_installtime.apk@classes.dex)
02-13 17:22:16.498 19732 22445 I artd    : Loading /data/dalvik-cache/x86_64/data@app@~~A-Om_32Y7FJ_KZcFgZDXWg==@com.google.android.gms-TfNYuzfVZ6qj9ezpoDPCTg==@split_DynamiteModulesC_installtime.apk@classes.dex with executable: 0
02-13 17:22:16.498 19732 22445 I artd    : OatFileAssistant test for existing oat file /data/dalvik-cache/x86_64/data@app@~~A-Om_32Y7FJ_KZcFgZDXWg==@com.google.android.gms-TfNYuzfVZ6qj9ezpoDPCTg==@split_DynamiteModulesC_installtime.apk@classes.dex: File /data/dalvik-cache/x86_64/data@app@~~A-Om_32Y7FJ_KZcFgZDXWg==@com.google.android.gms-TfNYuzfVZ6qj9ezpoDPCTg==@split_DynamiteModulesC_installtime.apk@classes.vdex does not exist.
02-13 17:22:16.498 19732 22445 I artd    : GetBestInfo checking odex next to the dex file (/data/app/~~A-Om_32Y7FJ_KZcFgZDXWg==/com.google.android.gms-TfNYuzfVZ6qj9ezpoDPCTg==/oat/x86_64/split_DynamiteModulesC_installtime.odex)
02-13 17:22:16.498 19732 22445 I artd    : Loading /data/app/~~A-Om_32Y7FJ_KZcFgZDXWg==/com.google.android.gms-TfNYuzfVZ6qj9ezpoDPCTg==/oat/x86_64/split_DynamiteModulesC_installtime.odex with executable: 0
02-13 17:22:16.501 19732 22445 I artd    : Successfully loaded /data/app/~~A-Om_32Y7FJ_KZcFgZDXWg==/com.google.android.gms-TfNYuzfVZ6qj9ezpoDPCTg==/oat/x86_64/split_DynamiteModulesC_installtime.odex with executable: 0
02-13 17:22:16.501 19732 22445 I artd    : /data/app/~~A-Om_32Y7FJ_KZcFgZDXWg==/com.google.android.gms-TfNYuzfVZ6qj9ezpoDPCTg==/oat/x86_64/split_DynamiteModulesC_installtime.odex is kOatUpToDate with filter speed
02-13 17:22:16.502 19732 22445 I artd    : Dex parent of /data/app/~~A-Om_32Y7FJ_KZcFgZDXWg==/com.google.android.gms-TfNYuzfVZ6qj9ezpoDPCTg==/split_GoogleCertificates_installtime.apk is not writable: Permission denied
02-13 17:22:16.502 19732 22445 I artd    : GetBestInfo checking odex in dalvik-cache (/data/dalvik-cache/x86_64/data@app@~~A-Om_32Y7FJ_KZcFgZDXWg==@com.google.android.gms-TfNYuzfVZ6qj9ezpoDPCTg==@split_GoogleCertificates_installtime.apk@classes.dex)
02-13 17:22:16.502 19732 22445 I artd    : Loading /data/dalvik-cache/x86_64/data@app@~~A-Om_32Y7FJ_KZcFgZDXWg==@com.google.android.gms-TfNYuzfVZ6qj9ezpoDPCTg==@split_GoogleCertificates_installtime.apk@classes.dex with executable: 0
02-13 17:22:16.502 19732 22445 I artd    : OatFileAssistant test for existing oat file /data/dalvik-cache/x86_64/data@app@~~A-Om_32Y7FJ_KZcFgZDXWg==@com.google.android.gms-TfNYuzfVZ6qj9ezpoDPCTg==@split_GoogleCertificates_installtime.apk@classes.dex: File /data/dalvik-cache/x86_64/data@app@~~A-Om_32Y7FJ_KZcFgZDXWg==@com.google.android.gms-TfNYuzfVZ6qj9ezpoDPCTg==@split_GoogleCertificates_installtime.apk@classes.vdex does not exist.
02-13 17:22:16.504 19732 22445 I artd    : GetBestInfo checking odex next to the dex file (/data/app/~~A-Om_32Y7FJ_KZcFgZDXWg==/com.google.android.gms-TfNYuzfVZ6qj9ezpoDPCTg==/oat/x86_64/split_GoogleCertificates_installtime.odex)
02-13 17:22:16.504 19732 22445 I artd    : Loading /data/app/~~A-Om_32Y7FJ_KZcFgZDXWg==/com.google.android.gms-TfNYuzfVZ6qj9ezpoDPCTg==/oat/x86_64/split_GoogleCertificates_installtime.odex with executable: 0
02-13 17:22:16.505 19732 22445 I artd    : Successfully loaded /data/app/~~A-Om_32Y7FJ_KZcFgZDXWg==/com.google.android.gms-TfNYuzfVZ6qj9ezpoDPCTg==/oat/x86_64/split_GoogleCertificates_installtime.odex with executable: 0
02-13 17:22:16.505 19732 22445 I artd    : /data/app/~~A-Om_32Y7FJ_KZcFgZDXWg==/com.google.android.gms-TfNYuzfVZ6qj9ezpoDPCTg==/oat/x86_64/split_GoogleCertificates_installtime.odex is kOatUpToDate with filter speed
02-13 17:22:16.506 19732 19732 I artd    : Dex parent of /data/app/~~A-Om_32Y7FJ_KZcFgZDXWg==/com.google.android.gms-TfNYuzfVZ6qj9ezpoDPCTg==/split_MapsDynamite_installtime.apk is not writable: Permission denied
02-13 17:22:16.506 19732 19732 I artd    : GetBestInfo checking odex in dalvik-cache (/data/dalvik-cache/x86_64/data@app@~~A-Om_32Y7FJ_KZcFgZDXWg==@com.google.android.gms-TfNYuzfVZ6qj9ezpoDPCTg==@split_MapsDynamite_installtime.apk@classes.dex)
02-13 17:22:16.506 19732 19732 I artd    : Loading /data/dalvik-cache/x86_64/data@app@~~A-Om_32Y7FJ_KZcFgZDXWg==@com.google.android.gms-TfNYuzfVZ6qj9ezpoDPCTg==@split_MapsDynamite_installtime.apk@classes.dex with executable: 0
02-13 17:22:16.506 19732 19732 I artd    : OatFileAssistant test for existing oat file /data/dalvik-cache/x86_64/data@app@~~A-Om_32Y7FJ_KZcFgZDXWg==@com.google.android.gms-TfNYuzfVZ6qj9ezpoDPCTg==@split_MapsDynamite_installtime.apk@classes.dex: File /data/dalvik-cache/x86_64/data@app@~~A-Om_32Y7FJ_KZcFgZDXWg==@com.google.android.gms-TfNYuzfVZ6qj9ezpoDPCTg==@split_MapsDynamite_installtime.apk@classes.vdex does not exist.
02-13 17:22:16.506 19732 19732 I artd    : GetBestInfo checking odex next to the dex file (/data/app/~~A-Om_32Y7FJ_KZcFgZDXWg==/com.google.android.gms-TfNYuzfVZ6qj9ezpoDPCTg==/oat/x86_64/split_MapsDynamite_installtime.odex)
02-13 17:22:16.506 19732 19732 I artd    : Loading /data/app/~~A-Om_32Y7FJ_KZcFgZDXWg==/com.google.android.gms-TfNYuzfVZ6qj9ezpoDPCTg==/oat/x86_64/split_MapsDynamite_installtime.odex with executable: 0
02-13 17:22:16.507 19732 19732 I artd    : Successfully loaded /data/app/~~A-Om_32Y7FJ_KZcFgZDXWg==/com.google.android.gms-TfNYuzfVZ6qj9ezpoDPCTg==/oat/x86_64/split_MapsDynamite_installtime.odex with executable: 0
02-13 17:22:16.507 19732 19732 I artd    : /data/app/~~A-Om_32Y7FJ_KZcFgZDXWg==/com.google.android.gms-TfNYuzfVZ6qj9ezpoDPCTg==/oat/x86_64/split_MapsDynamite_installtime.odex is kOatUpToDate with filter speed
02-13 17:22:16.527 19732 19732 I artd    : Dex parent of /data/app/~~A-Om_32Y7FJ_KZcFgZDXWg==/com.google.android.gms-TfNYuzfVZ6qj9ezpoDPCTg==/split_MeasurementDynamite_installtime.apk is not writable: Permission denied
02-13 17:22:16.527 19732 19732 I artd    : GetBestInfo checking odex in dalvik-cache (/data/dalvik-cache/x86_64/data@app@~~A-Om_32Y7FJ_KZcFgZDXWg==@com.google.android.gms-TfNYuzfVZ6qj9ezpoDPCTg==@split_MeasurementDynamite_installtime.apk@classes.dex)
02-13 17:22:16.527 19732 19732 I artd    : Loading /data/dalvik-cache/x86_64/data@app@~~A-Om_32Y7FJ_KZcFgZDXWg==@com.google.android.gms-TfNYuzfVZ6qj9ezpoDPCTg==@split_MeasurementDynamite_installtime.apk@classes.dex with executable: 0
02-13 17:22:16.527 19732 19732 I artd    : OatFileAssistant test for existing oat file /data/dalvik-cache/x86_64/data@app@~~A-Om_32Y7FJ_KZcFgZDXWg==@com.google.android.gms-TfNYuzfVZ6qj9ezpoDPCTg==@split_MeasurementDynamite_installtime.apk@classes.dex: File /data/dalvik-cache/x86_64/data@app@~~A-Om_32Y7FJ_KZcFgZDXWg==@com.google.android.gms-TfNYuzfVZ6qj9ezpoDPCTg==@split_MeasurementDynamite_installtime.apk@classes.vdex does not exist.
02-13 17:22:16.527 19732 19732 I artd    : GetBestInfo checking odex next to the dex file (/data/app/~~A-Om_32Y7FJ_KZcFgZDXWg==/com.google.android.gms-TfNYuzfVZ6qj9ezpoDPCTg==/oat/x86_64/split_MeasurementDynamite_installtime.odex)
02-13 17:22:16.527 19732 19732 I artd    : Loading /data/app/~~A-Om_32Y7FJ_KZcFgZDXWg==/com.google.android.gms-TfNYuzfVZ6qj9ezpoDPCTg==/oat/x86_64/split_MeasurementDynamite_installtime.odex with executable: 0
02-13 17:22:16.528 19732 19732 I artd    : Successfully loaded /data/app/~~A-Om_32Y7FJ_KZcFgZDXWg==/com.google.android.gms-TfNYuzfVZ6qj9ezpoDPCTg==/oat/x86_64/split_MeasurementDynamite_installtime.odex with executable: 0
02-13 17:22:16.534 19732 19732 I artd    : /data/app/~~A-Om_32Y7FJ_KZcFgZDXWg==/com.google.android.gms-TfNYuzfVZ6qj9ezpoDPCTg==/oat/x86_64/split_MeasurementDynamite_installtime.odex is kOatUpToDate with filter speed
02-13 17:22:16.554 19732 19732 I artd    : Dex parent of /data/app/~~A-Om_32Y7FJ_KZcFgZDXWg==/com.google.android.gms-TfNYuzfVZ6qj9ezpoDPCTg==/split_all_locale_splits.apk is not writable: Permission denied
02-13 17:22:16.554 19732 19732 I artd    : GetBestInfo checking odex in dalvik-cache (/data/dalvik-cache/x86_64/data@app@~~A-Om_32Y7FJ_KZcFgZDXWg==@com.google.android.gms-TfNYuzfVZ6qj9ezpoDPCTg==@split_all_locale_splits.apk@classes.dex)
02-13 17:22:16.554 19732 19732 I artd    : Loading /data/dalvik-cache/x86_64/data@app@~~A-Om_32Y7FJ_KZcFgZDXWg==@com.google.android.gms-TfNYuzfVZ6qj9ezpoDPCTg==@split_all_locale_splits.apk@classes.dex with executable: 0
02-13 17:22:16.554 19732 19732 I artd    : OatFileAssistant test for existing oat file /data/dalvik-cache/x86_64/data@app@~~A-Om_32Y7FJ_KZcFgZDXWg==@com.google.android.gms-TfNYuzfVZ6qj9ezpoDPCTg==@split_all_locale_splits.apk@classes.dex: File /data/dalvik-cache/x86_64/data@app@~~A-Om_32Y7FJ_KZcFgZDXWg==@com.google.android.gms-TfNYuzfVZ6qj9ezpoDPCTg==@split_all_locale_splits.apk@classes.vdex does not exist.
02-13 17:22:16.554 19732 19732 I artd    : GetBestInfo checking odex next to the dex file (/data/app/~~A-Om_32Y7FJ_KZcFgZDXWg==/com.google.android.gms-TfNYuzfVZ6qj9ezpoDPCTg==/oat/x86_64/split_all_locale_splits.odex)
02-13 17:22:16.554 19732 19732 I artd    : Loading /data/app/~~A-Om_32Y7FJ_KZcFgZDXWg==/com.google.android.gms-TfNYuzfVZ6qj9ezpoDPCTg==/oat/x86_64/split_all_locale_splits.odex with executable: 0
02-13 17:22:16.556   611   632 W ziparchive: Unable to open '/data/app/~~OQoeZfSFZZsYOsGeyuuNCw==/com.taskmanagercrud-p2ovw9dQB7wXsvPk580TYw==/base.dm': No such file or directory
02-13 17:22:16.555 19732 19732 I artd    : Successfully loaded /data/app/~~A-Om_32Y7FJ_KZcFgZDXWg==/com.google.android.gms-TfNYuzfVZ6qj9ezpoDPCTg==/oat/x86_64/split_all_locale_splits.odex with executable: 0
02-13 17:22:16.555 19732 19732 I artd    : /data/app/~~A-Om_32Y7FJ_KZcFgZDXWg==/com.google.android.gms-TfNYuzfVZ6qj9ezpoDPCTg==/oat/x86_64/split_all_locale_splits.odex is kOatUpToDate with filter speed
02-13 17:22:16.557   611   632 I ActivityTaskManager: Displayed com.taskmanagercrud/.MainActivity for user 0: +2s634ms
02-13 17:22:16.578 19732 19732 I artd    : Dex parent of /data/app/~~A-Om_32Y7FJ_KZcFgZDXWg==/com.google.android.gms-TfNYuzfVZ6qj9ezpoDPCTg==/split_maps_core_dynamite_ondemand.apk is not writable: Permission denied
02-13 17:22:16.578 19732 19732 I artd    : GetBestInfo checking odex in dalvik-cache (/data/dalvik-cache/x86_64/data@app@~~A-Om_32Y7FJ_KZcFgZDXWg==@com.google.android.gms-TfNYuzfVZ6qj9ezpoDPCTg==@split_maps_core_dynamite_ondemand.apk@classes.dex)
02-13 17:22:16.578 19732 19732 I artd    : Loading /data/dalvik-cache/x86_64/data@app@~~A-Om_32Y7FJ_KZcFgZDXWg==@com.google.android.gms-TfNYuzfVZ6qj9ezpoDPCTg==@split_maps_core_dynamite_ondemand.apk@classes.dex with executable: 0
02-13 17:22:16.578 19732 19732 I artd    : OatFileAssistant test for existing oat file /data/dalvik-cache/x86_64/data@app@~~A-Om_32Y7FJ_KZcFgZDXWg==@com.google.android.gms-TfNYuzfVZ6qj9ezpoDPCTg==@split_maps_core_dynamite_ondemand.apk@classes.dex: File /data/dalvik-cache/x86_64/data@app@~~A-Om_32Y7FJ_KZcFgZDXWg==@com.google.android.gms-TfNYuzfVZ6qj9ezpoDPCTg==@split_maps_core_dynamite_ondemand.apk@classes.vdex does not exist.
02-13 17:22:16.578 19732 19732 I artd    : GetBestInfo checking odex next to the dex file (/data/app/~~A-Om_32Y7FJ_KZcFgZDXWg==/com.google.android.gms-TfNYuzfVZ6qj9ezpoDPCTg==/oat/x86_64/split_maps_core_dynamite_ondemand.odex)
02-13 17:22:16.578 19732 19732 I artd    : Loading /data/app/~~A-Om_32Y7FJ_KZcFgZDXWg==/com.google.android.gms-TfNYuzfVZ6qj9ezpoDPCTg==/oat/x86_64/split_maps_core_dynamite_ondemand.odex with executable: 0
02-13 17:22:16.578 19732 19732 I artd    : OatFileAssistant test for existing oat file /data/app/~~A-Om_32Y7FJ_KZcFgZDXWg==/com.google.android.gms-TfNYuzfVZ6qj9ezpoDPCTg==/oat/x86_64/split_maps_core_dynamite_ondemand.odex: File /data/app/~~A-Om_32Y7FJ_KZcFgZDXWg==/com.google.android.gms-TfNYuzfVZ6qj9ezpoDPCTg==/oat/x86_64/split_maps_core_dynamite_ondemand.vdex does not exist.
02-13 17:22:16.578 19732 19732 I artd    : GetBestInfo checking vdex in dalvik-cache (/data/dalvik-cache/x86_64/data@app@~~A-Om_32Y7FJ_KZcFgZDXWg==@com.google.android.gms-TfNYuzfVZ6qj9ezpoDPCTg==@split_maps_core_dynamite_ondemand.apk@classes.vdex)
02-13 17:22:16.578 19732 19732 I artd    : unable to open vdex file /data/dalvik-cache/x86_64/data@app@~~A-Om_32Y7FJ_KZcFgZDXWg==@com.google.android.gms-TfNYuzfVZ6qj9ezpoDPCTg==@split_maps_core_dynamite_ondemand.apk@classes.vdex: File /data/dalvik-cache/x86_64/data@app@~~A-Om_32Y7FJ_KZcFgZDXWg==@com.google.android.gms-TfNYuzfVZ6qj9ezpoDPCTg==@split_maps_core_dynamite_ondemand.apk@classes.vdex does not exist.
02-13 17:22:16.578 19732 19732 I artd    : OatFileAssistant test for existing oat file /data/dalvik-cache/x86_64/data@app@~~A-Om_32Y7FJ_KZcFgZDXWg==@com.google.android.gms-TfNYuzfVZ6qj9ezpoDPCTg==@split_maps_core_dynamite_ondemand.apk@classes.vdex: File /data/dalvik-cache/x86_64/data@app@~~A-Om_32Y7FJ_KZcFgZDXWg==@com.google.android.gms-TfNYuzfVZ6qj9ezpoDPCTg==@split_maps_core_dynamite_ondemand.apk@classes.vdex does not exist.
02-13 17:22:16.578 19732 19732 I artd    : GetBestInfo checking vdex next to the dex file (/data/app/~~A-Om_32Y7FJ_KZcFgZDXWg==/com.google.android.gms-TfNYuzfVZ6qj9ezpoDPCTg==/oat/x86_64/split_maps_core_dynamite_ondemand.vdex)
02-13 17:22:16.578 19732 19732 I artd    : unable to open vdex file /data/app/~~A-Om_32Y7FJ_KZcFgZDXWg==/com.google.android.gms-TfNYuzfVZ6qj9ezpoDPCTg==/oat/x86_64/split_maps_core_dynamite_ondemand.vdex: File /data/app/~~A-Om_32Y7FJ_KZcFgZDXWg==/com.google.android.gms-TfNYuzfVZ6qj9ezpoDPCTg==/oat/x86_64/split_maps_core_dynamite_ondemand.vdex does not exist.
02-13 17:22:16.578 19732 19732 I artd    : OatFileAssistant test for existing oat file /data/app/~~A-Om_32Y7FJ_KZcFgZDXWg==/com.google.android.gms-TfNYuzfVZ6qj9ezpoDPCTg==/oat/x86_64/split_maps_core_dynamite_ondemand.vdex: File /data/app/~~A-Om_32Y7FJ_KZcFgZDXWg==/com.google.android.gms-TfNYuzfVZ6qj9ezpoDPCTg==/oat/x86_64/split_maps_core_dynamite_ondemand.vdex does not exist.
02-13 17:22:16.578 19732 19732 I artd    : GetBestInfo checking dm (/data/app/~~A-Om_32Y7FJ_KZcFgZDXWg==/com.google.android.gms-TfNYuzfVZ6qj9ezpoDPCTg==/split_maps_core_dynamite_ondemand.dm)
02-13 17:22:16.578 19732 19732 W ziparchive: Unable to open '/data/app/~~A-Om_32Y7FJ_KZcFgZDXWg==/com.google.android.gms-TfNYuzfVZ6qj9ezpoDPCTg==/split_maps_core_dynamite_ondemand.dm': No such file or directory
02-13 17:22:16.578 19732 19732 I artd    : OatFileAssistant test for existing oat file /data/app/~~A-Om_32Y7FJ_KZcFgZDXWg==/com.google.android.gms-TfNYuzfVZ6qj9ezpoDPCTg==/split_maps_core_dynamite_ondemand.dm: I/O error
02-13 17:22:16.578 19732 19732 I artd    : GetBestInfo checking dm (/data/app/~~A-Om_32Y7FJ_KZcFgZDXWg==/com.google.android.gms-TfNYuzfVZ6qj9ezpoDPCTg==/split_maps_core_dynamite_ondemand.dm)
02-13 17:22:16.578 19732 19732 W ziparchive: Unable to open '/data/app/~~A-Om_32Y7FJ_KZcFgZDXWg==/com.google.android.gms-TfNYuzfVZ6qj9ezpoDPCTg==/split_maps_core_dynamite_ondemand.dm': No such file or directory
02-13 17:22:16.578 19732 19732 I artd    : OatFileAssistant test for existing oat file /data/app/~~A-Om_32Y7FJ_KZcFgZDXWg==/com.google.android.gms-TfNYuzfVZ6qj9ezpoDPCTg==/split_maps_core_dynamite_ondemand.dm: I/O error
02-13 17:22:16.578 19732 19732 I artd    : GetBestInfo no usable artifacts
02-13 17:22:16.583 19732 19732 W artd    : Could not get dex checksums for location /data/app/~~W8Mv8iVZ0y20A87MNs5w_Q==/com.google.android.gms-jW50bSu-xF2Cil6w4kaXdw==/base.apk, fd=-1
02-13 17:22:16.591 19732 19732 I artd    : Dex parent of /data/user_de/0/com.google.android.gms/app_chimera/m/00000002/DynamiteLoader.uncompressed.apk is not writable: No such file or directory
02-13 17:22:16.591 19732 19732 I artd    : GetBestInfo checking odex in dalvik-cache (/data/dalvik-cache/x86_64/data@user_de@0@com.google.android.gms@app_chimera@m@00000002@DynamiteLoader.uncompressed.apk@classes.dex)
02-13 17:22:16.591 19732 19732 I artd    : Loading /data/dalvik-cache/x86_64/data@user_de@0@com.google.android.gms@app_chimera@m@00000002@DynamiteLoader.uncompressed.apk@classes.dex with executable: 0
02-13 17:22:16.591 19732 19732 I artd    : OatFileAssistant test for existing oat file /data/dalvik-cache/x86_64/data@user_de@0@com.google.android.gms@app_chimera@m@00000002@DynamiteLoader.uncompressed.apk@classes.dex: File /data/dalvik-cache/x86_64/data@user_de@0@com.google.android.gms@app_chimera@m@00000002@DynamiteLoader.uncompressed.apk@classes.vdex does not exist.
02-13 17:22:16.591 19732 19732 I artd    : GetBestInfo checking odex next to the dex file (/data/user_de/0/com.google.android.gms/app_chimera/m/00000002/oat/x86_64/DynamiteLoader.uncompressed.odex)
02-13 17:22:16.591 19732 19732 I artd    : Loading /data/user_de/0/com.google.android.gms/app_chimera/m/00000002/oat/x86_64/DynamiteLoader.uncompressed.odex with executable: 0
02-13 17:22:16.591 19732 19732 I artd    : OatFileAssistant test for existing oat file /data/user_de/0/com.google.android.gms/app_chimera/m/00000002/oat/x86_64/DynamiteLoader.uncompressed.odex: File /data/user_de/0/com.google.android.gms/app_chimera/m/00000002/oat/x86_64/DynamiteLoader.uncompressed.vdex does not exist.
02-13 17:22:16.591 19732 19732 I artd    : GetBestInfo checking vdex in dalvik-cache (/data/dalvik-cache/x86_64/data@user_de@0@com.google.android.gms@app_chimera@m@00000002@DynamiteLoader.uncompressed.apk@classes.vdex)
02-13 17:22:16.591 19732 19732 I artd    : unable to open vdex file /data/dalvik-cache/x86_64/data@user_de@0@com.google.android.gms@app_chimera@m@00000002@DynamiteLoader.uncompressed.apk@classes.vdex: File /data/dalvik-cache/x86_64/data@user_de@0@com.google.android.gms@app_chimera@m@00000002@DynamiteLoader.uncompressed.apk@classes.vdex does not exist.
02-13 17:22:16.591 19732 19732 I artd    : OatFileAssistant test for existing oat file /data/dalvik-cache/x86_64/data@user_de@0@com.google.android.gms@app_chimera@m@00000002@DynamiteLoader.uncompressed.apk@classes.vdex: File /data/dalvik-cache/x86_64/data@user_de@0@com.google.android.gms@app_chimera@m@00000002@DynamiteLoader.uncompressed.apk@classes.vdex does not exist.
02-13 17:22:16.591 19732 19732 I artd    : GetBestInfo checking vdex next to the dex file (/data/user_de/0/com.google.android.gms/app_chimera/m/00000002/oat/x86_64/DynamiteLoader.uncompressed.vdex)
02-13 17:22:16.591 19732 19732 I artd    : unable to open vdex file /data/user_de/0/com.google.android.gms/app_chimera/m/00000002/oat/x86_64/DynamiteLoader.uncompressed.vdex: File /data/user_de/0/com.google.android.gms/app_chimera/m/00000002/oat/x86_64/DynamiteLoader.uncompressed.vdex does not exist.
02-13 17:22:16.591 19732 19732 I artd    : OatFileAssistant test for existing oat file /data/user_de/0/com.google.android.gms/app_chimera/m/00000002/oat/x86_64/DynamiteLoader.uncompressed.vdex: File /data/user_de/0/com.google.android.gms/app_chimera/m/00000002/oat/x86_64/DynamiteLoader.uncompressed.vdex does not exist.
02-13 17:22:16.591 19732 19732 I artd    : GetBestInfo checking dm (/data/user_de/0/com.google.android.gms/app_chimera/m/00000002/DynamiteLoader.uncompressed.dm)
02-13 17:22:16.591 19732 19732 W ziparchive: Unable to open '/data/user_de/0/com.google.android.gms/app_chimera/m/00000002/DynamiteLoader.uncompressed.dm': No such file or directory
02-13 17:22:16.591 19732 19732 I artd    : OatFileAssistant test for existing oat file /data/user_de/0/com.google.android.gms/app_chimera/m/00000002/DynamiteLoader.uncompressed.dm: I/O error
02-13 17:22:16.591 19732 19732 I artd    : GetBestInfo checking dm (/data/user_de/0/com.google.android.gms/app_chimera/m/00000002/DynamiteLoader.uncompressed.dm)
02-13 17:22:16.591 19732 19732 W ziparchive: Unable to open '/data/user_de/0/com.google.android.gms/app_chimera/m/00000002/DynamiteLoader.uncompressed.dm': No such file or directory
02-13 17:22:16.591 19732 19732 I artd    : OatFileAssistant test for existing oat file /data/user_de/0/com.google.android.gms/app_chimera/m/00000002/DynamiteLoader.uncompressed.dm: I/O error
02-13 17:22:16.591 19732 19732 I artd    : GetBestInfo no usable artifacts
02-13 17:22:16.599 19732 19732 W artd    : Could not get dex checksums for location /data/app/~~W8Mv8iVZ0y20A87MNs5w_Q==/com.google.android.gms-jW50bSu-xF2Cil6w4kaXdw==/base.apk, fd=-1
02-13 17:22:16.607  1046  1062 I FontLog : (REDACTED) Received query %s, URI %s
02-13 17:22:16.608 19732 19732 W artd    : Could not get dex checksums for location /data/app/~~W8Mv8iVZ0y20A87MNs5w_Q==/com.google.android.gms-jW50bSu-xF2Cil6w4kaXdw==/base.apk, fd=-1
02-13 17:22:16.613 19732 19732 I artd    : Dex parent of /data/user_de/0/com.google.android.gms/app_chimera/m/00000005/GoogleCertificates.apk is not writable: No such file or directory
02-13 17:22:16.614  1046  1062 I FontLog : (REDACTED) Query [%s] resolved to %s
02-13 17:22:16.615 19732 19732 I artd    : GetBestInfo checking odex in dalvik-cache (/data/dalvik-cache/x86_64/data@user_de@0@com.google.android.gms@app_chimera@m@00000005@GoogleCertificates.apk@classes.dex)
02-13 17:22:16.616 19732 19732 I artd    : Loading /data/dalvik-cache/x86_64/data@user_de@0@com.google.android.gms@app_chimera@m@00000005@GoogleCertificates.apk@classes.dex with executable: 0
02-13 17:22:16.616 19732 19732 I artd    : OatFileAssistant test for existing oat file /data/dalvik-cache/x86_64/data@user_de@0@com.google.android.gms@app_chimera@m@00000005@GoogleCertificates.apk@classes.dex: File /data/dalvik-cache/x86_64/data@user_de@0@com.google.android.gms@app_chimera@m@00000005@GoogleCertificates.apk@classes.vdex does not exist.
02-13 17:22:16.616 19732 19732 I artd    : GetBestInfo checking odex next to the dex file (/data/user_de/0/com.google.android.gms/app_chimera/m/00000005/oat/x86_64/GoogleCertificates.odex)
02-13 17:22:16.616 19732 19732 I artd    : Loading /data/user_de/0/com.google.android.gms/app_chimera/m/00000005/oat/x86_64/GoogleCertificates.odex with executable: 0
02-13 17:22:16.616 19732 19732 I artd    : OatFileAssistant test for existing oat file /data/user_de/0/com.google.android.gms/app_chimera/m/00000005/oat/x86_64/GoogleCertificates.odex: File /data/user_de/0/com.google.android.gms/app_chimera/m/00000005/oat/x86_64/GoogleCertificates.vdex does not exist.
02-13 17:22:16.616 19732 19732 I artd    : GetBestInfo checking vdex in dalvik-cache (/data/dalvik-cache/x86_64/data@user_de@0@com.google.android.gms@app_chimera@m@00000005@GoogleCertificates.apk@classes.vdex)
02-13 17:22:16.616 19732 19732 I artd    : unable to open vdex file /data/dalvik-cache/x86_64/data@user_de@0@com.google.android.gms@app_chimera@m@00000005@GoogleCertificates.apk@classes.vdex: File /data/dalvik-cache/x86_64/data@user_de@0@com.google.android.gms@app_chimera@m@00000005@GoogleCertificates.apk@classes.vdex does not exist.
02-13 17:22:16.616 19732 19732 I artd    : OatFileAssistant test for existing oat file /data/dalvik-cache/x86_64/data@user_de@0@com.google.android.gms@app_chimera@m@00000005@GoogleCertificates.apk@classes.vdex: File /data/dalvik-cache/x86_64/data@user_de@0@com.google.android.gms@app_chimera@m@00000005@GoogleCertificates.apk@classes.vdex does not exist.
02-13 17:22:16.616 19732 19732 I artd    : GetBestInfo checking vdex next to the dex file (/data/user_de/0/com.google.android.gms/app_chimera/m/00000005/oat/x86_64/GoogleCertificates.vdex)
02-13 17:22:16.616 19732 19732 I artd    : unable to open vdex file /data/user_de/0/com.google.android.gms/app_chimera/m/00000005/oat/x86_64/GoogleCertificates.vdex: File /data/user_de/0/com.google.android.gms/app_chimera/m/00000005/oat/x86_64/GoogleCertificates.vdex does not exist.
02-13 17:22:16.616 19732 19732 I artd    : OatFileAssistant test for existing oat file /data/user_de/0/com.google.android.gms/app_chimera/m/00000005/oat/x86_64/GoogleCertificates.vdex: File /data/user_de/0/com.google.android.gms/app_chimera/m/00000005/oat/x86_64/GoogleCertificates.vdex does not exist.
02-13 17:22:16.616 19732 19732 I artd    : GetBestInfo checking dm (/data/user_de/0/com.google.android.gms/app_chimera/m/00000005/GoogleCertificates.dm)
02-13 17:22:16.616 19732 19732 W ziparchive: Unable to open '/data/user_de/0/com.google.android.gms/app_chimera/m/00000005/GoogleCertificates.dm': No such file or directory
02-13 17:22:16.616 19732 19732 I artd    : OatFileAssistant test for existing oat file /data/user_de/0/com.google.android.gms/app_chimera/m/00000005/GoogleCertificates.dm: I/O error
02-13 17:22:16.616 19732 19732 I artd    : GetBestInfo checking dm (/data/user_de/0/com.google.android.gms/app_chimera/m/00000005/GoogleCertificates.dm)
02-13 17:22:16.616 19732 19732 W ziparchive: Unable to open '/data/user_de/0/com.google.android.gms/app_chimera/m/00000005/GoogleCertificates.dm': No such file or directory
02-13 17:22:16.616 19732 19732 I artd    : OatFileAssistant test for existing oat file /data/user_de/0/com.google.android.gms/app_chimera/m/00000005/GoogleCertificates.dm: I/O error
02-13 17:22:16.616 19732 19732 I artd    : GetBestInfo no usable artifacts
02-13 17:22:16.623  1138  1138 D BaseDepthController: setSurface:
02-13 17:22:16.623  1138  1138 D BaseDepthController: 	mWaitingOnSurfaceValidity: false
02-13 17:22:16.623  1138  1138 D BaseDepthController: 	mSurface: null
02-13 17:22:16.628  1138  1138 D BaseDepthController: mSurface is null and mCurrentBlur is: 0
02-13 17:22:16.628 19732 19732 W artd    : Could not get dex checksums for location /data/app/~~W8Mv8iVZ0y20A87MNs5w_Q==/com.google.android.gms-jW50bSu-xF2Cil6w4kaXdw==/base.apk, fd=-1
02-13 17:22:16.630  1138  1138 D StateManager: goToState - fromState: Normal, toState: Normal, partial trace:
02-13 17:22:16.630  1138  1138 D StateManager: 	at com.android.launcher3.statemanager.StateManager.moveToRestState(go/retraceme 2855a437b73635ce9cad76b9289087e631bbb67fc90008a0da13d343a00e5041:4)
02-13 17:22:16.630  1138  1138 D StateManager: 	at com.android.launcher3.statemanager.StateManager.moveToRestState(go/retraceme 2855a437b73635ce9cad76b9289087e631bbb67fc90008a0da13d343a00e5041:1)
02-13 17:22:16.630  1138  1138 D StateManager: 	at com.android.launcher3.statemanager.StatefulActivity.onStop(go/retraceme 2855a437b73635ce9cad76b9289087e631bbb67fc90008a0da13d343a00e5041:34)
02-13 17:22:16.632 19732 19732 W artd    : Could not get dex checksums for location /data/app/~~W8Mv8iVZ0y20A87MNs5w_Q==/com.google.android.gms-jW50bSu-xF2Cil6w4kaXdw==/base.apk, fd=-1
02-13 17:22:16.636  1138  1138 D StatsLog: LAUNCHER_ONSTOP
02-13 17:22:16.638 19732 19732 I artd    : Dex parent of /data/user_de/0/com.google.android.gms/app_chimera/m/00000001/CronetDynamite.uncompressed.apk is not writable: No such file or directory
02-13 17:22:16.638 19732 19732 I artd    : GetBestInfo checking odex in dalvik-cache (/data/dalvik-cache/x86_64/data@user_de@0@com.google.android.gms@app_chimera@m@00000001@CronetDynamite.uncompressed.apk@classes.dex)
02-13 17:22:16.638 19732 19732 I artd    : Loading /data/dalvik-cache/x86_64/data@user_de@0@com.google.android.gms@app_chimera@m@00000001@CronetDynamite.uncompressed.apk@classes.dex with executable: 0
02-13 17:22:16.638 19732 19732 I artd    : OatFileAssistant test for existing oat file /data/dalvik-cache/x86_64/data@user_de@0@com.google.android.gms@app_chimera@m@00000001@CronetDynamite.uncompressed.apk@classes.dex: File /data/dalvik-cache/x86_64/data@user_de@0@com.google.android.gms@app_chimera@m@00000001@CronetDynamite.uncompressed.apk@classes.vdex does not exist.
02-13 17:22:16.638 19732 19732 I artd    : GetBestInfo checking odex next to the dex file (/data/user_de/0/com.google.android.gms/app_chimera/m/00000001/oat/x86_64/CronetDynamite.uncompressed.odex)
02-13 17:22:16.638 19732 19732 I artd    : Loading /data/user_de/0/com.google.android.gms/app_chimera/m/00000001/oat/x86_64/CronetDynamite.uncompressed.odex with executable: 0
02-13 17:22:16.638 19732 19732 I artd    : OatFileAssistant test for existing oat file /data/user_de/0/com.google.android.gms/app_chimera/m/00000001/oat/x86_64/CronetDynamite.uncompressed.odex: File /data/user_de/0/com.google.android.gms/app_chimera/m/00000001/oat/x86_64/CronetDynamite.uncompressed.vdex does not exist.
02-13 17:22:16.638 19732 19732 I artd    : GetBestInfo checking vdex in dalvik-cache (/data/dalvik-cache/x86_64/data@user_de@0@com.google.android.gms@app_chimera@m@00000001@CronetDynamite.uncompressed.apk@classes.vdex)
02-13 17:22:16.638 19732 19732 I artd    : unable to open vdex file /data/dalvik-cache/x86_64/data@user_de@0@com.google.android.gms@app_chimera@m@00000001@CronetDynamite.uncompressed.apk@classes.vdex: File /data/dalvik-cache/x86_64/data@user_de@0@com.google.android.gms@app_chimera@m@00000001@CronetDynamite.uncompressed.apk@classes.vdex does not exist.
02-13 17:22:16.638 19732 19732 I artd    : OatFileAssistant test for existing oat file /data/dalvik-cache/x86_64/data@user_de@0@com.google.android.gms@app_chimera@m@00000001@CronetDynamite.uncompressed.apk@classes.vdex: File /data/dalvik-cache/x86_64/data@user_de@0@com.google.android.gms@app_chimera@m@00000001@CronetDynamite.uncompressed.apk@classes.vdex does not exist.
02-13 17:22:16.638 19732 19732 I artd    : GetBestInfo checking vdex next to the dex file (/data/user_de/0/com.google.android.gms/app_chimera/m/00000001/oat/x86_64/CronetDynamite.uncompressed.vdex)
02-13 17:22:16.638 19732 19732 I artd    : unable to open vdex file /data/user_de/0/com.google.android.gms/app_chimera/m/00000001/oat/x86_64/CronetDynamite.uncompressed.vdex: File /data/user_de/0/com.google.android.gms/app_chimera/m/00000001/oat/x86_64/CronetDynamite.uncompressed.vdex does not exist.
02-13 17:22:16.638 19732 19732 I artd    : OatFileAssistant test for existing oat file /data/user_de/0/com.google.android.gms/app_chimera/m/00000001/oat/x86_64/CronetDynamite.uncompressed.vdex: File /data/user_de/0/com.google.android.gms/app_chimera/m/00000001/oat/x86_64/CronetDynamite.uncompressed.vdex does not exist.
02-13 17:22:16.638 19732 19732 I artd    : GetBestInfo checking dm (/data/user_de/0/com.google.android.gms/app_chimera/m/00000001/CronetDynamite.uncompressed.dm)
02-13 17:22:16.638 19732 19732 W ziparchive: Unable to open '/data/user_de/0/com.google.android.gms/app_chimera/m/00000001/CronetDynamite.uncompressed.dm': No such file or directory
02-13 17:22:16.638 19732 19732 I artd    : OatFileAssistant test for existing oat file /data/user_de/0/com.google.android.gms/app_chimera/m/00000001/CronetDynamite.uncompressed.dm: I/O error
02-13 17:22:16.638 19732 19732 I artd    : GetBestInfo checking dm (/data/user_de/0/com.google.android.gms/app_chimera/m/00000001/CronetDynamite.uncompressed.dm)
02-13 17:22:16.638 19732 19732 W ziparchive: Unable to open '/data/user_de/0/com.google.android.gms/app_chimera/m/00000001/CronetDynamite.uncompressed.dm': No such file or directory
02-13 17:22:16.638 19732 19732 I artd    : OatFileAssistant test for existing oat file /data/user_de/0/com.google.android.gms/app_chimera/m/00000001/CronetDynamite.uncompressed.dm: I/O error
02-13 17:22:16.638 19732 19732 I artd    : GetBestInfo no usable artifacts
02-13 17:22:16.643 19732 19732 W artd    : Could not get dex checksums for location /data/app/~~W8Mv8iVZ0y20A87MNs5w_Q==/com.google.android.gms-jW50bSu-xF2Cil6w4kaXdw==/base.apk, fd=-1
02-13 17:22:16.652 19732 19732 W artd    : Could not get dex checksums for location /data/app/~~W8Mv8iVZ0y20A87MNs5w_Q==/com.google.android.gms-jW50bSu-xF2Cil6w4kaXdw==/base.apk, fd=-1
02-13 17:22:16.665  1138  1589 D OneSearchSuggestProvider: Shut down the binder channel
02-13 17:22:16.670  1046  1062 I FontLog : (REDACTED) Fetch %s end status %s
02-13 17:22:16.673  1138  1138 D StatsLog: LAUNCHER_GOOGLE_SEARCH_RESTORE_LIST_SIZE_AFTER_ACTIVITY_RESTART
02-13 17:22:16.686  1138  1138 D NexusLauncherModelDelegate: notifySmartspaceEvent: SmartspaceTargetEvent{mSmartspaceTarget=null, mSmartspaceActionId='null', mEventType=7}
02-13 17:22:16.698  1046  1062 I FontLog : (REDACTED) Pulling font file for id = %d, cache size = %d
02-13 17:22:16.702  1138  1138 D NexusLauncherModelDelegate: notifySmartspaceEvent: SmartspaceTargetEvent{mSmartspaceTarget=null, mSmartspaceActionId='null', mEventType=7}
02-13 17:22:16.717  1138 14642 I IPCThreadState: oneway function results for code 2 on binder at 0x72b5e1daabd0 will be dropped but finished with status UNKNOWN_TRANSACTION
02-13 17:22:16.717 19732 19732 W artd    : Could not get dex checksums for location /data/app/~~W8Mv8iVZ0y20A87MNs5w_Q==/com.google.android.gms-jW50bSu-xF2Cil6w4kaXdw==/base.apk, fd=-1
02-13 17:22:16.725 19732 19732 I artd    : Dex parent of /data/user_de/0/com.google.android.gms/app_chimera/m/00000009/dl-MlkitBarcodeUi.optional_242335100800.apk is not writable: No such file or directory
02-13 17:22:16.726 19732 19732 I artd    : GetBestInfo checking odex in dalvik-cache (/data/dalvik-cache/x86_64/data@user_de@0@com.google.android.gms@app_chimera@m@00000009@dl-MlkitBarcodeUi.optional_242335100800.apk@classes.dex)
02-13 17:22:16.726 19732 19732 I artd    : Loading /data/dalvik-cache/x86_64/data@user_de@0@com.google.android.gms@app_chimera@m@00000009@dl-MlkitBarcodeUi.optional_242335100800.apk@classes.dex with executable: 0
