02-13 17:04:06.360 19732 19733 I artd    : OatFileAssistant test for existing oat file /data/user_de/0/com.google.android.gms/app_chimera/m/00000009/oat/x86_64/dl-MlkitBarcodeUi.optional_242335100800.vdex: File /data/user_de/0/com.google.android.gms/app_chimera/m/00000009/oat/x86_64/dl-MlkitBarcodeUi.optional_242335100800.vdex does not exist.
02-13 17:04:06.360 19732 19733 I artd    : GetBestInfo checking dm (/data/user_de/0/com.google.android.gms/app_chimera/m/00000009/dl-MlkitBarcodeUi.optional_242335100800.dm)
02-13 17:04:06.360 19732 19733 W ziparchive: Unable to open '/data/user_de/0/com.google.android.gms/app_chimera/m/00000009/dl-MlkitBarcodeUi.optional_242335100800.dm': No such file or directory
02-13 17:04:06.360 19732 19733 I artd    : OatFileAssistant test for existing oat file /data/user_de/0/com.google.android.gms/app_chimera/m/00000009/dl-MlkitBarcodeUi.optional_242335100800.dm: I/O error
02-13 17:04:06.360 19732 19733 I artd    : GetBestInfo checking dm (/data/user_de/0/com.google.android.gms/app_chimera/m/00000009/dl-MlkitBarcodeUi.optional_242335100800.dm)
02-13 17:04:06.360 19732 19733 W ziparchive: Unable to open '/data/user_de/0/com.google.android.gms/app_chimera/m/00000009/dl-MlkitBarcodeUi.optional_242335100800.dm': No such file or directory
02-13 17:04:06.360 19732 19733 I artd    : OatFileAssistant test for existing oat file /data/user_de/0/com.google.android.gms/app_chimera/m/00000009/dl-MlkitBarcodeUi.optional_242335100800.dm: I/O error
02-13 17:04:06.360 19732 19733 I artd    : GetBestInfo no usable artifacts
02-13 17:04:06.362 19732 19733 I artd    : Dex parent of /data/user_de/0/com.google.android.gms/app_chimera/m/00000007/MeasurementDynamite.apk is not writable: No such file or directory
02-13 17:04:06.362 19732 19733 I artd    : GetBestInfo checking odex in dalvik-cache (/data/dalvik-cache/x86_64/data@user_de@0@com.google.android.gms@app_chimera@m@00000007@MeasurementDynamite.apk@classes.dex)
02-13 17:04:06.362 19732 19733 I artd    : Loading /data/dalvik-cache/x86_64/data@user_de@0@com.google.android.gms@app_chimera@m@00000007@MeasurementDynamite.apk@classes.dex with executable: 0
02-13 17:04:06.362 19732 19733 I artd    : OatFileAssistant test for existing oat file /data/dalvik-cache/x86_64/data@user_de@0@com.google.android.gms@app_chimera@m@00000007@MeasurementDynamite.apk@classes.dex: File /data/dalvik-cache/x86_64/data@user_de@0@com.google.android.gms@app_chimera@m@00000007@MeasurementDynamite.apk@classes.vdex does not exist.
02-13 17:04:06.362 19732 19733 I artd    : GetBestInfo checking odex next to the dex file (/data/user_de/0/com.google.android.gms/app_chimera/m/00000007/oat/x86_64/MeasurementDynamite.odex)
02-13 17:04:06.362 19732 19733 I artd    : Loading /data/user_de/0/com.google.android.gms/app_chimera/m/00000007/oat/x86_64/MeasurementDynamite.odex with executable: 0
02-13 17:04:06.362 19732 19733 I artd    : OatFileAssistant test for existing oat file /data/user_de/0/com.google.android.gms/app_chimera/m/00000007/oat/x86_64/MeasurementDynamite.odex: File /data/user_de/0/com.google.android.gms/app_chimera/m/00000007/oat/x86_64/MeasurementDynamite.vdex does not exist.
02-13 17:04:06.362 19732 19733 I artd    : GetBestInfo checking vdex in dalvik-cache (/data/dalvik-cache/x86_64/data@user_de@0@com.google.android.gms@app_chimera@m@00000007@MeasurementDynamite.apk@classes.vdex)
02-13 17:04:06.362 19732 19733 I artd    : unable to open vdex file /data/dalvik-cache/x86_64/data@user_de@0@com.google.android.gms@app_chimera@m@00000007@MeasurementDynamite.apk@classes.vdex: File /data/dalvik-cache/x86_64/data@user_de@0@com.google.android.gms@app_chimera@m@00000007@MeasurementDynamite.apk@classes.vdex does not exist.
02-13 17:04:06.362 19732 19733 I artd    : OatFileAssistant test for existing oat file /data/dalvik-cache/x86_64/data@user_de@0@com.google.android.gms@app_chimera@m@00000007@MeasurementDynamite.apk@classes.vdex: File /data/dalvik-cache/x86_64/data@user_de@0@com.google.android.gms@app_chimera@m@00000007@MeasurementDynamite.apk@classes.vdex does not exist.
02-13 17:04:06.362 19732 19733 I artd    : GetBestInfo checking vdex next to the dex file (/data/user_de/0/com.google.android.gms/app_chimera/m/00000007/oat/x86_64/MeasurementDynamite.vdex)
02-13 17:04:06.362 19732 19733 I artd    : unable to open vdex file /data/user_de/0/com.google.android.gms/app_chimera/m/00000007/oat/x86_64/MeasurementDynamite.vdex: File /data/user_de/0/com.google.android.gms/app_chimera/m/00000007/oat/x86_64/MeasurementDynamite.vdex does not exist.
02-13 17:04:06.362 19732 19733 I artd    : OatFileAssistant test for existing oat file /data/user_de/0/com.google.android.gms/app_chimera/m/00000007/oat/x86_64/MeasurementDynamite.vdex: File /data/user_de/0/com.google.android.gms/app_chimera/m/00000007/oat/x86_64/MeasurementDynamite.vdex does not exist.
02-13 17:04:06.362 19732 19733 I artd    : GetBestInfo checking dm (/data/user_de/0/com.google.android.gms/app_chimera/m/00000007/MeasurementDynamite.dm)
02-13 17:04:06.362 19732 19733 W ziparchive: Unable to open '/data/user_de/0/com.google.android.gms/app_chimera/m/00000007/MeasurementDynamite.dm': No such file or directory
02-13 17:04:06.362 19732 19733 I artd    : OatFileAssistant test for existing oat file /data/user_de/0/com.google.android.gms/app_chimera/m/00000007/MeasurementDynamite.dm: I/O error
02-13 17:04:06.362 19732 19733 I artd    : GetBestInfo checking dm (/data/user_de/0/com.google.android.gms/app_chimera/m/00000007/MeasurementDynamite.dm)
02-13 17:04:06.362 19732 19733 W ziparchive: Unable to open '/data/user_de/0/com.google.android.gms/app_chimera/m/00000007/MeasurementDynamite.dm': No such file or directory
02-13 17:04:06.362 19732 19733 I artd    : OatFileAssistant test for existing oat file /data/user_de/0/com.google.android.gms/app_chimera/m/00000007/MeasurementDynamite.dm: I/O error
02-13 17:04:06.362 19732 19733 I artd    : GetBestInfo no usable artifacts
02-13 17:04:06.394 27302 27302 W unknown:BridgelessReact: ReactHost{0}.onHostResume(activity)
02-13 17:04:06.395 27302 27302 W unknown:ReactNative: Packager connection already open, nooping.
02-13 17:04:06.419 27302 27302 W HWUI    : Unknown dataspace 0
02-13 17:04:06.473   611  1945 W WindowManager: Failed looking up window session=null callers=com.android.server.wm.WindowManagerService.addWindow:1575 com.android.server.wm.Session.addToDisplayAsUser:257 android.view.IWindowSession$Stub.onTransact:640 
02-13 17:04:06.473   611  1945 W WindowManager: Attempted to add window with token that is not a window: null.  Aborting.
02-13 17:04:06.475 27302 27302 E unknown:ReactNative: Unable to display loading message because react activity isn't active, message: Loading from 10.0.2.2:8081
02-13 17:04:06.484   611  1945 W WindowManager: Failed looking up window session=null callers=com.android.server.wm.WindowManagerService.addWindow:1575 com.android.server.wm.Session.addToDisplayAsUser:257 android.view.IWindowSession$Stub.onTransact:640 
02-13 17:04:06.484   611  1945 W WindowManager: Attempted to add window with token that is not a window: null.  Aborting.
02-13 17:04:06.486 27302 27302 E unknown:ReactNative: Unable to display loading message because react activity isn't active, message: Reloading...
02-13 17:04:06.493   611  1945 D CoreBackPreview: Window{6d35e94 u0 com.taskmanagercrud/com.taskmanagercrud.MainActivity}: Setting back callback OnBackInvokedCallbackInfo{mCallback=android.window.IOnBackInvokedCallback$Stub$Proxy@5d1d000, mPriority=0, mIsAnimationCallback=false}
02-13 17:04:06.493   611   623 I system_server: Background concurrent mark compact GC freed 25MB AllocSpace bytes, 17(368KB) LOS objects, 44% free, 29MB/53MB, paused 727us,6.996ms total 460.799ms
02-13 17:04:06.496   611   625 W system_server: ApkAssets: Deleting an ApkAssets object '<empty> and /data/app/~~A-Om_32Y7FJ_KZcFgZDXWg==/com.google.android.gms-TfNYuzfVZ6qj9ezpoDPCTg==/base.apk' with 1 weak references
02-13 17:04:06.496   611   625 W system_server: ApkAssets: Deleting an ApkAssets object '<empty> and /data/app/~~A-Om_32Y7FJ_KZcFgZDXWg==/com.google.android.gms-TfNYuzfVZ6qj9ezpoDPCTg==/split_AdsDynamite_installtime.apk' with 1 weak references
02-13 17:04:06.496   611   625 W system_server: ApkAssets: Deleting an ApkAssets object '<empty> and /data/app/~~A-Om_32Y7FJ_KZcFgZDXWg==/com.google.android.gms-TfNYuzfVZ6qj9ezpoDPCTg==/split_CronetDynamite_installtime.apk' with 1 weak references
02-13 17:04:06.496   611   625 W system_server: ApkAssets: Deleting an ApkAssets object '<empty> and /data/app/~~A-Om_32Y7FJ_KZcFgZDXWg==/com.google.android.gms-TfNYuzfVZ6qj9ezpoDPCTg==/split_DynamiteLoader_installtime.apk' with 1 weak references
02-13 17:04:06.496   611   625 W system_server: ApkAssets: Deleting an ApkAssets object '<empty> and /data/app/~~A-Om_32Y7FJ_KZcFgZDXWg==/com.google.android.gms-TfNYuzfVZ6qj9ezpoDPCTg==/split_DynamiteModulesA_installtime.apk' with 1 weak references
02-13 17:04:06.496   611   625 W system_server: ApkAssets: Deleting an ApkAssets object '<empty> and /data/app/~~A-Om_32Y7FJ_KZcFgZDXWg==/com.google.android.gms-TfNYuzfVZ6qj9ezpoDPCTg==/split_DynamiteModulesC_installtime.apk' with 1 weak references
02-13 17:04:06.496   611   625 W system_server: ApkAssets: Deleting an ApkAssets object '<empty> and /data/app/~~A-Om_32Y7FJ_KZcFgZDXWg==/com.google.android.gms-TfNYuzfVZ6qj9ezpoDPCTg==/split_GoogleCertificates_installtime.apk' with 1 weak references
02-13 17:04:06.496   611   625 W system_server: ApkAssets: Deleting an ApkAssets object '<empty> and /data/app/~~A-Om_32Y7FJ_KZcFgZDXWg==/com.google.android.gms-TfNYuzfVZ6qj9ezpoDPCTg==/split_MapsDynamite_installtime.apk' with 1 weak references
02-13 17:04:06.496   611   625 W system_server: ApkAssets: Deleting an ApkAssets object '<empty> and /data/app/~~A-Om_32Y7FJ_KZcFgZDXWg==/com.google.android.gms-TfNYuzfVZ6qj9ezpoDPCTg==/split_MeasurementDynamite_installtime.apk' with 1 weak references
02-13 17:04:06.496   611   625 W system_server: ApkAssets: Deleting an ApkAssets object '<empty> and /data/app/~~A-Om_32Y7FJ_KZcFgZDXWg==/com.google.android.gms-TfNYuzfVZ6qj9ezpoDPCTg==/split_all_locale_splits.apk' with 1 weak references
02-13 17:04:06.496   611   625 W system_server: ApkAssets: Deleting an ApkAssets object '<empty> and /data/app/~~A-Om_32Y7FJ_KZcFgZDXWg==/com.google.android.gms-TfNYuzfVZ6qj9ezpoDPCTg==/split_config.en.apk' with 1 weak references
02-13 17:04:06.496   611   625 W system_server: ApkAssets: Deleting an ApkAssets object '<empty> and /data/app/~~A-Om_32Y7FJ_KZcFgZDXWg==/com.google.android.gms-TfNYuzfVZ6qj9ezpoDPCTg==/split_config.xxhdpi.apk' with 1 weak references
02-13 17:04:06.496   611   625 W system_server: ApkAssets: Deleting an ApkAssets object '<empty> and /data/app/~~A-Om_32Y7FJ_KZcFgZDXWg==/com.google.android.gms-TfNYuzfVZ6qj9ezpoDPCTg==/split_maps_core_dynamite_ondemand.apk' with 1 weak references
02-13 17:04:06.497   611   625 W system_server: ApkAssets: Deleting an ApkAssets object '<empty> and /product/app/LatinIMEGooglePrebuilt/LatinIMEGooglePrebuilt.apk' with 1 weak references
02-13 17:04:06.497   611   625 W system_server: ApkAssets: Deleting an ApkAssets object '<empty> and /product/app/GoogleTTS/GoogleTTS.apk' with 1 weak references
02-13 17:04:06.497   611   625 W System  : A resource failed to call release. 
02-13 17:04:06.515 27302 27323 I EGL_emulation: Opening libGLESv1_CM_emulation.so
02-13 17:04:06.518 27302 27323 I EGL_emulation: Opening libGLESv2_emulation.so
02-13 17:04:06.543 27302 27323 W HWUI    : Failed to choose config with EGL_SWAP_BEHAVIOR_PRESERVED, retrying without...
02-13 17:04:06.543 27302 27323 W HWUI    : Failed to initialize 101010-2 format, error = EGL_SUCCESS
02-13 17:04:06.741   173   173 I hwservicemanager: getTransport: Cannot find entry android.hardware.graphics.mapper@4.0::IMapper/default in either framework or device VINTF manifest.
02-13 17:04:06.741 27302 27323 I Gralloc4: mapper 4.x is not supported
02-13 17:04:06.983   611   632 W ziparchive: Unable to open '/data/app/~~9dkkfoufEy_cR4-tOo-D7w==/com.taskmanagercrud-7OLORhQb6jGwA8ifp51eIQ==/base.dm': No such file or directory
02-13 17:04:06.986   611   632 I ActivityTaskManager: Displayed com.taskmanagercrud/.MainActivity for user 0: +3s141ms
02-13 17:04:07.020  1138  1138 D BaseDepthController: setSurface:
02-13 17:04:07.020  1138  1138 D BaseDepthController: 	mWaitingOnSurfaceValidity: false
02-13 17:04:07.020  1138  1138 D BaseDepthController: 	mSurface: null
02-13 17:04:07.020  1138  1138 D BaseDepthController: mSurface is null and mCurrentBlur is: 0
02-13 17:04:07.023  1138  1138 D StateManager: goToState - fromState: Normal, toState: Normal, partial trace:
02-13 17:04:07.023  1138  1138 D StateManager: 	at com.android.launcher3.statemanager.StateManager.moveToRestState(go/retraceme 2855a437b73635ce9cad76b9289087e631bbb67fc90008a0da13d343a00e5041:4)
02-13 17:04:07.023  1138  1138 D StateManager: 	at com.android.launcher3.statemanager.StateManager.moveToRestState(go/retraceme 2855a437b73635ce9cad76b9289087e631bbb67fc90008a0da13d343a00e5041:1)
02-13 17:04:07.023  1138  1138 D StateManager: 	at com.android.launcher3.statemanager.StatefulActivity.onStop(go/retraceme 2855a437b73635ce9cad76b9289087e631bbb67fc90008a0da13d343a00e5041:34)
02-13 17:04:07.025  1138  1138 D StatsLog: LAUNCHER_ONSTOP
02-13 17:04:07.026  1138  1138 D StatsLog: LAUNCHER_GOOGLE_SEARCH_RESTORE_LIST_SIZE_AFTER_ACTIVITY_RESTART
02-13 17:04:07.027  1138  1138 D NexusLauncherModelDelegate: notifySmartspaceEvent: SmartspaceTargetEvent{mSmartspaceTarget=null, mSmartspaceActionId='null', mEventType=7}
02-13 17:04:07.030  1138  1589 D OneSearchSuggestProvider: Shut down the binder channel
02-13 17:04:07.037  1138  1138 D NexusLauncherModelDelegate: notifySmartspaceEvent: SmartspaceTargetEvent{mSmartspaceTarget=null, mSmartspaceActionId='null', mEventType=7}
02-13 17:04:07.046  1138  1153 I IPCThreadState: oneway function results for code 2 on binder at 0x72b5e1d98240 will be dropped but finished with status UNKNOWN_TRANSACTION
02-13 17:04:07.138  1383  2028 I BugleRcsEngine: Connected state: [1], networkType: [WIFI] [CONTEXT thread_id=57 ]
02-13 17:04:07.140  1046  1521 I NullBinder: NullBinder for android.net.action.RECOMMEND_NETWORKS triggering remote TransactionTooLargeException due to Service without Chimera impl, calling uid: 1000, calling pid: 0
02-13 17:04:07.140  1046  1521 W .gms.persistent: Large reply transaction of 1056768 bytes, interface descriptor , code 1
02-13 17:04:07.164  1046  3909 I FontLog : (REDACTED) Received query %s, URI %s
02-13 17:04:07.164  1046  3909 I FontLog : (REDACTED) Query [%s] resolved to %s
02-13 17:04:07.178   611   758 W IPCThreadState: Sending oneway calls to frozen process.
02-13 17:04:07.178   611   758 W IPCThreadState: Sending oneway calls to frozen process.
02-13 17:04:07.178   611   758 W IPCThreadState: Sending oneway calls to frozen process.
02-13 17:04:07.178   611   758 W IPCThreadState: Sending oneway calls to frozen process.
02-13 17:04:07.178   611   758 W IPCThreadState: Sending oneway calls to frozen process.
02-13 17:04:07.178   611   758 W IPCThreadState: Sending oneway calls to frozen process.
02-13 17:04:07.183  1383  2257 I BugleRcsEngine: handleMessage processing message:[NOTIFY_UPTIME_IGNORE_STATE_CHANGED] with [non-null]:RcsEngineImpl reference [CONTEXT log_prefix="RcsEngineImpl[DUAL_REG]:[e0b14f02-3670]>Handler" thread_id=63 ]
02-13 17:04:07.183  1046  3909 I FontLog : (REDACTED) Fetch %s end status %s
02-13 17:04:07.207  1383  2257 I BugleRcsEngine: No RCS Configuration was found in Bugle for simID: redacted-pii:sim_id[chars:20,last3:897] [CONTEXT log_prefix="ProvisioningEngineDataRetriever" thread_id=63 ]
02-13 17:04:07.257  1046  3909 I FontLog : (REDACTED) Pulling font file for id = %d, cache size = %d
02-13 17:04:07.296  1046  3909 I FontLog : (REDACTED) Pulling font file for id = %d, cache size = %d
02-13 17:04:07.379   845  1026 W WindowOnBackDispatcher: sendCancelIfRunning: isInProgress=false callback=android.view.ViewRootImpl$$ExternalSyntheticLambda11@d68759c
02-13 17:04:07.379   611   962 D CoreBackPreview: Window{81f3097 u0 Splash Screen com.taskmanagercrud EXITING}: Setting back callback null
02-13 17:04:07.381   611  1514 W InputManager-JNI: Input channel object '81f3097 Splash Screen com.taskmanagercrud (client)' was disposed without first being removed with the input manager!
02-13 17:04:07.461  1138  1500 D EGL_emulation: app_time_stats: avg=218.61ms min=2.57ms max=1701.60ms count=8
02-13 17:04:07.629   845  1045 D EGL_emulation: app_time_stats: avg=141.09ms min=3.38ms max=1321.95ms count=10
02-13 17:04:08.043  1138  1146 I s.nexuslauncher: Background concurrent mark compact GC freed 4783KB AllocSpace bytes, 78(2208KB) LOS objects, 49% free, 6424KB/12MB, paused 819us,9.827ms total 945.045ms
02-13 17:04:08.045   611  1379 E TaskPersister: File error accessing recents directory (directory doesn't exist?).
02-13 17:04:08.104  1138  1148 W System  : A resource failed to call release. 
02-13 17:04:08.125  1138  1148 W System  : A resource failed to call release. 
02-13 17:04:08.126  1138  1148 W System  : A resource failed to call release. 
02-13 17:04:08.126  1138  1148 W s.nexuslauncher: ApkAssets: Deleting an ApkAssets object '<empty> and /data/app/~~9dkkfoufEy_cR4-tOo-D7w==/com.taskmanagercrud-7OLORhQb6jGwA8ifp51eIQ==/base.apk' with 1 weak references
02-13 17:04:08.853 27302 27312 I taskmanagercrud: Compiler allocated 4219KB to compile void android.widget.TextView.<init>(android.content.Context, android.util.AttributeSet, int, int)
02-13 17:04:09.200 27302 27312 I taskmanagercrud: Compiler allocated 5174KB to compile void android.view.ViewRootImpl.performTraversals()
02-13 17:04:11.318 27302 27346 D ProfileInstaller: Installing profile for com.taskmanagercrud
02-13 17:04:12.934 27302 27338 I okhttp.OkHttpClient: Callback failure for call to http://10.0.2.2:8081/...
02-13 17:04:12.934 27302 27338 I okhttp.OkHttpClient: java.net.ProtocolException: Expected leading [0-9a-fA-F] character but was 0xd
02-13 17:04:12.934 27302 27338 I okhttp.OkHttpClient: 	at okhttp3.internal.http1.Http1ExchangeCodec$ChunkedSource.readChunkSize(Http1ExchangeCodec.kt:436)
02-13 17:04:12.934 27302 27338 I okhttp.OkHttpClient: 	at okhttp3.internal.http1.Http1ExchangeCodec$ChunkedSource.read(Http1ExchangeCodec.kt:408)
02-13 17:04:12.934 27302 27338 I okhttp.OkHttpClient: 	at okhttp3.internal.connection.Exchange$ResponseBodySource.read(Exchange.kt:276)
02-13 17:04:12.934 27302 27338 I okhttp.OkHttpClient: 	at okio.RealBufferedSource.read(RealBufferedSource.kt:189)
02-13 17:04:12.934 27302 27338 I okhttp.OkHttpClient: 	at com.facebook.react.devsupport.MultipartStreamReader.readAllParts(MultipartStreamReader.kt:83)
02-13 17:04:12.934 27302 27338 I okhttp.OkHttpClient: 	at com.facebook.react.devsupport.BundleDownloader.processMultipartResponse(BundleDownloader.kt:187)
02-13 17:04:12.934 27302 27338 I okhttp.OkHttpClient: 	at com.facebook.react.devsupport.BundleDownloader.access$processMultipartResponse(BundleDownloader.kt:35)
02-13 17:04:12.935 27302 27338 I okhttp.OkHttpClient: 	at com.facebook.react.devsupport.BundleDownloader$downloadBundleFromURL$1.onResponse(BundleDownloader.kt:133)
02-13 17:04:12.935 27302 27338 I okhttp.OkHttpClient: 	at okhttp3.internal.connection.RealCall$AsyncCall.run(RealCall.kt:519)
02-13 17:04:12.935 27302 27338 I okhttp.OkHttpClient: 	at java.util.concurrent.ThreadPoolExecutor.runWorker(ThreadPoolExecutor.java:1145)
02-13 17:04:12.935 27302 27338 I okhttp.OkHttpClient: 	at java.util.concurrent.ThreadPoolExecutor$Worker.run(ThreadPoolExecutor.java:644)
02-13 17:04:12.935 27302 27338 I okhttp.OkHttpClient: 	at java.lang.Thread.run(Thread.java:1012)
02-13 17:04:13.079  1383  2028 I BugleRcsEngine: Connected state: [1], networkType: [WIFI] [CONTEXT thread_id=57 ]
02-13 17:04:13.079  1383  2257 I BugleRcsEngine: handleMessage processing message:[NOTIFY_UPTIME_IGNORE_STATE_CHANGED] with [non-null]:RcsEngineImpl reference [CONTEXT log_prefix="RcsEngineImpl[DUAL_REG]:[e0b14f02-3670]>Handler" thread_id=63 ]
02-13 17:04:13.080  1046 16222 I NullBinder: NullBinder for android.net.action.RECOMMEND_NETWORKS triggering remote TransactionTooLargeException due to Service without Chimera impl, calling uid: 1000, calling pid: 0
02-13 17:04:13.080  1046 16222 W .gms.persistent: Large reply transaction of 1056768 bytes, interface descriptor , code 1
02-13 17:04:13.083   611   758 W IPCThreadState: Sending oneway calls to frozen process.
02-13 17:04:13.083   611   758 W IPCThreadState: Sending oneway calls to frozen process.
02-13 17:04:13.083   611   758 W IPCThreadState: Sending oneway calls to frozen process.
02-13 17:04:13.083   611   758 W IPCThreadState: Sending oneway calls to frozen process.
02-13 17:04:13.083   611   758 W IPCThreadState: Sending oneway calls to frozen process.
02-13 17:04:13.084   611   758 W IPCThreadState: Sending oneway calls to frozen process.
02-13 17:04:13.088  1383  2257 I BugleRcsEngine: No RCS Configuration was found in Bugle for simID: redacted-pii:sim_id[chars:20,last3:897] [CONTEXT log_prefix="ProvisioningEngineDataRetriever" thread_id=63 ]
02-13 17:04:16.099 19732 19733 I artd    : Dex parent of /data/app/~~A-Om_32Y7FJ_KZcFgZDXWg==/com.google.android.gms-TfNYuzfVZ6qj9ezpoDPCTg==/base.apk is not writable: Permission denied
02-13 17:04:16.099 19732 19733 I artd    : GetBestInfo checking odex in dalvik-cache (/data/dalvik-cache/x86_64/data@app@~~A-Om_32Y7FJ_KZcFgZDXWg==@com.google.android.gms-TfNYuzfVZ6qj9ezpoDPCTg==@base.apk@classes.dex)
02-13 17:04:16.099 19732 19733 I artd    : Loading /data/dalvik-cache/x86_64/data@app@~~A-Om_32Y7FJ_KZcFgZDXWg==@com.google.android.gms-TfNYuzfVZ6qj9ezpoDPCTg==@base.apk@classes.dex with executable: 0
02-13 17:04:16.099 19732 19733 I artd    : OatFileAssistant test for existing oat file /data/dalvik-cache/x86_64/data@app@~~A-Om_32Y7FJ_KZcFgZDXWg==@com.google.android.gms-TfNYuzfVZ6qj9ezpoDPCTg==@base.apk@classes.dex: File /data/dalvik-cache/x86_64/data@app@~~A-Om_32Y7FJ_KZcFgZDXWg==@com.google.android.gms-TfNYuzfVZ6qj9ezpoDPCTg==@base.apk@classes.vdex does not exist.
02-13 17:04:16.099 19732 19733 I artd    : GetBestInfo checking odex next to the dex file (/data/app/~~A-Om_32Y7FJ_KZcFgZDXWg==/com.google.android.gms-TfNYuzfVZ6qj9ezpoDPCTg==/oat/x86_64/base.odex)
02-13 17:04:16.099 19732 19733 I artd    : Loading /data/app/~~A-Om_32Y7FJ_KZcFgZDXWg==/com.google.android.gms-TfNYuzfVZ6qj9ezpoDPCTg==/oat/x86_64/base.odex with executable: 0
02-13 17:04:16.101 19732 19733 I artd    : Successfully loaded /data/app/~~A-Om_32Y7FJ_KZcFgZDXWg==/com.google.android.gms-TfNYuzfVZ6qj9ezpoDPCTg==/oat/x86_64/base.odex with executable: 0
02-13 17:04:16.102 19732 19733 I artd    : /data/app/~~A-Om_32Y7FJ_KZcFgZDXWg==/com.google.android.gms-TfNYuzfVZ6qj9ezpoDPCTg==/oat/x86_64/base.odex is kOatUpToDate with filter speed-profile
02-13 17:04:16.104 19732 19733 I artd    : Dex parent of /data/app/~~A-Om_32Y7FJ_KZcFgZDXWg==/com.google.android.gms-TfNYuzfVZ6qj9ezpoDPCTg==/split_AdsDynamite_installtime.apk is not writable: Permission denied
02-13 17:04:16.105 19732 19733 I artd    : GetBestInfo checking odex in dalvik-cache (/data/dalvik-cache/x86_64/data@app@~~A-Om_32Y7FJ_KZcFgZDXWg==@com.google.android.gms-TfNYuzfVZ6qj9ezpoDPCTg==@split_AdsDynamite_installtime.apk@classes.dex)
02-13 17:04:16.105 19732 19733 I artd    : Loading /data/dalvik-cache/x86_64/data@app@~~A-Om_32Y7FJ_KZcFgZDXWg==@com.google.android.gms-TfNYuzfVZ6qj9ezpoDPCTg==@split_AdsDynamite_installtime.apk@classes.dex with executable: 0
02-13 17:04:16.105 19732 19733 I artd    : OatFileAssistant test for existing oat file /data/dalvik-cache/x86_64/data@app@~~A-Om_32Y7FJ_KZcFgZDXWg==@com.google.android.gms-TfNYuzfVZ6qj9ezpoDPCTg==@split_AdsDynamite_installtime.apk@classes.dex: File /data/dalvik-cache/x86_64/data@app@~~A-Om_32Y7FJ_KZcFgZDXWg==@com.google.android.gms-TfNYuzfVZ6qj9ezpoDPCTg==@split_AdsDynamite_installtime.apk@classes.vdex does not exist.
02-13 17:04:16.105 19732 19733 I artd    : GetBestInfo checking odex next to the dex file (/data/app/~~A-Om_32Y7FJ_KZcFgZDXWg==/com.google.android.gms-TfNYuzfVZ6qj9ezpoDPCTg==/oat/x86_64/split_AdsDynamite_installtime.odex)
02-13 17:04:16.105 19732 19733 I artd    : Loading /data/app/~~A-Om_32Y7FJ_KZcFgZDXWg==/com.google.android.gms-TfNYuzfVZ6qj9ezpoDPCTg==/oat/x86_64/split_AdsDynamite_installtime.odex with executable: 0
02-13 17:04:16.105 19732 19733 I artd    : Successfully loaded /data/app/~~A-Om_32Y7FJ_KZcFgZDXWg==/com.google.android.gms-TfNYuzfVZ6qj9ezpoDPCTg==/oat/x86_64/split_AdsDynamite_installtime.odex with executable: 0
02-13 17:04:16.105 19732 19733 I artd    : /data/app/~~A-Om_32Y7FJ_KZcFgZDXWg==/com.google.android.gms-TfNYuzfVZ6qj9ezpoDPCTg==/oat/x86_64/split_AdsDynamite_installtime.odex is kOatUpToDate with filter speed
02-13 17:04:16.107 19732 19733 I artd    : Dex parent of /data/app/~~A-Om_32Y7FJ_KZcFgZDXWg==/com.google.android.gms-TfNYuzfVZ6qj9ezpoDPCTg==/split_CronetDynamite_installtime.apk is not writable: Permission denied
02-13 17:04:16.107 19732 19733 I artd    : GetBestInfo checking odex in dalvik-cache (/data/dalvik-cache/x86_64/data@app@~~A-Om_32Y7FJ_KZcFgZDXWg==@com.google.android.gms-TfNYuzfVZ6qj9ezpoDPCTg==@split_CronetDynamite_installtime.apk@classes.dex)
02-13 17:04:16.107 19732 19733 I artd    : Loading /data/dalvik-cache/x86_64/data@app@~~A-Om_32Y7FJ_KZcFgZDXWg==@com.google.android.gms-TfNYuzfVZ6qj9ezpoDPCTg==@split_CronetDynamite_installtime.apk@classes.dex with executable: 0
02-13 17:04:16.107 19732 19733 I artd    : OatFileAssistant test for existing oat file /data/dalvik-cache/x86_64/data@app@~~A-Om_32Y7FJ_KZcFgZDXWg==@com.google.android.gms-TfNYuzfVZ6qj9ezpoDPCTg==@split_CronetDynamite_installtime.apk@classes.dex: File /data/dalvik-cache/x86_64/data@app@~~A-Om_32Y7FJ_KZcFgZDXWg==@com.google.android.gms-TfNYuzfVZ6qj9ezpoDPCTg==@split_CronetDynamite_installtime.apk@classes.vdex does not exist.
02-13 17:04:16.107 19732 19733 I artd    : GetBestInfo checking odex next to the dex file (/data/app/~~A-Om_32Y7FJ_KZcFgZDXWg==/com.google.android.gms-TfNYuzfVZ6qj9ezpoDPCTg==/oat/x86_64/split_CronetDynamite_installtime.odex)
02-13 17:04:16.107 19732 19733 I artd    : Loading /data/app/~~A-Om_32Y7FJ_KZcFgZDXWg==/com.google.android.gms-TfNYuzfVZ6qj9ezpoDPCTg==/oat/x86_64/split_CronetDynamite_installtime.odex with executable: 0
02-13 17:04:16.107 19732 19733 I artd    : Successfully loaded /data/app/~~A-Om_32Y7FJ_KZcFgZDXWg==/com.google.android.gms-TfNYuzfVZ6qj9ezpoDPCTg==/oat/x86_64/split_CronetDynamite_installtime.odex with executable: 0
02-13 17:04:16.107 19732 19733 I artd    : /data/app/~~A-Om_32Y7FJ_KZcFgZDXWg==/com.google.android.gms-TfNYuzfVZ6qj9ezpoDPCTg==/oat/x86_64/split_CronetDynamite_installtime.odex is kOatUpToDate with filter speed-profile
02-13 17:04:16.110 19732 19733 I artd    : Dex parent of /data/app/~~A-Om_32Y7FJ_KZcFgZDXWg==/com.google.android.gms-TfNYuzfVZ6qj9ezpoDPCTg==/split_DynamiteLoader_installtime.apk is not writable: Permission denied
02-13 17:04:16.110 19732 19733 I artd    : GetBestInfo checking odex in dalvik-cache (/data/dalvik-cache/x86_64/data@app@~~A-Om_32Y7FJ_KZcFgZDXWg==@com.google.android.gms-TfNYuzfVZ6qj9ezpoDPCTg==@split_DynamiteLoader_installtime.apk@classes.dex)
02-13 17:04:16.110 19732 19733 I artd    : Loading /data/dalvik-cache/x86_64/data@app@~~A-Om_32Y7FJ_KZcFgZDXWg==@com.google.android.gms-TfNYuzfVZ6qj9ezpoDPCTg==@split_DynamiteLoader_installtime.apk@classes.dex with executable: 0
02-13 17:04:16.110 19732 19733 I artd    : OatFileAssistant test for existing oat file /data/dalvik-cache/x86_64/data@app@~~A-Om_32Y7FJ_KZcFgZDXWg==@com.google.android.gms-TfNYuzfVZ6qj9ezpoDPCTg==@split_DynamiteLoader_installtime.apk@classes.dex: File /data/dalvik-cache/x86_64/data@app@~~A-Om_32Y7FJ_KZcFgZDXWg==@com.google.android.gms-TfNYuzfVZ6qj9ezpoDPCTg==@split_DynamiteLoader_installtime.apk@classes.vdex does not exist.
02-13 17:04:16.110 19732 19733 I artd    : GetBestInfo checking odex next to the dex file (/data/app/~~A-Om_32Y7FJ_KZcFgZDXWg==/com.google.android.gms-TfNYuzfVZ6qj9ezpoDPCTg==/oat/x86_64/split_DynamiteLoader_installtime.odex)
02-13 17:04:16.110 19732 19733 I artd    : Loading /data/app/~~A-Om_32Y7FJ_KZcFgZDXWg==/com.google.android.gms-TfNYuzfVZ6qj9ezpoDPCTg==/oat/x86_64/split_DynamiteLoader_installtime.odex with executable: 0
02-13 17:04:16.111 19732 19733 I artd    : Successfully loaded /data/app/~~A-Om_32Y7FJ_KZcFgZDXWg==/com.google.android.gms-TfNYuzfVZ6qj9ezpoDPCTg==/oat/x86_64/split_DynamiteLoader_installtime.odex with executable: 0
02-13 17:04:16.111 19732 19733 I artd    : /data/app/~~A-Om_32Y7FJ_KZcFgZDXWg==/com.google.android.gms-TfNYuzfVZ6qj9ezpoDPCTg==/oat/x86_64/split_DynamiteLoader_installtime.odex is kOatUpToDate with filter speed
02-13 17:04:16.112 19732 19733 I artd    : Dex parent of /data/app/~~A-Om_32Y7FJ_KZcFgZDXWg==/com.google.android.gms-TfNYuzfVZ6qj9ezpoDPCTg==/split_DynamiteModulesA_installtime.apk is not writable: Permission denied
02-13 17:04:16.113 19732 19733 I artd    : GetBestInfo checking odex in dalvik-cache (/data/dalvik-cache/x86_64/data@app@~~A-Om_32Y7FJ_KZcFgZDXWg==@com.google.android.gms-TfNYuzfVZ6qj9ezpoDPCTg==@split_DynamiteModulesA_installtime.apk@classes.dex)
02-13 17:04:16.113 19732 19733 I artd    : Loading /data/dalvik-cache/x86_64/data@app@~~A-Om_32Y7FJ_KZcFgZDXWg==@com.google.android.gms-TfNYuzfVZ6qj9ezpoDPCTg==@split_DynamiteModulesA_installtime.apk@classes.dex with executable: 0
02-13 17:04:16.113 19732 19733 I artd    : OatFileAssistant test for existing oat file /data/dalvik-cache/x86_64/data@app@~~A-Om_32Y7FJ_KZcFgZDXWg==@com.google.android.gms-TfNYuzfVZ6qj9ezpoDPCTg==@split_DynamiteModulesA_installtime.apk@classes.dex: File /data/dalvik-cache/x86_64/data@app@~~A-Om_32Y7FJ_KZcFgZDXWg==@com.google.android.gms-TfNYuzfVZ6qj9ezpoDPCTg==@split_DynamiteModulesA_installtime.apk@classes.vdex does not exist.
02-13 17:04:16.113 19732 19733 I artd    : GetBestInfo checking odex next to the dex file (/data/app/~~A-Om_32Y7FJ_KZcFgZDXWg==/com.google.android.gms-TfNYuzfVZ6qj9ezpoDPCTg==/oat/x86_64/split_DynamiteModulesA_installtime.odex)
02-13 17:04:16.113 19732 19733 I artd    : Loading /data/app/~~A-Om_32Y7FJ_KZcFgZDXWg==/com.google.android.gms-TfNYuzfVZ6qj9ezpoDPCTg==/oat/x86_64/split_DynamiteModulesA_installtime.odex with executable: 0
02-13 17:04:16.113 19732 19733 I artd    : Successfully loaded /data/app/~~A-Om_32Y7FJ_KZcFgZDXWg==/com.google.android.gms-TfNYuzfVZ6qj9ezpoDPCTg==/oat/x86_64/split_DynamiteModulesA_installtime.odex with executable: 0
02-13 17:04:16.113 19732 19733 I artd    : /data/app/~~A-Om_32Y7FJ_KZcFgZDXWg==/com.google.android.gms-TfNYuzfVZ6qj9ezpoDPCTg==/oat/x86_64/split_DynamiteModulesA_installtime.odex is kOatUpToDate with filter speed
02-13 17:04:16.114 19732 19733 I artd    : Dex parent of /data/app/~~A-Om_32Y7FJ_KZcFgZDXWg==/com.google.android.gms-TfNYuzfVZ6qj9ezpoDPCTg==/split_DynamiteModulesC_installtime.apk is not writable: Permission denied
02-13 17:04:16.114 19732 19733 I artd    : GetBestInfo checking odex in dalvik-cache (/data/dalvik-cache/x86_64/data@app@~~A-Om_32Y7FJ_KZcFgZDXWg==@com.google.android.gms-TfNYuzfVZ6qj9ezpoDPCTg==@split_DynamiteModulesC_installtime.apk@classes.dex)
02-13 17:04:16.114 19732 19733 I artd    : Loading /data/dalvik-cache/x86_64/data@app@~~A-Om_32Y7FJ_KZcFgZDXWg==@com.google.android.gms-TfNYuzfVZ6qj9ezpoDPCTg==@split_DynamiteModulesC_installtime.apk@classes.dex with executable: 0
02-13 17:04:16.114 19732 19733 I artd    : OatFileAssistant test for existing oat file /data/dalvik-cache/x86_64/data@app@~~A-Om_32Y7FJ_KZcFgZDXWg==@com.google.android.gms-TfNYuzfVZ6qj9ezpoDPCTg==@split_DynamiteModulesC_installtime.apk@classes.dex: File /data/dalvik-cache/x86_64/data@app@~~A-Om_32Y7FJ_KZcFgZDXWg==@com.google.android.gms-TfNYuzfVZ6qj9ezpoDPCTg==@split_DynamiteModulesC_installtime.apk@classes.vdex does not exist.
02-13 17:04:16.115 19732 19733 I artd    : GetBestInfo checking odex next to the dex file (/data/app/~~A-Om_32Y7FJ_KZcFgZDXWg==/com.google.android.gms-TfNYuzfVZ6qj9ezpoDPCTg==/oat/x86_64/split_DynamiteModulesC_installtime.odex)
02-13 17:04:16.115 19732 19733 I artd    : Loading /data/app/~~A-Om_32Y7FJ_KZcFgZDXWg==/com.google.android.gms-TfNYuzfVZ6qj9ezpoDPCTg==/oat/x86_64/split_DynamiteModulesC_installtime.odex with executable: 0
02-13 17:04:16.116 19732 19733 I artd    : Successfully loaded /data/app/~~A-Om_32Y7FJ_KZcFgZDXWg==/com.google.android.gms-TfNYuzfVZ6qj9ezpoDPCTg==/oat/x86_64/split_DynamiteModulesC_installtime.odex with executable: 0
02-13 17:04:16.116 19732 19733 I artd    : /data/app/~~A-Om_32Y7FJ_KZcFgZDXWg==/com.google.android.gms-TfNYuzfVZ6qj9ezpoDPCTg==/oat/x86_64/split_DynamiteModulesC_installtime.odex is kOatUpToDate with filter speed
02-13 17:04:16.119 19732 19733 I artd    : Dex parent of /data/app/~~A-Om_32Y7FJ_KZcFgZDXWg==/com.google.android.gms-TfNYuzfVZ6qj9ezpoDPCTg==/split_GoogleCertificates_installtime.apk is not writable: Permission denied
02-13 17:04:16.119 19732 19733 I artd    : GetBestInfo checking odex in dalvik-cache (/data/dalvik-cache/x86_64/data@app@~~A-Om_32Y7FJ_KZcFgZDXWg==@com.google.android.gms-TfNYuzfVZ6qj9ezpoDPCTg==@split_GoogleCertificates_installtime.apk@classes.dex)
02-13 17:04:16.119 19732 19733 I artd    : Loading /data/dalvik-cache/x86_64/data@app@~~A-Om_32Y7FJ_KZcFgZDXWg==@com.google.android.gms-TfNYuzfVZ6qj9ezpoDPCTg==@split_GoogleCertificates_installtime.apk@classes.dex with executable: 0
02-13 17:04:16.119 19732 19733 I artd    : OatFileAssistant test for existing oat file /data/dalvik-cache/x86_64/data@app@~~A-Om_32Y7FJ_KZcFgZDXWg==@com.google.android.gms-TfNYuzfVZ6qj9ezpoDPCTg==@split_GoogleCertificates_installtime.apk@classes.dex: File /data/dalvik-cache/x86_64/data@app@~~A-Om_32Y7FJ_KZcFgZDXWg==@com.google.android.gms-TfNYuzfVZ6qj9ezpoDPCTg==@split_GoogleCertificates_installtime.apk@classes.vdex does not exist.
02-13 17:04:16.119 19732 19733 I artd    : GetBestInfo checking odex next to the dex file (/data/app/~~A-Om_32Y7FJ_KZcFgZDXWg==/com.google.android.gms-TfNYuzfVZ6qj9ezpoDPCTg==/oat/x86_64/split_GoogleCertificates_installtime.odex)
02-13 17:04:16.119 19732 19733 I artd    : Loading /data/app/~~A-Om_32Y7FJ_KZcFgZDXWg==/com.google.android.gms-TfNYuzfVZ6qj9ezpoDPCTg==/oat/x86_64/split_GoogleCertificates_installtime.odex with executable: 0
02-13 17:04:16.119 19732 19733 I artd    : Successfully loaded /data/app/~~A-Om_32Y7FJ_KZcFgZDXWg==/com.google.android.gms-TfNYuzfVZ6qj9ezpoDPCTg==/oat/x86_64/split_GoogleCertificates_installtime.odex with executable: 0
02-13 17:04:16.119 19732 19733 I artd    : /data/app/~~A-Om_32Y7FJ_KZcFgZDXWg==/com.google.android.gms-TfNYuzfVZ6qj9ezpoDPCTg==/oat/x86_64/split_GoogleCertificates_installtime.odex is kOatUpToDate with filter speed
02-13 17:04:16.121 19732 19733 I artd    : Dex parent of /data/app/~~A-Om_32Y7FJ_KZcFgZDXWg==/com.google.android.gms-TfNYuzfVZ6qj9ezpoDPCTg==/split_MapsDynamite_installtime.apk is not writable: Permission denied
02-13 17:04:16.121 19732 19733 I artd    : GetBestInfo checking odex in dalvik-cache (/data/dalvik-cache/x86_64/data@app@~~A-Om_32Y7FJ_KZcFgZDXWg==@com.google.android.gms-TfNYuzfVZ6qj9ezpoDPCTg==@split_MapsDynamite_installtime.apk@classes.dex)
02-13 17:04:16.121 19732 19733 I artd    : Loading /data/dalvik-cache/x86_64/data@app@~~A-Om_32Y7FJ_KZcFgZDXWg==@com.google.android.gms-TfNYuzfVZ6qj9ezpoDPCTg==@split_MapsDynamite_installtime.apk@classes.dex with executable: 0
02-13 17:04:16.121 19732 19733 I artd    : OatFileAssistant test for existing oat file /data/dalvik-cache/x86_64/data@app@~~A-Om_32Y7FJ_KZcFgZDXWg==@com.google.android.gms-TfNYuzfVZ6qj9ezpoDPCTg==@split_MapsDynamite_installtime.apk@classes.dex: File /data/dalvik-cache/x86_64/data@app@~~A-Om_32Y7FJ_KZcFgZDXWg==@com.google.android.gms-TfNYuzfVZ6qj9ezpoDPCTg==@split_MapsDynamite_installtime.apk@classes.vdex does not exist.
02-13 17:04:16.121 19732 19733 I artd    : GetBestInfo checking odex next to the dex file (/data/app/~~A-Om_32Y7FJ_KZcFgZDXWg==/com.google.android.gms-TfNYuzfVZ6qj9ezpoDPCTg==/oat/x86_64/split_MapsDynamite_installtime.odex)
02-13 17:04:16.121 19732 19733 I artd    : Loading /data/app/~~A-Om_32Y7FJ_KZcFgZDXWg==/com.google.android.gms-TfNYuzfVZ6qj9ezpoDPCTg==/oat/x86_64/split_MapsDynamite_installtime.odex with executable: 0
02-13 17:04:16.122 19732 19733 I artd    : Successfully loaded /data/app/~~A-Om_32Y7FJ_KZcFgZDXWg==/com.google.android.gms-TfNYuzfVZ6qj9ezpoDPCTg==/oat/x86_64/split_MapsDynamite_installtime.odex with executable: 0
02-13 17:04:16.122 19732 19733 I artd    : /data/app/~~A-Om_32Y7FJ_KZcFgZDXWg==/com.google.android.gms-TfNYuzfVZ6qj9ezpoDPCTg==/oat/x86_64/split_MapsDynamite_installtime.odex is kOatUpToDate with filter speed
02-13 17:04:16.124 19732 19733 I artd    : Dex parent of /data/app/~~A-Om_32Y7FJ_KZcFgZDXWg==/com.google.android.gms-TfNYuzfVZ6qj9ezpoDPCTg==/split_MeasurementDynamite_installtime.apk is not writable: Permission denied
02-13 17:04:16.124 19732 19733 I artd    : GetBestInfo checking odex in dalvik-cache (/data/dalvik-cache/x86_64/data@app@~~A-Om_32Y7FJ_KZcFgZDXWg==@com.google.android.gms-TfNYuzfVZ6qj9ezpoDPCTg==@split_MeasurementDynamite_installtime.apk@classes.dex)
02-13 17:04:16.124 19732 19733 I artd    : Loading /data/dalvik-cache/x86_64/data@app@~~A-Om_32Y7FJ_KZcFgZDXWg==@com.google.android.gms-TfNYuzfVZ6qj9ezpoDPCTg==@split_MeasurementDynamite_installtime.apk@classes.dex with executable: 0
02-13 17:04:16.124 19732 19733 I artd    : OatFileAssistant test for existing oat file /data/dalvik-cache/x86_64/data@app@~~A-Om_32Y7FJ_KZcFgZDXWg==@com.google.android.gms-TfNYuzfVZ6qj9ezpoDPCTg==@split_MeasurementDynamite_installtime.apk@classes.dex: File /data/dalvik-cache/x86_64/data@app@~~A-Om_32Y7FJ_KZcFgZDXWg==@com.google.android.gms-TfNYuzfVZ6qj9ezpoDPCTg==@split_MeasurementDynamite_installtime.apk@classes.vdex does not exist.
02-13 17:04:16.124 19732 19733 I artd    : GetBestInfo checking odex next to the dex file (/data/app/~~A-Om_32Y7FJ_KZcFgZDXWg==/com.google.android.gms-TfNYuzfVZ6qj9ezpoDPCTg==/oat/x86_64/split_MeasurementDynamite_installtime.odex)
02-13 17:04:16.124 19732 19733 I artd    : Loading /data/app/~~A-Om_32Y7FJ_KZcFgZDXWg==/com.google.android.gms-TfNYuzfVZ6qj9ezpoDPCTg==/oat/x86_64/split_MeasurementDynamite_installtime.odex with executable: 0
02-13 17:04:16.124 19732 19733 I artd    : Successfully loaded /data/app/~~A-Om_32Y7FJ_KZcFgZDXWg==/com.google.android.gms-TfNYuzfVZ6qj9ezpoDPCTg==/oat/x86_64/split_MeasurementDynamite_installtime.odex with executable: 0
02-13 17:04:16.126 19732 19733 I artd    : /data/app/~~A-Om_32Y7FJ_KZcFgZDXWg==/com.google.android.gms-TfNYuzfVZ6qj9ezpoDPCTg==/oat/x86_64/split_MeasurementDynamite_installtime.odex is kOatUpToDate with filter speed
02-13 17:04:16.128 19732 19733 I artd    : Dex parent of /data/app/~~A-Om_32Y7FJ_KZcFgZDXWg==/com.google.android.gms-TfNYuzfVZ6qj9ezpoDPCTg==/split_all_locale_splits.apk is not writable: Permission denied
02-13 17:04:16.129 19732 19733 I artd    : GetBestInfo checking odex in dalvik-cache (/data/dalvik-cache/x86_64/data@app@~~A-Om_32Y7FJ_KZcFgZDXWg==@com.google.android.gms-TfNYuzfVZ6qj9ezpoDPCTg==@split_all_locale_splits.apk@classes.dex)
02-13 17:04:16.129 19732 19733 I artd    : Loading /data/dalvik-cache/x86_64/data@app@~~A-Om_32Y7FJ_KZcFgZDXWg==@com.google.android.gms-TfNYuzfVZ6qj9ezpoDPCTg==@split_all_locale_splits.apk@classes.dex with executable: 0
02-13 17:04:16.129 19732 19733 I artd    : OatFileAssistant test for existing oat file /data/dalvik-cache/x86_64/data@app@~~A-Om_32Y7FJ_KZcFgZDXWg==@com.google.android.gms-TfNYuzfVZ6qj9ezpoDPCTg==@split_all_locale_splits.apk@classes.dex: File /data/dalvik-cache/x86_64/data@app@~~A-Om_32Y7FJ_KZcFgZDXWg==@com.google.android.gms-TfNYuzfVZ6qj9ezpoDPCTg==@split_all_locale_splits.apk@classes.vdex does not exist.
02-13 17:04:16.129 19732 19733 I artd    : GetBestInfo checking odex next to the dex file (/data/app/~~A-Om_32Y7FJ_KZcFgZDXWg==/com.google.android.gms-TfNYuzfVZ6qj9ezpoDPCTg==/oat/x86_64/split_all_locale_splits.odex)
02-13 17:04:16.129 19732 19733 I artd    : Loading /data/app/~~A-Om_32Y7FJ_KZcFgZDXWg==/com.google.android.gms-TfNYuzfVZ6qj9ezpoDPCTg==/oat/x86_64/split_all_locale_splits.odex with executable: 0
02-13 17:04:16.129 19732 19733 I artd    : Successfully loaded /data/app/~~A-Om_32Y7FJ_KZcFgZDXWg==/com.google.android.gms-TfNYuzfVZ6qj9ezpoDPCTg==/oat/x86_64/split_all_locale_splits.odex with executable: 0
02-13 17:04:16.129 19732 19733 I artd    : /data/app/~~A-Om_32Y7FJ_KZcFgZDXWg==/com.google.android.gms-TfNYuzfVZ6qj9ezpoDPCTg==/oat/x86_64/split_all_locale_splits.odex is kOatUpToDate with filter speed
02-13 17:04:16.132 19732 19733 I artd    : Dex parent of /data/app/~~A-Om_32Y7FJ_KZcFgZDXWg==/com.google.android.gms-TfNYuzfVZ6qj9ezpoDPCTg==/split_maps_core_dynamite_ondemand.apk is not writable: Permission denied
02-13 17:04:16.132 19732 19733 I artd    : GetBestInfo checking odex in dalvik-cache (/data/dalvik-cache/x86_64/data@app@~~A-Om_32Y7FJ_KZcFgZDXWg==@com.google.android.gms-TfNYuzfVZ6qj9ezpoDPCTg==@split_maps_core_dynamite_ondemand.apk@classes.dex)
02-13 17:04:16.132 19732 19733 I artd    : Loading /data/dalvik-cache/x86_64/data@app@~~A-Om_32Y7FJ_KZcFgZDXWg==@com.google.android.gms-TfNYuzfVZ6qj9ezpoDPCTg==@split_maps_core_dynamite_ondemand.apk@classes.dex with executable: 0
02-13 17:04:16.132 19732 19733 I artd    : OatFileAssistant test for existing oat file /data/dalvik-cache/x86_64/data@app@~~A-Om_32Y7FJ_KZcFgZDXWg==@com.google.android.gms-TfNYuzfVZ6qj9ezpoDPCTg==@split_maps_core_dynamite_ondemand.apk@classes.dex: File /data/dalvik-cache/x86_64/data@app@~~A-Om_32Y7FJ_KZcFgZDXWg==@com.google.android.gms-TfNYuzfVZ6qj9ezpoDPCTg==@split_maps_core_dynamite_ondemand.apk@classes.vdex does not exist.
02-13 17:04:16.132 19732 19733 I artd    : GetBestInfo checking odex next to the dex file (/data/app/~~A-Om_32Y7FJ_KZcFgZDXWg==/com.google.android.gms-TfNYuzfVZ6qj9ezpoDPCTg==/oat/x86_64/split_maps_core_dynamite_ondemand.odex)
02-13 17:04:16.132 19732 19733 I artd    : Loading /data/app/~~A-Om_32Y7FJ_KZcFgZDXWg==/com.google.android.gms-TfNYuzfVZ6qj9ezpoDPCTg==/oat/x86_64/split_maps_core_dynamite_ondemand.odex with executable: 0
02-13 17:04:16.132 19732 19733 I artd    : OatFileAssistant test for existing oat file /data/app/~~A-Om_32Y7FJ_KZcFgZDXWg==/com.google.android.gms-TfNYuzfVZ6qj9ezpoDPCTg==/oat/x86_64/split_maps_core_dynamite_ondemand.odex: File /data/app/~~A-Om_32Y7FJ_KZcFgZDXWg==/com.google.android.gms-TfNYuzfVZ6qj9ezpoDPCTg==/oat/x86_64/split_maps_core_dynamite_ondemand.vdex does not exist.
02-13 17:04:16.132 19732 19733 I artd    : GetBestInfo checking vdex in dalvik-cache (/data/dalvik-cache/x86_64/data@app@~~A-Om_32Y7FJ_KZcFgZDXWg==@com.google.android.gms-TfNYuzfVZ6qj9ezpoDPCTg==@split_maps_core_dynamite_ondemand.apk@classes.vdex)
02-13 17:04:16.132 19732 19733 I artd    : unable to open vdex file /data/dalvik-cache/x86_64/data@app@~~A-Om_32Y7FJ_KZcFgZDXWg==@com.google.android.gms-TfNYuzfVZ6qj9ezpoDPCTg==@split_maps_core_dynamite_ondemand.apk@classes.vdex: File /data/dalvik-cache/x86_64/data@app@~~A-Om_32Y7FJ_KZcFgZDXWg==@com.google.android.gms-TfNYuzfVZ6qj9ezpoDPCTg==@split_maps_core_dynamite_ondemand.apk@classes.vdex does not exist.
02-13 17:04:16.132 19732 19733 I artd    : OatFileAssistant test for existing oat file /data/dalvik-cache/x86_64/data@app@~~A-Om_32Y7FJ_KZcFgZDXWg==@com.google.android.gms-TfNYuzfVZ6qj9ezpoDPCTg==@split_maps_core_dynamite_ondemand.apk@classes.vdex: File /data/dalvik-cache/x86_64/data@app@~~A-Om_32Y7FJ_KZcFgZDXWg==@com.google.android.gms-TfNYuzfVZ6qj9ezpoDPCTg==@split_maps_core_dynamite_ondemand.apk@classes.vdex does not exist.
02-13 17:04:16.132 19732 19733 I artd    : GetBestInfo checking vdex next to the dex file (/data/app/~~A-Om_32Y7FJ_KZcFgZDXWg==/com.google.android.gms-TfNYuzfVZ6qj9ezpoDPCTg==/oat/x86_64/split_maps_core_dynamite_ondemand.vdex)
02-13 17:04:16.132 19732 19733 I artd    : unable to open vdex file /data/app/~~A-Om_32Y7FJ_KZcFgZDXWg==/com.google.android.gms-TfNYuzfVZ6qj9ezpoDPCTg==/oat/x86_64/split_maps_core_dynamite_ondemand.vdex: File /data/app/~~A-Om_32Y7FJ_KZcFgZDXWg==/com.google.android.gms-TfNYuzfVZ6qj9ezpoDPCTg==/oat/x86_64/split_maps_core_dynamite_ondemand.vdex does not exist.
02-13 17:04:16.132 19732 19733 I artd    : OatFileAssistant test for existing oat file /data/app/~~A-Om_32Y7FJ_KZcFgZDXWg==/com.google.android.gms-TfNYuzfVZ6qj9ezpoDPCTg==/oat/x86_64/split_maps_core_dynamite_ondemand.vdex: File /data/app/~~A-Om_32Y7FJ_KZcFgZDXWg==/com.google.android.gms-TfNYuzfVZ6qj9ezpoDPCTg==/oat/x86_64/split_maps_core_dynamite_ondemand.vdex does not exist.
02-13 17:04:16.132 19732 19733 I artd    : GetBestInfo checking dm (/data/app/~~A-Om_32Y7FJ_KZcFgZDXWg==/com.google.android.gms-TfNYuzfVZ6qj9ezpoDPCTg==/split_maps_core_dynamite_ondemand.dm)
02-13 17:04:16.132 19732 19733 W ziparchive: Unable to open '/data/app/~~A-Om_32Y7FJ_KZcFgZDXWg==/com.google.android.gms-TfNYuzfVZ6qj9ezpoDPCTg==/split_maps_core_dynamite_ondemand.dm': No such file or directory
02-13 17:04:16.132 19732 19733 I artd    : OatFileAssistant test for existing oat file /data/app/~~A-Om_32Y7FJ_KZcFgZDXWg==/com.google.android.gms-TfNYuzfVZ6qj9ezpoDPCTg==/split_maps_core_dynamite_ondemand.dm: I/O error
02-13 17:04:16.132 19732 19733 I artd    : GetBestInfo checking dm (/data/app/~~A-Om_32Y7FJ_KZcFgZDXWg==/com.google.android.gms-TfNYuzfVZ6qj9ezpoDPCTg==/split_maps_core_dynamite_ondemand.dm)
02-13 17:04:16.132 19732 19733 W ziparchive: Unable to open '/data/app/~~A-Om_32Y7FJ_KZcFgZDXWg==/com.google.android.gms-TfNYuzfVZ6qj9ezpoDPCTg==/split_maps_core_dynamite_ondemand.dm': No such file or directory
02-13 17:04:16.132 19732 19733 I artd    : OatFileAssistant test for existing oat file /data/app/~~A-Om_32Y7FJ_KZcFgZDXWg==/com.google.android.gms-TfNYuzfVZ6qj9ezpoDPCTg==/split_maps_core_dynamite_ondemand.dm: I/O error
02-13 17:04:16.132 19732 19733 I artd    : GetBestInfo no usable artifacts
02-13 17:04:16.133 19732 19733 W artd    : Could not get dex checksums for location /data/app/~~W8Mv8iVZ0y20A87MNs5w_Q==/com.google.android.gms-jW50bSu-xF2Cil6w4kaXdw==/base.apk, fd=-1
02-13 17:04:16.134 19732 19733 I artd    : Dex parent of /data/user_de/0/com.google.android.gms/app_chimera/m/00000002/DynamiteLoader.uncompressed.apk is not writable: No such file or directory
02-13 17:04:16.135 19732 19733 I artd    : GetBestInfo checking odex in dalvik-cache (/data/dalvik-cache/x86_64/data@user_de@0@com.google.android.gms@app_chimera@m@00000002@DynamiteLoader.uncompressed.apk@classes.dex)
02-13 17:04:16.135 19732 19733 I artd    : Loading /data/dalvik-cache/x86_64/data@user_de@0@com.google.android.gms@app_chimera@m@00000002@DynamiteLoader.uncompressed.apk@classes.dex with executable: 0
02-13 17:04:16.135 19732 19733 I artd    : OatFileAssistant test for existing oat file /data/dalvik-cache/x86_64/data@user_de@0@com.google.android.gms@app_chimera@m@00000002@DynamiteLoader.uncompressed.apk@classes.dex: File /data/dalvik-cache/x86_64/data@user_de@0@com.google.android.gms@app_chimera@m@00000002@DynamiteLoader.uncompressed.apk@classes.vdex does not exist.
02-13 17:04:16.135 19732 19733 I artd    : GetBestInfo checking odex next to the dex file (/data/user_de/0/com.google.android.gms/app_chimera/m/00000002/oat/x86_64/DynamiteLoader.uncompressed.odex)
02-13 17:04:16.135 19732 19733 I artd    : Loading /data/user_de/0/com.google.android.gms/app_chimera/m/00000002/oat/x86_64/DynamiteLoader.uncompressed.odex with executable: 0
02-13 17:04:16.135 19732 19733 I artd    : OatFileAssistant test for existing oat file /data/user_de/0/com.google.android.gms/app_chimera/m/00000002/oat/x86_64/DynamiteLoader.uncompressed.odex: File /data/user_de/0/com.google.android.gms/app_chimera/m/00000002/oat/x86_64/DynamiteLoader.uncompressed.vdex does not exist.
02-13 17:04:16.135 19732 19733 I artd    : GetBestInfo checking vdex in dalvik-cache (/data/dalvik-cache/x86_64/data@user_de@0@com.google.android.gms@app_chimera@m@00000002@DynamiteLoader.uncompressed.apk@classes.vdex)
02-13 17:04:16.135 19732 19733 I artd    : unable to open vdex file /data/dalvik-cache/x86_64/data@user_de@0@com.google.android.gms@app_chimera@m@00000002@DynamiteLoader.uncompressed.apk@classes.vdex: File /data/dalvik-cache/x86_64/data@user_de@0@com.google.android.gms@app_chimera@m@00000002@DynamiteLoader.uncompressed.apk@classes.vdex does not exist.
02-13 17:04:16.135 19732 19733 I artd    : OatFileAssistant test for existing oat file /data/dalvik-cache/x86_64/data@user_de@0@com.google.android.gms@app_chimera@m@00000002@DynamiteLoader.uncompressed.apk@classes.vdex: File /data/dalvik-cache/x86_64/data@user_de@0@com.google.android.gms@app_chimera@m@00000002@DynamiteLoader.uncompressed.apk@classes.vdex does not exist.
02-13 17:04:16.135 19732 19733 I artd    : GetBestInfo checking vdex next to the dex file (/data/user_de/0/com.google.android.gms/app_chimera/m/00000002/oat/x86_64/DynamiteLoader.uncompressed.vdex)
02-13 17:04:16.135 19732 19733 I artd    : unable to open vdex file /data/user_de/0/com.google.android.gms/app_chimera/m/00000002/oat/x86_64/DynamiteLoader.uncompressed.vdex: File /data/user_de/0/com.google.android.gms/app_chimera/m/00000002/oat/x86_64/DynamiteLoader.uncompressed.vdex does not exist.
02-13 17:04:16.135 19732 19733 I artd    : OatFileAssistant test for existing oat file /data/user_de/0/com.google.android.gms/app_chimera/m/00000002/oat/x86_64/DynamiteLoader.uncompressed.vdex: File /data/user_de/0/com.google.android.gms/app_chimera/m/00000002/oat/x86_64/DynamiteLoader.uncompressed.vdex does not exist.
02-13 17:04:16.135 19732 19733 I artd    : GetBestInfo checking dm (/data/user_de/0/com.google.android.gms/app_chimera/m/00000002/DynamiteLoader.uncompressed.dm)
02-13 17:04:16.135 19732 19733 W ziparchive: Unable to open '/data/user_de/0/com.google.android.gms/app_chimera/m/00000002/DynamiteLoader.uncompressed.dm': No such file or directory
