02-13 17:05:16.078 19732 19733 W ziparchive: Unable to open '/data/user_de/0/com.google.android.gms/app_chimera/m/00000002/DynamiteLoader.uncompressed.dm': No such file or directory
02-13 17:05:16.078 19732 19733 I artd    : OatFileAssistant test for existing oat file /data/user_de/0/com.google.android.gms/app_chimera/m/00000002/DynamiteLoader.uncompressed.dm: I/O error
02-13 17:05:16.078 19732 19733 I artd    : GetBestInfo no usable artifacts
02-13 17:05:16.078 19732 19733 W artd    : Could not get dex checksums for location /data/app/~~W8Mv8iVZ0y20A87MNs5w_Q==/com.google.android.gms-jW50bSu-xF2Cil6w4kaXdw==/base.apk, fd=-1
02-13 17:05:16.078 19732 19733 W artd    : Could not get dex checksums for location /data/app/~~W8Mv8iVZ0y20A87MNs5w_Q==/com.google.android.gms-jW50bSu-xF2Cil6w4kaXdw==/base.apk, fd=-1
02-13 17:05:16.079 19732 19733 I artd    : Dex parent of /data/user_de/0/com.google.android.gms/app_chimera/m/00000005/GoogleCertificates.apk is not writable: No such file or directory
02-13 17:05:16.079 19732 19733 I artd    : GetBestInfo checking odex in dalvik-cache (/data/dalvik-cache/x86_64/data@user_de@0@com.google.android.gms@app_chimera@m@00000005@GoogleCertificates.apk@classes.dex)
02-13 17:05:16.079 19732 19733 I artd    : Loading /data/dalvik-cache/x86_64/data@user_de@0@com.google.android.gms@app_chimera@m@00000005@GoogleCertificates.apk@classes.dex with executable: 0
02-13 17:05:16.079 19732 19733 I artd    : OatFileAssistant test for existing oat file /data/dalvik-cache/x86_64/data@user_de@0@com.google.android.gms@app_chimera@m@00000005@GoogleCertificates.apk@classes.dex: File /data/dalvik-cache/x86_64/data@user_de@0@com.google.android.gms@app_chimera@m@00000005@GoogleCertificates.apk@classes.vdex does not exist.
02-13 17:05:16.079 19732 19733 I artd    : GetBestInfo checking odex next to the dex file (/data/user_de/0/com.google.android.gms/app_chimera/m/00000005/oat/x86_64/GoogleCertificates.odex)
02-13 17:05:16.079 19732 19733 I artd    : Loading /data/user_de/0/com.google.android.gms/app_chimera/m/00000005/oat/x86_64/GoogleCertificates.odex with executable: 0
02-13 17:05:16.079 19732 19733 I artd    : OatFileAssistant test for existing oat file /data/user_de/0/com.google.android.gms/app_chimera/m/00000005/oat/x86_64/GoogleCertificates.odex: File /data/user_de/0/com.google.android.gms/app_chimera/m/00000005/oat/x86_64/GoogleCertificates.vdex does not exist.
02-13 17:05:16.079 19732 19733 I artd    : GetBestInfo checking vdex in dalvik-cache (/data/dalvik-cache/x86_64/data@user_de@0@com.google.android.gms@app_chimera@m@00000005@GoogleCertificates.apk@classes.vdex)
02-13 17:05:16.079 19732 19733 I artd    : unable to open vdex file /data/dalvik-cache/x86_64/data@user_de@0@com.google.android.gms@app_chimera@m@00000005@GoogleCertificates.apk@classes.vdex: File /data/dalvik-cache/x86_64/data@user_de@0@com.google.android.gms@app_chimera@m@00000005@GoogleCertificates.apk@classes.vdex does not exist.
02-13 17:05:16.079 19732 19733 I artd    : OatFileAssistant test for existing oat file /data/dalvik-cache/x86_64/data@user_de@0@com.google.android.gms@app_chimera@m@00000005@GoogleCertificates.apk@classes.vdex: File /data/dalvik-cache/x86_64/data@user_de@0@com.google.android.gms@app_chimera@m@00000005@GoogleCertificates.apk@classes.vdex does not exist.
02-13 17:05:16.079 19732 19733 I artd    : GetBestInfo checking vdex next to the dex file (/data/user_de/0/com.google.android.gms/app_chimera/m/00000005/oat/x86_64/GoogleCertificates.vdex)
02-13 17:05:16.079 19732 19733 I artd    : unable to open vdex file /data/user_de/0/com.google.android.gms/app_chimera/m/00000005/oat/x86_64/GoogleCertificates.vdex: File /data/user_de/0/com.google.android.gms/app_chimera/m/00000005/oat/x86_64/GoogleCertificates.vdex does not exist.
02-13 17:05:16.079 19732 19733 I artd    : OatFileAssistant test for existing oat file /data/user_de/0/com.google.android.gms/app_chimera/m/00000005/oat/x86_64/GoogleCertificates.vdex: File /data/user_de/0/com.google.android.gms/app_chimera/m/00000005/oat/x86_64/GoogleCertificates.vdex does not exist.
02-13 17:05:16.079 19732 19733 I artd    : GetBestInfo checking dm (/data/user_de/0/com.google.android.gms/app_chimera/m/00000005/GoogleCertificates.dm)
02-13 17:05:16.079 19732 19733 W ziparchive: Unable to open '/data/user_de/0/com.google.android.gms/app_chimera/m/00000005/GoogleCertificates.dm': No such file or directory
02-13 17:05:16.079 19732 19733 I artd    : OatFileAssistant test for existing oat file /data/user_de/0/com.google.android.gms/app_chimera/m/00000005/GoogleCertificates.dm: I/O error
02-13 17:05:16.079 19732 19733 I artd    : GetBestInfo checking dm (/data/user_de/0/com.google.android.gms/app_chimera/m/00000005/GoogleCertificates.dm)
02-13 17:05:16.079 19732 19733 W ziparchive: Unable to open '/data/user_de/0/com.google.android.gms/app_chimera/m/00000005/GoogleCertificates.dm': No such file or directory
02-13 17:05:16.079 19732 19733 I artd    : OatFileAssistant test for existing oat file /data/user_de/0/com.google.android.gms/app_chimera/m/00000005/GoogleCertificates.dm: I/O error
02-13 17:05:16.079 19732 19733 I artd    : GetBestInfo no usable artifacts
02-13 17:05:16.079 19732 19733 W artd    : Could not get dex checksums for location /data/app/~~W8Mv8iVZ0y20A87MNs5w_Q==/com.google.android.gms-jW50bSu-xF2Cil6w4kaXdw==/base.apk, fd=-1
02-13 17:05:16.080 19732 19733 W artd    : Could not get dex checksums for location /data/app/~~W8Mv8iVZ0y20A87MNs5w_Q==/com.google.android.gms-jW50bSu-xF2Cil6w4kaXdw==/base.apk, fd=-1
02-13 17:05:16.081 19732 19733 I artd    : Dex parent of /data/user_de/0/com.google.android.gms/app_chimera/m/00000001/CronetDynamite.uncompressed.apk is not writable: No such file or directory
02-13 17:05:16.081 19732 19733 I artd    : GetBestInfo checking odex in dalvik-cache (/data/dalvik-cache/x86_64/data@user_de@0@com.google.android.gms@app_chimera@m@00000001@CronetDynamite.uncompressed.apk@classes.dex)
02-13 17:05:16.081 19732 19733 I artd    : Loading /data/dalvik-cache/x86_64/data@user_de@0@com.google.android.gms@app_chimera@m@00000001@CronetDynamite.uncompressed.apk@classes.dex with executable: 0
02-13 17:05:16.081 19732 19733 I artd    : OatFileAssistant test for existing oat file /data/dalvik-cache/x86_64/data@user_de@0@com.google.android.gms@app_chimera@m@00000001@CronetDynamite.uncompressed.apk@classes.dex: File /data/dalvik-cache/x86_64/data@user_de@0@com.google.android.gms@app_chimera@m@00000001@CronetDynamite.uncompressed.apk@classes.vdex does not exist.
02-13 17:05:16.081 19732 19733 I artd    : GetBestInfo checking odex next to the dex file (/data/user_de/0/com.google.android.gms/app_chimera/m/00000001/oat/x86_64/CronetDynamite.uncompressed.odex)
02-13 17:05:16.081 19732 19733 I artd    : Loading /data/user_de/0/com.google.android.gms/app_chimera/m/00000001/oat/x86_64/CronetDynamite.uncompressed.odex with executable: 0
02-13 17:05:16.081 19732 19733 I artd    : OatFileAssistant test for existing oat file /data/user_de/0/com.google.android.gms/app_chimera/m/00000001/oat/x86_64/CronetDynamite.uncompressed.odex: File /data/user_de/0/com.google.android.gms/app_chimera/m/00000001/oat/x86_64/CronetDynamite.uncompressed.vdex does not exist.
02-13 17:05:16.081 19732 19733 I artd    : GetBestInfo checking vdex in dalvik-cache (/data/dalvik-cache/x86_64/data@user_de@0@com.google.android.gms@app_chimera@m@00000001@CronetDynamite.uncompressed.apk@classes.vdex)
02-13 17:05:16.081 19732 19733 I artd    : unable to open vdex file /data/dalvik-cache/x86_64/data@user_de@0@com.google.android.gms@app_chimera@m@00000001@CronetDynamite.uncompressed.apk@classes.vdex: File /data/dalvik-cache/x86_64/data@user_de@0@com.google.android.gms@app_chimera@m@00000001@CronetDynamite.uncompressed.apk@classes.vdex does not exist.
02-13 17:05:16.081 19732 19733 I artd    : OatFileAssistant test for existing oat file /data/dalvik-cache/x86_64/data@user_de@0@com.google.android.gms@app_chimera@m@00000001@CronetDynamite.uncompressed.apk@classes.vdex: File /data/dalvik-cache/x86_64/data@user_de@0@com.google.android.gms@app_chimera@m@00000001@CronetDynamite.uncompressed.apk@classes.vdex does not exist.
02-13 17:05:16.081 19732 19733 I artd    : GetBestInfo checking vdex next to the dex file (/data/user_de/0/com.google.android.gms/app_chimera/m/00000001/oat/x86_64/CronetDynamite.uncompressed.vdex)
02-13 17:05:16.081 19732 19733 I artd    : unable to open vdex file /data/user_de/0/com.google.android.gms/app_chimera/m/00000001/oat/x86_64/CronetDynamite.uncompressed.vdex: File /data/user_de/0/com.google.android.gms/app_chimera/m/00000001/oat/x86_64/CronetDynamite.uncompressed.vdex does not exist.
02-13 17:05:16.081 19732 19733 I artd    : OatFileAssistant test for existing oat file /data/user_de/0/com.google.android.gms/app_chimera/m/00000001/oat/x86_64/CronetDynamite.uncompressed.vdex: File /data/user_de/0/com.google.android.gms/app_chimera/m/00000001/oat/x86_64/CronetDynamite.uncompressed.vdex does not exist.
02-13 17:05:16.081 19732 19733 I artd    : GetBestInfo checking dm (/data/user_de/0/com.google.android.gms/app_chimera/m/00000001/CronetDynamite.uncompressed.dm)
02-13 17:05:16.081 19732 19733 W ziparchive: Unable to open '/data/user_de/0/com.google.android.gms/app_chimera/m/00000001/CronetDynamite.uncompressed.dm': No such file or directory
02-13 17:05:16.081 19732 19733 I artd    : OatFileAssistant test for existing oat file /data/user_de/0/com.google.android.gms/app_chimera/m/00000001/CronetDynamite.uncompressed.dm: I/O error
02-13 17:05:16.081 19732 19733 I artd    : GetBestInfo checking dm (/data/user_de/0/com.google.android.gms/app_chimera/m/00000001/CronetDynamite.uncompressed.dm)
02-13 17:05:16.081 19732 19733 W ziparchive: Unable to open '/data/user_de/0/com.google.android.gms/app_chimera/m/00000001/CronetDynamite.uncompressed.dm': No such file or directory
02-13 17:05:16.081 19732 19733 I artd    : OatFileAssistant test for existing oat file /data/user_de/0/com.google.android.gms/app_chimera/m/00000001/CronetDynamite.uncompressed.dm: I/O error
02-13 17:05:16.081 19732 19733 I artd    : GetBestInfo no usable artifacts
02-13 17:05:16.081 19732 19733 W artd    : Could not get dex checksums for location /data/app/~~W8Mv8iVZ0y20A87MNs5w_Q==/com.google.android.gms-jW50bSu-xF2Cil6w4kaXdw==/base.apk, fd=-1
02-13 17:05:16.082 19732 19733 W artd    : Could not get dex checksums for location /data/app/~~W8Mv8iVZ0y20A87MNs5w_Q==/com.google.android.gms-jW50bSu-xF2Cil6w4kaXdw==/base.apk, fd=-1
02-13 17:05:16.083 19732 19733 W artd    : Could not get dex checksums for location /data/app/~~W8Mv8iVZ0y20A87MNs5w_Q==/com.google.android.gms-jW50bSu-xF2Cil6w4kaXdw==/base.apk, fd=-1
02-13 17:05:16.086 19732 19733 I artd    : Dex parent of /data/user_de/0/com.google.android.gms/app_chimera/m/00000009/dl-MlkitBarcodeUi.optional_242335100800.apk is not writable: No such file or directory
02-13 17:05:16.086 19732 19733 I artd    : GetBestInfo checking odex in dalvik-cache (/data/dalvik-cache/x86_64/data@user_de@0@com.google.android.gms@app_chimera@m@00000009@dl-MlkitBarcodeUi.optional_242335100800.apk@classes.dex)
02-13 17:05:16.086 19732 19733 I artd    : Loading /data/dalvik-cache/x86_64/data@user_de@0@com.google.android.gms@app_chimera@m@00000009@dl-MlkitBarcodeUi.optional_242335100800.apk@classes.dex with executable: 0
02-13 17:05:16.086 19732 19733 I artd    : OatFileAssistant test for existing oat file /data/dalvik-cache/x86_64/data@user_de@0@com.google.android.gms@app_chimera@m@00000009@dl-MlkitBarcodeUi.optional_242335100800.apk@classes.dex: File /data/dalvik-cache/x86_64/data@user_de@0@com.google.android.gms@app_chimera@m@00000009@dl-MlkitBarcodeUi.optional_242335100800.apk@classes.vdex does not exist.
02-13 17:05:16.086 19732 19733 I artd    : GetBestInfo checking odex next to the dex file (/data/user_de/0/com.google.android.gms/app_chimera/m/00000009/oat/x86_64/dl-MlkitBarcodeUi.optional_242335100800.odex)
02-13 17:05:16.086 19732 19733 I artd    : Loading /data/user_de/0/com.google.android.gms/app_chimera/m/00000009/oat/x86_64/dl-MlkitBarcodeUi.optional_242335100800.odex with executable: 0
02-13 17:05:16.086 19732 19733 I artd    : OatFileAssistant test for existing oat file /data/user_de/0/com.google.android.gms/app_chimera/m/00000009/oat/x86_64/dl-MlkitBarcodeUi.optional_242335100800.odex: File /data/user_de/0/com.google.android.gms/app_chimera/m/00000009/oat/x86_64/dl-MlkitBarcodeUi.optional_242335100800.vdex does not exist.
02-13 17:05:16.086 19732 19733 I artd    : GetBestInfo checking vdex in dalvik-cache (/data/dalvik-cache/x86_64/data@user_de@0@com.google.android.gms@app_chimera@m@00000009@dl-MlkitBarcodeUi.optional_242335100800.apk@classes.vdex)
02-13 17:05:16.086 19732 19733 I artd    : unable to open vdex file /data/dalvik-cache/x86_64/data@user_de@0@com.google.android.gms@app_chimera@m@00000009@dl-MlkitBarcodeUi.optional_242335100800.apk@classes.vdex: File /data/dalvik-cache/x86_64/data@user_de@0@com.google.android.gms@app_chimera@m@00000009@dl-MlkitBarcodeUi.optional_242335100800.apk@classes.vdex does not exist.
02-13 17:05:16.086 19732 19733 I artd    : OatFileAssistant test for existing oat file /data/dalvik-cache/x86_64/data@user_de@0@com.google.android.gms@app_chimera@m@00000009@dl-MlkitBarcodeUi.optional_242335100800.apk@classes.vdex: File /data/dalvik-cache/x86_64/data@user_de@0@com.google.android.gms@app_chimera@m@00000009@dl-MlkitBarcodeUi.optional_242335100800.apk@classes.vdex does not exist.
02-13 17:05:16.086 19732 19733 I artd    : GetBestInfo checking vdex next to the dex file (/data/user_de/0/com.google.android.gms/app_chimera/m/00000009/oat/x86_64/dl-MlkitBarcodeUi.optional_242335100800.vdex)
02-13 17:05:16.086 19732 19733 I artd    : unable to open vdex file /data/user_de/0/com.google.android.gms/app_chimera/m/00000009/oat/x86_64/dl-MlkitBarcodeUi.optional_242335100800.vdex: File /data/user_de/0/com.google.android.gms/app_chimera/m/00000009/oat/x86_64/dl-MlkitBarcodeUi.optional_242335100800.vdex does not exist.
02-13 17:05:16.086 19732 19733 I artd    : OatFileAssistant test for existing oat file /data/user_de/0/com.google.android.gms/app_chimera/m/00000009/oat/x86_64/dl-MlkitBarcodeUi.optional_242335100800.vdex: File /data/user_de/0/com.google.android.gms/app_chimera/m/00000009/oat/x86_64/dl-MlkitBarcodeUi.optional_242335100800.vdex does not exist.
02-13 17:05:16.086 19732 19733 I artd    : GetBestInfo checking dm (/data/user_de/0/com.google.android.gms/app_chimera/m/00000009/dl-MlkitBarcodeUi.optional_242335100800.dm)
02-13 17:05:16.086 19732 19733 W ziparchive: Unable to open '/data/user_de/0/com.google.android.gms/app_chimera/m/00000009/dl-MlkitBarcodeUi.optional_242335100800.dm': No such file or directory
02-13 17:05:16.086 19732 19733 I artd    : OatFileAssistant test for existing oat file /data/user_de/0/com.google.android.gms/app_chimera/m/00000009/dl-MlkitBarcodeUi.optional_242335100800.dm: I/O error
02-13 17:05:16.086 19732 19733 I artd    : GetBestInfo checking dm (/data/user_de/0/com.google.android.gms/app_chimera/m/00000009/dl-MlkitBarcodeUi.optional_242335100800.dm)
02-13 17:05:16.086 19732 19733 W ziparchive: Unable to open '/data/user_de/0/com.google.android.gms/app_chimera/m/00000009/dl-MlkitBarcodeUi.optional_242335100800.dm': No such file or directory
02-13 17:05:16.086 19732 19733 I artd    : OatFileAssistant test for existing oat file /data/user_de/0/com.google.android.gms/app_chimera/m/00000009/dl-MlkitBarcodeUi.optional_242335100800.dm: I/O error
02-13 17:05:16.086 19732 19733 I artd    : GetBestInfo no usable artifacts
02-13 17:05:16.087 19732 19733 I artd    : Dex parent of /data/user_de/0/com.google.android.gms/app_chimera/m/00000007/MeasurementDynamite.apk is not writable: No such file or directory
02-13 17:05:16.087 19732 19733 I artd    : GetBestInfo checking odex in dalvik-cache (/data/dalvik-cache/x86_64/data@user_de@0@com.google.android.gms@app_chimera@m@00000007@MeasurementDynamite.apk@classes.dex)
02-13 17:05:16.087 19732 19733 I artd    : Loading /data/dalvik-cache/x86_64/data@user_de@0@com.google.android.gms@app_chimera@m@00000007@MeasurementDynamite.apk@classes.dex with executable: 0
02-13 17:05:16.087 19732 19733 I artd    : OatFileAssistant test for existing oat file /data/dalvik-cache/x86_64/data@user_de@0@com.google.android.gms@app_chimera@m@00000007@MeasurementDynamite.apk@classes.dex: File /data/dalvik-cache/x86_64/data@user_de@0@com.google.android.gms@app_chimera@m@00000007@MeasurementDynamite.apk@classes.vdex does not exist.
02-13 17:05:16.087 19732 19733 I artd    : GetBestInfo checking odex next to the dex file (/data/user_de/0/com.google.android.gms/app_chimera/m/00000007/oat/x86_64/MeasurementDynamite.odex)
02-13 17:05:16.087 19732 19733 I artd    : Loading /data/user_de/0/com.google.android.gms/app_chimera/m/00000007/oat/x86_64/MeasurementDynamite.odex with executable: 0
02-13 17:05:16.087 19732 19733 I artd    : OatFileAssistant test for existing oat file /data/user_de/0/com.google.android.gms/app_chimera/m/00000007/oat/x86_64/MeasurementDynamite.odex: File /data/user_de/0/com.google.android.gms/app_chimera/m/00000007/oat/x86_64/MeasurementDynamite.vdex does not exist.
02-13 17:05:16.087 19732 19733 I artd    : GetBestInfo checking vdex in dalvik-cache (/data/dalvik-cache/x86_64/data@user_de@0@com.google.android.gms@app_chimera@m@00000007@MeasurementDynamite.apk@classes.vdex)
02-13 17:05:16.087 19732 19733 I artd    : unable to open vdex file /data/dalvik-cache/x86_64/data@user_de@0@com.google.android.gms@app_chimera@m@00000007@MeasurementDynamite.apk@classes.vdex: File /data/dalvik-cache/x86_64/data@user_de@0@com.google.android.gms@app_chimera@m@00000007@MeasurementDynamite.apk@classes.vdex does not exist.
02-13 17:05:16.087 19732 19733 I artd    : OatFileAssistant test for existing oat file /data/dalvik-cache/x86_64/data@user_de@0@com.google.android.gms@app_chimera@m@00000007@MeasurementDynamite.apk@classes.vdex: File /data/dalvik-cache/x86_64/data@user_de@0@com.google.android.gms@app_chimera@m@00000007@MeasurementDynamite.apk@classes.vdex does not exist.
02-13 17:05:16.087 19732 19733 I artd    : GetBestInfo checking vdex next to the dex file (/data/user_de/0/com.google.android.gms/app_chimera/m/00000007/oat/x86_64/MeasurementDynamite.vdex)
02-13 17:05:16.087 19732 19733 I artd    : unable to open vdex file /data/user_de/0/com.google.android.gms/app_chimera/m/00000007/oat/x86_64/MeasurementDynamite.vdex: File /data/user_de/0/com.google.android.gms/app_chimera/m/00000007/oat/x86_64/MeasurementDynamite.vdex does not exist.
02-13 17:05:16.087 19732 19733 I artd    : OatFileAssistant test for existing oat file /data/user_de/0/com.google.android.gms/app_chimera/m/00000007/oat/x86_64/MeasurementDynamite.vdex: File /data/user_de/0/com.google.android.gms/app_chimera/m/00000007/oat/x86_64/MeasurementDynamite.vdex does not exist.
02-13 17:05:16.087 19732 19733 I artd    : GetBestInfo checking dm (/data/user_de/0/com.google.android.gms/app_chimera/m/00000007/MeasurementDynamite.dm)
02-13 17:05:16.087 19732 19733 W ziparchive: Unable to open '/data/user_de/0/com.google.android.gms/app_chimera/m/00000007/MeasurementDynamite.dm': No such file or directory
02-13 17:05:16.087 19732 19733 I artd    : OatFileAssistant test for existing oat file /data/user_de/0/com.google.android.gms/app_chimera/m/00000007/MeasurementDynamite.dm: I/O error
02-13 17:05:16.087 19732 19733 I artd    : GetBestInfo checking dm (/data/user_de/0/com.google.android.gms/app_chimera/m/00000007/MeasurementDynamite.dm)
02-13 17:05:16.087 19732 19733 W ziparchive: Unable to open '/data/user_de/0/com.google.android.gms/app_chimera/m/00000007/MeasurementDynamite.dm': No such file or directory
02-13 17:05:16.087 19732 19733 I artd    : OatFileAssistant test for existing oat file /data/user_de/0/com.google.android.gms/app_chimera/m/00000007/MeasurementDynamite.dm: I/O error
02-13 17:05:16.087 19732 19733 I artd    : GetBestInfo no usable artifacts
02-13 17:05:16.126   611   623 I system_server: Background concurrent mark compact GC freed 26MB AllocSpace bytes, 8(160KB) LOS objects, 44% free, 29MB/53MB, paused 704us,1.802ms total 137.802ms
02-13 17:05:16.219  1046  4598 I NullBinder: NullBinder for android.net.action.RECOMMEND_NETWORKS triggering remote TransactionTooLargeException due to Service without Chimera impl, calling uid: 1000, calling pid: 0
02-13 17:05:16.219  1046  4598 W .gms.persistent: Large reply transaction of 1056768 bytes, interface descriptor , code 1
02-13 17:05:16.219  1383  2257 I BugleRcsEngine: handleMessage processing message:[NOTIFY_UPTIME_IGNORE_STATE_CHANGED] with [non-null]:RcsEngineImpl reference [CONTEXT log_prefix="RcsEngineImpl[DUAL_REG]:[e0b14f02-3670]>Handler" thread_id=63 ]
02-13 17:05:16.220  1383  2028 I BugleRcsEngine: Connected state: [1], networkType: [WIFI] [CONTEXT thread_id=57 ]
02-13 17:05:16.224   611   758 W IPCThreadState: Sending oneway calls to frozen process.
02-13 17:05:16.224   611   758 W IPCThreadState: Sending oneway calls to frozen process.
02-13 17:05:16.224   611   758 W IPCThreadState: Sending oneway calls to frozen process.
02-13 17:05:16.224   611   758 W IPCThreadState: Sending oneway calls to frozen process.
02-13 17:05:16.224   611   758 W IPCThreadState: Sending oneway calls to frozen process.
02-13 17:05:16.224   611   758 W IPCThreadState: Sending oneway calls to frozen process.
02-13 17:05:16.224   611   758 W IPCThreadState: Sending oneway calls to frozen process.
02-13 17:05:16.224   611   758 W IPCThreadState: Sending oneway calls to frozen process.
02-13 17:05:16.226  1383  2257 I BugleRcsEngine: No RCS Configuration was found in Bugle for simID: redacted-pii:sim_id[chars:20,last3:897] [CONTEXT log_prefix="ProvisioningEngineDataRetriever" thread_id=63 ]
02-13 17:05:17.245   845  1045 D EGL_emulation: app_time_stats: avg=17215.07ms min=17215.07ms max=17215.07ms count=1
02-13 17:05:22.234   611   758 W IPCThreadState: Sending oneway calls to frozen process.
02-13 17:05:22.235   611   758 W IPCThreadState: Sending oneway calls to frozen process.
02-13 17:05:22.235   611   758 W IPCThreadState: Sending oneway calls to frozen process.
02-13 17:05:22.235   611   758 W IPCThreadState: Sending oneway calls to frozen process.
02-13 17:05:22.236   611   758 W IPCThreadState: Sending oneway calls to frozen process.
02-13 17:05:22.236  1383  2028 I BugleRcsEngine: Connected state: [1], networkType: [WIFI] [CONTEXT thread_id=57 ]
02-13 17:05:22.236  1383  2257 I BugleRcsEngine: handleMessage processing message:[NOTIFY_UPTIME_IGNORE_STATE_CHANGED] with [non-null]:RcsEngineImpl reference [CONTEXT log_prefix="RcsEngineImpl[DUAL_REG]:[e0b14f02-3670]>Handler" thread_id=63 ]
02-13 17:05:22.236   611   758 W IPCThreadState: Sending oneway calls to frozen process.
02-13 17:05:22.237  1046  1066 I NullBinder: NullBinder for android.net.action.RECOMMEND_NETWORKS triggering remote TransactionTooLargeException due to Service without Chimera impl, calling uid: 1000, calling pid: 0
02-13 17:05:22.236   611   758 W IPCThreadState: Sending oneway calls to frozen process.
02-13 17:05:22.237  1046  1066 W .gms.persistent: Large reply transaction of 1056768 bytes, interface descriptor , code 1
02-13 17:05:22.237   611   758 W IPCThreadState: Sending oneway calls to frozen process.
02-13 17:05:22.244  1383  2257 I BugleRcsEngine: No RCS Configuration was found in Bugle for simID: redacted-pii:sim_id[chars:20,last3:897] [CONTEXT log_prefix="ProvisioningEngineDataRetriever" thread_id=63 ]
02-13 17:05:26.050 19732 19733 I artd    : Dex parent of /data/app/~~A-Om_32Y7FJ_KZcFgZDXWg==/com.google.android.gms-TfNYuzfVZ6qj9ezpoDPCTg==/base.apk is not writable: Permission denied
02-13 17:05:26.051 19732 19733 I artd    : GetBestInfo checking odex in dalvik-cache (/data/dalvik-cache/x86_64/data@app@~~A-Om_32Y7FJ_KZcFgZDXWg==@com.google.android.gms-TfNYuzfVZ6qj9ezpoDPCTg==@base.apk@classes.dex)
02-13 17:05:26.051 19732 19733 I artd    : Loading /data/dalvik-cache/x86_64/data@app@~~A-Om_32Y7FJ_KZcFgZDXWg==@com.google.android.gms-TfNYuzfVZ6qj9ezpoDPCTg==@base.apk@classes.dex with executable: 0
02-13 17:05:26.051 19732 19733 I artd    : OatFileAssistant test for existing oat file /data/dalvik-cache/x86_64/data@app@~~A-Om_32Y7FJ_KZcFgZDXWg==@com.google.android.gms-TfNYuzfVZ6qj9ezpoDPCTg==@base.apk@classes.dex: File /data/dalvik-cache/x86_64/data@app@~~A-Om_32Y7FJ_KZcFgZDXWg==@com.google.android.gms-TfNYuzfVZ6qj9ezpoDPCTg==@base.apk@classes.vdex does not exist.
02-13 17:05:26.051 19732 19733 I artd    : GetBestInfo checking odex next to the dex file (/data/app/~~A-Om_32Y7FJ_KZcFgZDXWg==/com.google.android.gms-TfNYuzfVZ6qj9ezpoDPCTg==/oat/x86_64/base.odex)
02-13 17:05:26.051 19732 19733 I artd    : Loading /data/app/~~A-Om_32Y7FJ_KZcFgZDXWg==/com.google.android.gms-TfNYuzfVZ6qj9ezpoDPCTg==/oat/x86_64/base.odex with executable: 0
02-13 17:05:26.053 19732 19733 I artd    : Successfully loaded /data/app/~~A-Om_32Y7FJ_KZcFgZDXWg==/com.google.android.gms-TfNYuzfVZ6qj9ezpoDPCTg==/oat/x86_64/base.odex with executable: 0
02-13 17:05:26.054 19732 19733 I artd    : /data/app/~~A-Om_32Y7FJ_KZcFgZDXWg==/com.google.android.gms-TfNYuzfVZ6qj9ezpoDPCTg==/oat/x86_64/base.odex is kOatUpToDate with filter speed-profile
02-13 17:05:26.055 19732 19733 I artd    : Dex parent of /data/app/~~A-Om_32Y7FJ_KZcFgZDXWg==/com.google.android.gms-TfNYuzfVZ6qj9ezpoDPCTg==/split_AdsDynamite_installtime.apk is not writable: Permission denied
02-13 17:05:26.055 19732 19733 I artd    : GetBestInfo checking odex in dalvik-cache (/data/dalvik-cache/x86_64/data@app@~~A-Om_32Y7FJ_KZcFgZDXWg==@com.google.android.gms-TfNYuzfVZ6qj9ezpoDPCTg==@split_AdsDynamite_installtime.apk@classes.dex)
02-13 17:05:26.055 19732 19733 I artd    : Loading /data/dalvik-cache/x86_64/data@app@~~A-Om_32Y7FJ_KZcFgZDXWg==@com.google.android.gms-TfNYuzfVZ6qj9ezpoDPCTg==@split_AdsDynamite_installtime.apk@classes.dex with executable: 0
02-13 17:05:26.055 19732 19733 I artd    : OatFileAssistant test for existing oat file /data/dalvik-cache/x86_64/data@app@~~A-Om_32Y7FJ_KZcFgZDXWg==@com.google.android.gms-TfNYuzfVZ6qj9ezpoDPCTg==@split_AdsDynamite_installtime.apk@classes.dex: File /data/dalvik-cache/x86_64/data@app@~~A-Om_32Y7FJ_KZcFgZDXWg==@com.google.android.gms-TfNYuzfVZ6qj9ezpoDPCTg==@split_AdsDynamite_installtime.apk@classes.vdex does not exist.
02-13 17:05:26.055 19732 19733 I artd    : GetBestInfo checking odex next to the dex file (/data/app/~~A-Om_32Y7FJ_KZcFgZDXWg==/com.google.android.gms-TfNYuzfVZ6qj9ezpoDPCTg==/oat/x86_64/split_AdsDynamite_installtime.odex)
02-13 17:05:26.055 19732 19733 I artd    : Loading /data/app/~~A-Om_32Y7FJ_KZcFgZDXWg==/com.google.android.gms-TfNYuzfVZ6qj9ezpoDPCTg==/oat/x86_64/split_AdsDynamite_installtime.odex with executable: 0
02-13 17:05:26.056 19732 19733 I artd    : Successfully loaded /data/app/~~A-Om_32Y7FJ_KZcFgZDXWg==/com.google.android.gms-TfNYuzfVZ6qj9ezpoDPCTg==/oat/x86_64/split_AdsDynamite_installtime.odex with executable: 0
02-13 17:05:26.057 19732 19733 I artd    : /data/app/~~A-Om_32Y7FJ_KZcFgZDXWg==/com.google.android.gms-TfNYuzfVZ6qj9ezpoDPCTg==/oat/x86_64/split_AdsDynamite_installtime.odex is kOatUpToDate with filter speed
02-13 17:05:26.058 19732 19733 I artd    : Dex parent of /data/app/~~A-Om_32Y7FJ_KZcFgZDXWg==/com.google.android.gms-TfNYuzfVZ6qj9ezpoDPCTg==/split_CronetDynamite_installtime.apk is not writable: Permission denied
02-13 17:05:26.058 19732 19733 I artd    : GetBestInfo checking odex in dalvik-cache (/data/dalvik-cache/x86_64/data@app@~~A-Om_32Y7FJ_KZcFgZDXWg==@com.google.android.gms-TfNYuzfVZ6qj9ezpoDPCTg==@split_CronetDynamite_installtime.apk@classes.dex)
02-13 17:05:26.058 19732 19733 I artd    : Loading /data/dalvik-cache/x86_64/data@app@~~A-Om_32Y7FJ_KZcFgZDXWg==@com.google.android.gms-TfNYuzfVZ6qj9ezpoDPCTg==@split_CronetDynamite_installtime.apk@classes.dex with executable: 0
02-13 17:05:26.058 19732 19733 I artd    : OatFileAssistant test for existing oat file /data/dalvik-cache/x86_64/data@app@~~A-Om_32Y7FJ_KZcFgZDXWg==@com.google.android.gms-TfNYuzfVZ6qj9ezpoDPCTg==@split_CronetDynamite_installtime.apk@classes.dex: File /data/dalvik-cache/x86_64/data@app@~~A-Om_32Y7FJ_KZcFgZDXWg==@com.google.android.gms-TfNYuzfVZ6qj9ezpoDPCTg==@split_CronetDynamite_installtime.apk@classes.vdex does not exist.
02-13 17:05:26.058 19732 19733 I artd    : GetBestInfo checking odex next to the dex file (/data/app/~~A-Om_32Y7FJ_KZcFgZDXWg==/com.google.android.gms-TfNYuzfVZ6qj9ezpoDPCTg==/oat/x86_64/split_CronetDynamite_installtime.odex)
02-13 17:05:26.058 19732 19733 I artd    : Loading /data/app/~~A-Om_32Y7FJ_KZcFgZDXWg==/com.google.android.gms-TfNYuzfVZ6qj9ezpoDPCTg==/oat/x86_64/split_CronetDynamite_installtime.odex with executable: 0
02-13 17:05:26.059 19732 19733 I artd    : Successfully loaded /data/app/~~A-Om_32Y7FJ_KZcFgZDXWg==/com.google.android.gms-TfNYuzfVZ6qj9ezpoDPCTg==/oat/x86_64/split_CronetDynamite_installtime.odex with executable: 0
02-13 17:05:26.059 19732 19733 I artd    : /data/app/~~A-Om_32Y7FJ_KZcFgZDXWg==/com.google.android.gms-TfNYuzfVZ6qj9ezpoDPCTg==/oat/x86_64/split_CronetDynamite_installtime.odex is kOatUpToDate with filter speed-profile
02-13 17:05:26.060 19732 19733 I artd    : Dex parent of /data/app/~~A-Om_32Y7FJ_KZcFgZDXWg==/com.google.android.gms-TfNYuzfVZ6qj9ezpoDPCTg==/split_DynamiteLoader_installtime.apk is not writable: Permission denied
02-13 17:05:26.060 19732 19733 I artd    : GetBestInfo checking odex in dalvik-cache (/data/dalvik-cache/x86_64/data@app@~~A-Om_32Y7FJ_KZcFgZDXWg==@com.google.android.gms-TfNYuzfVZ6qj9ezpoDPCTg==@split_DynamiteLoader_installtime.apk@classes.dex)
02-13 17:05:26.060 19732 19733 I artd    : Loading /data/dalvik-cache/x86_64/data@app@~~A-Om_32Y7FJ_KZcFgZDXWg==@com.google.android.gms-TfNYuzfVZ6qj9ezpoDPCTg==@split_DynamiteLoader_installtime.apk@classes.dex with executable: 0
02-13 17:05:26.060 19732 19733 I artd    : OatFileAssistant test for existing oat file /data/dalvik-cache/x86_64/data@app@~~A-Om_32Y7FJ_KZcFgZDXWg==@com.google.android.gms-TfNYuzfVZ6qj9ezpoDPCTg==@split_DynamiteLoader_installtime.apk@classes.dex: File /data/dalvik-cache/x86_64/data@app@~~A-Om_32Y7FJ_KZcFgZDXWg==@com.google.android.gms-TfNYuzfVZ6qj9ezpoDPCTg==@split_DynamiteLoader_installtime.apk@classes.vdex does not exist.
02-13 17:05:26.060 19732 19733 I artd    : GetBestInfo checking odex next to the dex file (/data/app/~~A-Om_32Y7FJ_KZcFgZDXWg==/com.google.android.gms-TfNYuzfVZ6qj9ezpoDPCTg==/oat/x86_64/split_DynamiteLoader_installtime.odex)
02-13 17:05:26.060 19732 19733 I artd    : Loading /data/app/~~A-Om_32Y7FJ_KZcFgZDXWg==/com.google.android.gms-TfNYuzfVZ6qj9ezpoDPCTg==/oat/x86_64/split_DynamiteLoader_installtime.odex with executable: 0
02-13 17:05:26.061 19732 19733 I artd    : Successfully loaded /data/app/~~A-Om_32Y7FJ_KZcFgZDXWg==/com.google.android.gms-TfNYuzfVZ6qj9ezpoDPCTg==/oat/x86_64/split_DynamiteLoader_installtime.odex with executable: 0
02-13 17:05:26.061 19732 19733 I artd    : /data/app/~~A-Om_32Y7FJ_KZcFgZDXWg==/com.google.android.gms-TfNYuzfVZ6qj9ezpoDPCTg==/oat/x86_64/split_DynamiteLoader_installtime.odex is kOatUpToDate with filter speed
02-13 17:05:26.062 19732 19733 I artd    : Dex parent of /data/app/~~A-Om_32Y7FJ_KZcFgZDXWg==/com.google.android.gms-TfNYuzfVZ6qj9ezpoDPCTg==/split_DynamiteModulesA_installtime.apk is not writable: Permission denied
02-13 17:05:26.063 19732 19733 I artd    : GetBestInfo checking odex in dalvik-cache (/data/dalvik-cache/x86_64/data@app@~~A-Om_32Y7FJ_KZcFgZDXWg==@com.google.android.gms-TfNYuzfVZ6qj9ezpoDPCTg==@split_DynamiteModulesA_installtime.apk@classes.dex)
02-13 17:05:26.063 19732 19733 I artd    : Loading /data/dalvik-cache/x86_64/data@app@~~A-Om_32Y7FJ_KZcFgZDXWg==@com.google.android.gms-TfNYuzfVZ6qj9ezpoDPCTg==@split_DynamiteModulesA_installtime.apk@classes.dex with executable: 0
02-13 17:05:26.063 19732 19733 I artd    : OatFileAssistant test for existing oat file /data/dalvik-cache/x86_64/data@app@~~A-Om_32Y7FJ_KZcFgZDXWg==@com.google.android.gms-TfNYuzfVZ6qj9ezpoDPCTg==@split_DynamiteModulesA_installtime.apk@classes.dex: File /data/dalvik-cache/x86_64/data@app@~~A-Om_32Y7FJ_KZcFgZDXWg==@com.google.android.gms-TfNYuzfVZ6qj9ezpoDPCTg==@split_DynamiteModulesA_installtime.apk@classes.vdex does not exist.
02-13 17:05:26.063 19732 19733 I artd    : GetBestInfo checking odex next to the dex file (/data/app/~~A-Om_32Y7FJ_KZcFgZDXWg==/com.google.android.gms-TfNYuzfVZ6qj9ezpoDPCTg==/oat/x86_64/split_DynamiteModulesA_installtime.odex)
02-13 17:05:26.063 19732 19733 I artd    : Loading /data/app/~~A-Om_32Y7FJ_KZcFgZDXWg==/com.google.android.gms-TfNYuzfVZ6qj9ezpoDPCTg==/oat/x86_64/split_DynamiteModulesA_installtime.odex with executable: 0
02-13 17:05:26.063 19732 19733 I artd    : Successfully loaded /data/app/~~A-Om_32Y7FJ_KZcFgZDXWg==/com.google.android.gms-TfNYuzfVZ6qj9ezpoDPCTg==/oat/x86_64/split_DynamiteModulesA_installtime.odex with executable: 0
02-13 17:05:26.063 19732 19733 I artd    : /data/app/~~A-Om_32Y7FJ_KZcFgZDXWg==/com.google.android.gms-TfNYuzfVZ6qj9ezpoDPCTg==/oat/x86_64/split_DynamiteModulesA_installtime.odex is kOatUpToDate with filter speed
02-13 17:05:26.065 19732 19733 I artd    : Dex parent of /data/app/~~A-Om_32Y7FJ_KZcFgZDXWg==/com.google.android.gms-TfNYuzfVZ6qj9ezpoDPCTg==/split_DynamiteModulesC_installtime.apk is not writable: Permission denied
02-13 17:05:26.065 19732 19733 I artd    : GetBestInfo checking odex in dalvik-cache (/data/dalvik-cache/x86_64/data@app@~~A-Om_32Y7FJ_KZcFgZDXWg==@com.google.android.gms-TfNYuzfVZ6qj9ezpoDPCTg==@split_DynamiteModulesC_installtime.apk@classes.dex)
02-13 17:05:26.065 19732 19733 I artd    : Loading /data/dalvik-cache/x86_64/data@app@~~A-Om_32Y7FJ_KZcFgZDXWg==@com.google.android.gms-TfNYuzfVZ6qj9ezpoDPCTg==@split_DynamiteModulesC_installtime.apk@classes.dex with executable: 0
02-13 17:05:26.065 19732 19733 I artd    : OatFileAssistant test for existing oat file /data/dalvik-cache/x86_64/data@app@~~A-Om_32Y7FJ_KZcFgZDXWg==@com.google.android.gms-TfNYuzfVZ6qj9ezpoDPCTg==@split_DynamiteModulesC_installtime.apk@classes.dex: File /data/dalvik-cache/x86_64/data@app@~~A-Om_32Y7FJ_KZcFgZDXWg==@com.google.android.gms-TfNYuzfVZ6qj9ezpoDPCTg==@split_DynamiteModulesC_installtime.apk@classes.vdex does not exist.
02-13 17:05:26.065 19732 19733 I artd    : GetBestInfo checking odex next to the dex file (/data/app/~~A-Om_32Y7FJ_KZcFgZDXWg==/com.google.android.gms-TfNYuzfVZ6qj9ezpoDPCTg==/oat/x86_64/split_DynamiteModulesC_installtime.odex)
02-13 17:05:26.065 19732 19733 I artd    : Loading /data/app/~~A-Om_32Y7FJ_KZcFgZDXWg==/com.google.android.gms-TfNYuzfVZ6qj9ezpoDPCTg==/oat/x86_64/split_DynamiteModulesC_installtime.odex with executable: 0
02-13 17:05:26.065 19732 19733 I artd    : Successfully loaded /data/app/~~A-Om_32Y7FJ_KZcFgZDXWg==/com.google.android.gms-TfNYuzfVZ6qj9ezpoDPCTg==/oat/x86_64/split_DynamiteModulesC_installtime.odex with executable: 0
02-13 17:05:26.065 19732 19733 I artd    : /data/app/~~A-Om_32Y7FJ_KZcFgZDXWg==/com.google.android.gms-TfNYuzfVZ6qj9ezpoDPCTg==/oat/x86_64/split_DynamiteModulesC_installtime.odex is kOatUpToDate with filter speed
02-13 17:05:26.066 19732 19733 I artd    : Dex parent of /data/app/~~A-Om_32Y7FJ_KZcFgZDXWg==/com.google.android.gms-TfNYuzfVZ6qj9ezpoDPCTg==/split_GoogleCertificates_installtime.apk is not writable: Permission denied
02-13 17:05:26.066 19732 19733 I artd    : GetBestInfo checking odex in dalvik-cache (/data/dalvik-cache/x86_64/data@app@~~A-Om_32Y7FJ_KZcFgZDXWg==@com.google.android.gms-TfNYuzfVZ6qj9ezpoDPCTg==@split_GoogleCertificates_installtime.apk@classes.dex)
02-13 17:05:26.066 19732 19733 I artd    : Loading /data/dalvik-cache/x86_64/data@app@~~A-Om_32Y7FJ_KZcFgZDXWg==@com.google.android.gms-TfNYuzfVZ6qj9ezpoDPCTg==@split_GoogleCertificates_installtime.apk@classes.dex with executable: 0
02-13 17:05:26.066 19732 19733 I artd    : OatFileAssistant test for existing oat file /data/dalvik-cache/x86_64/data@app@~~A-Om_32Y7FJ_KZcFgZDXWg==@com.google.android.gms-TfNYuzfVZ6qj9ezpoDPCTg==@split_GoogleCertificates_installtime.apk@classes.dex: File /data/dalvik-cache/x86_64/data@app@~~A-Om_32Y7FJ_KZcFgZDXWg==@com.google.android.gms-TfNYuzfVZ6qj9ezpoDPCTg==@split_GoogleCertificates_installtime.apk@classes.vdex does not exist.
02-13 17:05:26.066 19732 19733 I artd    : GetBestInfo checking odex next to the dex file (/data/app/~~A-Om_32Y7FJ_KZcFgZDXWg==/com.google.android.gms-TfNYuzfVZ6qj9ezpoDPCTg==/oat/x86_64/split_GoogleCertificates_installtime.odex)
02-13 17:05:26.066 19732 19733 I artd    : Loading /data/app/~~A-Om_32Y7FJ_KZcFgZDXWg==/com.google.android.gms-TfNYuzfVZ6qj9ezpoDPCTg==/oat/x86_64/split_GoogleCertificates_installtime.odex with executable: 0
02-13 17:05:26.067 19732 19733 I artd    : Successfully loaded /data/app/~~A-Om_32Y7FJ_KZcFgZDXWg==/com.google.android.gms-TfNYuzfVZ6qj9ezpoDPCTg==/oat/x86_64/split_GoogleCertificates_installtime.odex with executable: 0
02-13 17:05:26.067 19732 19733 I artd    : /data/app/~~A-Om_32Y7FJ_KZcFgZDXWg==/com.google.android.gms-TfNYuzfVZ6qj9ezpoDPCTg==/oat/x86_64/split_GoogleCertificates_installtime.odex is kOatUpToDate with filter speed
02-13 17:05:26.068 19732 19733 I artd    : Dex parent of /data/app/~~A-Om_32Y7FJ_KZcFgZDXWg==/com.google.android.gms-TfNYuzfVZ6qj9ezpoDPCTg==/split_MapsDynamite_installtime.apk is not writable: Permission denied
02-13 17:05:26.068 19732 19733 I artd    : GetBestInfo checking odex in dalvik-cache (/data/dalvik-cache/x86_64/data@app@~~A-Om_32Y7FJ_KZcFgZDXWg==@com.google.android.gms-TfNYuzfVZ6qj9ezpoDPCTg==@split_MapsDynamite_installtime.apk@classes.dex)
02-13 17:05:26.068 19732 19733 I artd    : Loading /data/dalvik-cache/x86_64/data@app@~~A-Om_32Y7FJ_KZcFgZDXWg==@com.google.android.gms-TfNYuzfVZ6qj9ezpoDPCTg==@split_MapsDynamite_installtime.apk@classes.dex with executable: 0
02-13 17:05:26.068 19732 19733 I artd    : OatFileAssistant test for existing oat file /data/dalvik-cache/x86_64/data@app@~~A-Om_32Y7FJ_KZcFgZDXWg==@com.google.android.gms-TfNYuzfVZ6qj9ezpoDPCTg==@split_MapsDynamite_installtime.apk@classes.dex: File /data/dalvik-cache/x86_64/data@app@~~A-Om_32Y7FJ_KZcFgZDXWg==@com.google.android.gms-TfNYuzfVZ6qj9ezpoDPCTg==@split_MapsDynamite_installtime.apk@classes.vdex does not exist.
02-13 17:05:26.068 19732 19733 I artd    : GetBestInfo checking odex next to the dex file (/data/app/~~A-Om_32Y7FJ_KZcFgZDXWg==/com.google.android.gms-TfNYuzfVZ6qj9ezpoDPCTg==/oat/x86_64/split_MapsDynamite_installtime.odex)
02-13 17:05:26.068 19732 19733 I artd    : Loading /data/app/~~A-Om_32Y7FJ_KZcFgZDXWg==/com.google.android.gms-TfNYuzfVZ6qj9ezpoDPCTg==/oat/x86_64/split_MapsDynamite_installtime.odex with executable: 0
02-13 17:05:26.068 19732 19733 I artd    : Successfully loaded /data/app/~~A-Om_32Y7FJ_KZcFgZDXWg==/com.google.android.gms-TfNYuzfVZ6qj9ezpoDPCTg==/oat/x86_64/split_MapsDynamite_installtime.odex with executable: 0
02-13 17:05:26.069 19732 19733 I artd    : /data/app/~~A-Om_32Y7FJ_KZcFgZDXWg==/com.google.android.gms-TfNYuzfVZ6qj9ezpoDPCTg==/oat/x86_64/split_MapsDynamite_installtime.odex is kOatUpToDate with filter speed
02-13 17:05:26.070 19732 19733 I artd    : Dex parent of /data/app/~~A-Om_32Y7FJ_KZcFgZDXWg==/com.google.android.gms-TfNYuzfVZ6qj9ezpoDPCTg==/split_MeasurementDynamite_installtime.apk is not writable: Permission denied
02-13 17:05:26.070 19732 19733 I artd    : GetBestInfo checking odex in dalvik-cache (/data/dalvik-cache/x86_64/data@app@~~A-Om_32Y7FJ_KZcFgZDXWg==@com.google.android.gms-TfNYuzfVZ6qj9ezpoDPCTg==@split_MeasurementDynamite_installtime.apk@classes.dex)
02-13 17:05:26.070 19732 19733 I artd    : Loading /data/dalvik-cache/x86_64/data@app@~~A-Om_32Y7FJ_KZcFgZDXWg==@com.google.android.gms-TfNYuzfVZ6qj9ezpoDPCTg==@split_MeasurementDynamite_installtime.apk@classes.dex with executable: 0
02-13 17:05:26.070 19732 19733 I artd    : OatFileAssistant test for existing oat file /data/dalvik-cache/x86_64/data@app@~~A-Om_32Y7FJ_KZcFgZDXWg==@com.google.android.gms-TfNYuzfVZ6qj9ezpoDPCTg==@split_MeasurementDynamite_installtime.apk@classes.dex: File /data/dalvik-cache/x86_64/data@app@~~A-Om_32Y7FJ_KZcFgZDXWg==@com.google.android.gms-TfNYuzfVZ6qj9ezpoDPCTg==@split_MeasurementDynamite_installtime.apk@classes.vdex does not exist.
02-13 17:05:26.070 19732 19733 I artd    : GetBestInfo checking odex next to the dex file (/data/app/~~A-Om_32Y7FJ_KZcFgZDXWg==/com.google.android.gms-TfNYuzfVZ6qj9ezpoDPCTg==/oat/x86_64/split_MeasurementDynamite_installtime.odex)
02-13 17:05:26.070 19732 19733 I artd    : Loading /data/app/~~A-Om_32Y7FJ_KZcFgZDXWg==/com.google.android.gms-TfNYuzfVZ6qj9ezpoDPCTg==/oat/x86_64/split_MeasurementDynamite_installtime.odex with executable: 0
02-13 17:05:26.070 19732 19733 I artd    : Successfully loaded /data/app/~~A-Om_32Y7FJ_KZcFgZDXWg==/com.google.android.gms-TfNYuzfVZ6qj9ezpoDPCTg==/oat/x86_64/split_MeasurementDynamite_installtime.odex with executable: 0
02-13 17:05:26.070 19732 19733 I artd    : /data/app/~~A-Om_32Y7FJ_KZcFgZDXWg==/com.google.android.gms-TfNYuzfVZ6qj9ezpoDPCTg==/oat/x86_64/split_MeasurementDynamite_installtime.odex is kOatUpToDate with filter speed
02-13 17:05:26.072 19732 19733 I artd    : Dex parent of /data/app/~~A-Om_32Y7FJ_KZcFgZDXWg==/com.google.android.gms-TfNYuzfVZ6qj9ezpoDPCTg==/split_all_locale_splits.apk is not writable: Permission denied
02-13 17:05:26.072 19732 19733 I artd    : GetBestInfo checking odex in dalvik-cache (/data/dalvik-cache/x86_64/data@app@~~A-Om_32Y7FJ_KZcFgZDXWg==@com.google.android.gms-TfNYuzfVZ6qj9ezpoDPCTg==@split_all_locale_splits.apk@classes.dex)
02-13 17:05:26.072 19732 19733 I artd    : Loading /data/dalvik-cache/x86_64/data@app@~~A-Om_32Y7FJ_KZcFgZDXWg==@com.google.android.gms-TfNYuzfVZ6qj9ezpoDPCTg==@split_all_locale_splits.apk@classes.dex with executable: 0
02-13 17:05:26.072 19732 19733 I artd    : OatFileAssistant test for existing oat file /data/dalvik-cache/x86_64/data@app@~~A-Om_32Y7FJ_KZcFgZDXWg==@com.google.android.gms-TfNYuzfVZ6qj9ezpoDPCTg==@split_all_locale_splits.apk@classes.dex: File /data/dalvik-cache/x86_64/data@app@~~A-Om_32Y7FJ_KZcFgZDXWg==@com.google.android.gms-TfNYuzfVZ6qj9ezpoDPCTg==@split_all_locale_splits.apk@classes.vdex does not exist.
02-13 17:05:26.072 19732 19733 I artd    : GetBestInfo checking odex next to the dex file (/data/app/~~A-Om_32Y7FJ_KZcFgZDXWg==/com.google.android.gms-TfNYuzfVZ6qj9ezpoDPCTg==/oat/x86_64/split_all_locale_splits.odex)
02-13 17:05:26.072 19732 19733 I artd    : Loading /data/app/~~A-Om_32Y7FJ_KZcFgZDXWg==/com.google.android.gms-TfNYuzfVZ6qj9ezpoDPCTg==/oat/x86_64/split_all_locale_splits.odex with executable: 0
02-13 17:05:26.072 19732 19733 I artd    : Successfully loaded /data/app/~~A-Om_32Y7FJ_KZcFgZDXWg==/com.google.android.gms-TfNYuzfVZ6qj9ezpoDPCTg==/oat/x86_64/split_all_locale_splits.odex with executable: 0
02-13 17:05:26.072 19732 19733 I artd    : /data/app/~~A-Om_32Y7FJ_KZcFgZDXWg==/com.google.android.gms-TfNYuzfVZ6qj9ezpoDPCTg==/oat/x86_64/split_all_locale_splits.odex is kOatUpToDate with filter speed
02-13 17:05:26.073 19732 19733 I artd    : Dex parent of /data/app/~~A-Om_32Y7FJ_KZcFgZDXWg==/com.google.android.gms-TfNYuzfVZ6qj9ezpoDPCTg==/split_maps_core_dynamite_ondemand.apk is not writable: Permission denied
02-13 17:05:26.073 19732 19733 I artd    : GetBestInfo checking odex in dalvik-cache (/data/dalvik-cache/x86_64/data@app@~~A-Om_32Y7FJ_KZcFgZDXWg==@com.google.android.gms-TfNYuzfVZ6qj9ezpoDPCTg==@split_maps_core_dynamite_ondemand.apk@classes.dex)
02-13 17:05:26.073 19732 19733 I artd    : Loading /data/dalvik-cache/x86_64/data@app@~~A-Om_32Y7FJ_KZcFgZDXWg==@com.google.android.gms-TfNYuzfVZ6qj9ezpoDPCTg==@split_maps_core_dynamite_ondemand.apk@classes.dex with executable: 0
02-13 17:05:26.073 19732 19733 I artd    : OatFileAssistant test for existing oat file /data/dalvik-cache/x86_64/data@app@~~A-Om_32Y7FJ_KZcFgZDXWg==@com.google.android.gms-TfNYuzfVZ6qj9ezpoDPCTg==@split_maps_core_dynamite_ondemand.apk@classes.dex: File /data/dalvik-cache/x86_64/data@app@~~A-Om_32Y7FJ_KZcFgZDXWg==@com.google.android.gms-TfNYuzfVZ6qj9ezpoDPCTg==@split_maps_core_dynamite_ondemand.apk@classes.vdex does not exist.
02-13 17:05:26.073 19732 19733 I artd    : GetBestInfo checking odex next to the dex file (/data/app/~~A-Om_32Y7FJ_KZcFgZDXWg==/com.google.android.gms-TfNYuzfVZ6qj9ezpoDPCTg==/oat/x86_64/split_maps_core_dynamite_ondemand.odex)
02-13 17:05:26.073 19732 19733 I artd    : Loading /data/app/~~A-Om_32Y7FJ_KZcFgZDXWg==/com.google.android.gms-TfNYuzfVZ6qj9ezpoDPCTg==/oat/x86_64/split_maps_core_dynamite_ondemand.odex with executable: 0
02-13 17:05:26.073 19732 19733 I artd    : OatFileAssistant test for existing oat file /data/app/~~A-Om_32Y7FJ_KZcFgZDXWg==/com.google.android.gms-TfNYuzfVZ6qj9ezpoDPCTg==/oat/x86_64/split_maps_core_dynamite_ondemand.odex: File /data/app/~~A-Om_32Y7FJ_KZcFgZDXWg==/com.google.android.gms-TfNYuzfVZ6qj9ezpoDPCTg==/oat/x86_64/split_maps_core_dynamite_ondemand.vdex does not exist.
02-13 17:05:26.073 19732 19733 I artd    : GetBestInfo checking vdex in dalvik-cache (/data/dalvik-cache/x86_64/data@app@~~A-Om_32Y7FJ_KZcFgZDXWg==@com.google.android.gms-TfNYuzfVZ6qj9ezpoDPCTg==@split_maps_core_dynamite_ondemand.apk@classes.vdex)
02-13 17:05:26.073 19732 19733 I artd    : unable to open vdex file /data/dalvik-cache/x86_64/data@app@~~A-Om_32Y7FJ_KZcFgZDXWg==@com.google.android.gms-TfNYuzfVZ6qj9ezpoDPCTg==@split_maps_core_dynamite_ondemand.apk@classes.vdex: File /data/dalvik-cache/x86_64/data@app@~~A-Om_32Y7FJ_KZcFgZDXWg==@com.google.android.gms-TfNYuzfVZ6qj9ezpoDPCTg==@split_maps_core_dynamite_ondemand.apk@classes.vdex does not exist.
02-13 17:05:26.073 19732 19733 I artd    : OatFileAssistant test for existing oat file /data/dalvik-cache/x86_64/data@app@~~A-Om_32Y7FJ_KZcFgZDXWg==@com.google.android.gms-TfNYuzfVZ6qj9ezpoDPCTg==@split_maps_core_dynamite_ondemand.apk@classes.vdex: File /data/dalvik-cache/x86_64/data@app@~~A-Om_32Y7FJ_KZcFgZDXWg==@com.google.android.gms-TfNYuzfVZ6qj9ezpoDPCTg==@split_maps_core_dynamite_ondemand.apk@classes.vdex does not exist.
02-13 17:05:26.073 19732 19733 I artd    : GetBestInfo checking vdex next to the dex file (/data/app/~~A-Om_32Y7FJ_KZcFgZDXWg==/com.google.android.gms-TfNYuzfVZ6qj9ezpoDPCTg==/oat/x86_64/split_maps_core_dynamite_ondemand.vdex)
02-13 17:05:26.073 19732 19733 I artd    : unable to open vdex file /data/app/~~A-Om_32Y7FJ_KZcFgZDXWg==/com.google.android.gms-TfNYuzfVZ6qj9ezpoDPCTg==/oat/x86_64/split_maps_core_dynamite_ondemand.vdex: File /data/app/~~A-Om_32Y7FJ_KZcFgZDXWg==/com.google.android.gms-TfNYuzfVZ6qj9ezpoDPCTg==/oat/x86_64/split_maps_core_dynamite_ondemand.vdex does not exist.
02-13 17:05:26.073 19732 19733 I artd    : OatFileAssistant test for existing oat file /data/app/~~A-Om_32Y7FJ_KZcFgZDXWg==/com.google.android.gms-TfNYuzfVZ6qj9ezpoDPCTg==/oat/x86_64/split_maps_core_dynamite_ondemand.vdex: File /data/app/~~A-Om_32Y7FJ_KZcFgZDXWg==/com.google.android.gms-TfNYuzfVZ6qj9ezpoDPCTg==/oat/x86_64/split_maps_core_dynamite_ondemand.vdex does not exist.
02-13 17:05:26.073 19732 19733 I artd    : GetBestInfo checking dm (/data/app/~~A-Om_32Y7FJ_KZcFgZDXWg==/com.google.android.gms-TfNYuzfVZ6qj9ezpoDPCTg==/split_maps_core_dynamite_ondemand.dm)
02-13 17:05:26.073 19732 19733 W ziparchive: Unable to open '/data/app/~~A-Om_32Y7FJ_KZcFgZDXWg==/com.google.android.gms-TfNYuzfVZ6qj9ezpoDPCTg==/split_maps_core_dynamite_ondemand.dm': No such file or directory
02-13 17:05:26.073 19732 19733 I artd    : OatFileAssistant test for existing oat file /data/app/~~A-Om_32Y7FJ_KZcFgZDXWg==/com.google.android.gms-TfNYuzfVZ6qj9ezpoDPCTg==/split_maps_core_dynamite_ondemand.dm: I/O error
02-13 17:05:26.073 19732 19733 I artd    : GetBestInfo checking dm (/data/app/~~A-Om_32Y7FJ_KZcFgZDXWg==/com.google.android.gms-TfNYuzfVZ6qj9ezpoDPCTg==/split_maps_core_dynamite_ondemand.dm)
02-13 17:05:26.073 19732 19733 W ziparchive: Unable to open '/data/app/~~A-Om_32Y7FJ_KZcFgZDXWg==/com.google.android.gms-TfNYuzfVZ6qj9ezpoDPCTg==/split_maps_core_dynamite_ondemand.dm': No such file or directory
02-13 17:05:26.073 19732 19733 I artd    : OatFileAssistant test for existing oat file /data/app/~~A-Om_32Y7FJ_KZcFgZDXWg==/com.google.android.gms-TfNYuzfVZ6qj9ezpoDPCTg==/split_maps_core_dynamite_ondemand.dm: I/O error
02-13 17:05:26.073 19732 19733 I artd    : GetBestInfo no usable artifacts
02-13 17:05:26.074 19732 19733 W artd    : Could not get dex checksums for location /data/app/~~W8Mv8iVZ0y20A87MNs5w_Q==/com.google.android.gms-jW50bSu-xF2Cil6w4kaXdw==/base.apk, fd=-1
02-13 17:05:26.074 19732 19733 I artd    : Dex parent of /data/user_de/0/com.google.android.gms/app_chimera/m/00000002/DynamiteLoader.uncompressed.apk is not writable: No such file or directory
02-13 17:05:26.074 19732 19733 I artd    : GetBestInfo checking odex in dalvik-cache (/data/dalvik-cache/x86_64/data@user_de@0@com.google.android.gms@app_chimera@m@00000002@DynamiteLoader.uncompressed.apk@classes.dex)
02-13 17:05:26.074 19732 19733 I artd    : Loading /data/dalvik-cache/x86_64/data@user_de@0@com.google.android.gms@app_chimera@m@00000002@DynamiteLoader.uncompressed.apk@classes.dex with executable: 0
02-13 17:05:26.074 19732 19733 I artd    : OatFileAssistant test for existing oat file /data/dalvik-cache/x86_64/data@user_de@0@com.google.android.gms@app_chimera@m@00000002@DynamiteLoader.uncompressed.apk@classes.dex: File /data/dalvik-cache/x86_64/data@user_de@0@com.google.android.gms@app_chimera@m@00000002@DynamiteLoader.uncompressed.apk@classes.vdex does not exist.
02-13 17:05:26.074 19732 19733 I artd    : GetBestInfo checking odex next to the dex file (/data/user_de/0/com.google.android.gms/app_chimera/m/00000002/oat/x86_64/DynamiteLoader.uncompressed.odex)
02-13 17:05:26.074 19732 19733 I artd    : Loading /data/user_de/0/com.google.android.gms/app_chimera/m/00000002/oat/x86_64/DynamiteLoader.uncompressed.odex with executable: 0
