02-13 17:04:05.558   845   960 V WindowManagerShell:  Checking filter Pair{{types=[] flags=0x0] notFlags=0x0 checks=[{atype=dream independent=true modes=[OPEN,TO_FRONT] flags=NONE mustBeTask=false order=ANY topActivity=null launchCookie=null},{atype=home independent=true modes=[CLOSE,TO_BACK] flags=NONE mustBeTask=false order=ANY topActivity=null launchCookie=null}]} RemoteTransition { remoteTransition = android.window.IRemoteTransition$Stub$Proxy@137f996, appThread = android.app.IApplicationThread$Stub$Proxy@2e52917, debugName = LauncherToDream }}
02-13 17:04:05.559   845   960 V WindowManagerShell:  Checking filter Pair{{types=[] flags=0x0] notFlags=0x100 checks=[{atype=home independent=true modes=[OPEN,TO_FRONT] flags=NONE mustBeTask=false order=TOP topActivity=ComponentInfo{com.google.android.apps.nexuslauncher/com.google.android.apps.nexuslauncher.NexusLauncherActivity} launchCookie=null},{atype=standard independent=true modes=[CLOSE,TO_BACK] flags=NONE mustBeTask=false order=ANY topActivity=null launchCookie=null}]} RemoteTransition { remoteTransition = android.window.IRemoteTransition$Stub$Proxy@ce1b104, appThread = android.app.IApplicationThread$Stub$Proxy@d1fc6ed, debugName = QuickstepLaunchHome }}
02-13 17:04:05.559   845   960 V WindowManagerShell:  Delegate animation for (#63) to null
02-13 17:04:05.559   845   960 V WindowManagerShell:  try handler com.android.wm.shell.transition.DefaultTransitionHandler@a763e9f
02-13 17:04:05.559   845   960 V WindowManagerShell: start default transition animation, info = {id=63 t=CLOSE f=0x0 trk=0 r=[0@Point(0, 0)] c=[{WCT{android.window.IWindowContainerToken$Stub$Proxy@ae4ca5d} m=OPEN f=MOVE_TO_TOP leash=Surface(name=Task=35)/@0xbbe7d21 sb=Rect(0, 0 - 1344, 2992) eb=Rect(0, 0 - 1344, 2992) d=0 taskParent=-1},{WCT{android.window.IWindowContainerToken$Stub$Proxy@a00afd2} m=CLOSE f=NONE leash=Surface(name=Task=34)/@0x2c18546 sb=Rect(0, 0 - 1344, 2992) eb=Rect(0, 0 - 1344, 2992) d=0 taskParent=-1},{null m=TO_FRONT f=IS_WALLPAPER leash=Surface(name=WallpaperWindowToken{4115c41 token=android.os.Binder@ff9b728})/@0xd254307 sb=Rect(0, 0 - 1344, 2992) eb=Rect(0, 0 - 1344, 2992) d=0}]}
02-13 17:04:05.560   611  1945 W UserManagerService: Requested status bar icon for non-badged user 0
02-13 17:04:05.561   845   960 V WindowManagerShell: loadAnimation: anim=android.view.animation.AnimationSet@64908a3 animAttr=0xb type=CLOSE isEntrance=false
02-13 17:04:05.562   845   960 V WindowManagerShell: loadAnimation: anim=android.view.animation.AnimationSet@ecc87a0 animAttr=0xa type=CLOSE isEntrance=true
02-13 17:04:05.567   845   960 V WindowManagerShell:  animated by com.android.wm.shell.transition.DefaultTransitionHandler@a763e9f
02-13 17:04:05.621 27302 27302 D AppCompatDelegate: Checking for metadata for AppLocalesMetadataHolderService : Service not found
02-13 17:04:05.625  1138  1500 D EGL_emulation: app_time_stats: avg=32772.11ms min=2.59ms max=163796.61ms count=5
02-13 17:04:05.651   422   516 I RanchuHwc: logCompositionFallbackIfChanged: layer 614 CompositionType fallback from 3 to 1
02-13 17:04:05.755 27302 27302 D nativeloader: Load /data/app/~~9dkkfoufEy_cR4-tOo-D7w==/com.taskmanagercrud-7OLORhQb6jGwA8ifp51eIQ==/base.apk!/lib/x86_64/libhermesvm.so using ns clns-7 from class loader (caller=/data/app/~~9dkkfoufEy_cR4-tOo-D7w==/com.taskmanagercrud-7OLORhQb6jGwA8ifp51eIQ==/base.apk): ok
02-13 17:04:05.757 27302 27302 D nativeloader: Load /data/app/~~9dkkfoufEy_cR4-tOo-D7w==/com.taskmanagercrud-7OLORhQb6jGwA8ifp51eIQ==/base.apk!/lib/x86_64/libhermestooling.so using ns clns-7 from class loader (caller=/data/app/~~9dkkfoufEy_cR4-tOo-D7w==/com.taskmanagercrud-7OLORhQb6jGwA8ifp51eIQ==/base.apk): ok
02-13 17:04:05.757 27302 27302 D jni_lib_merge: Entering merged library JNI_OnLoad.
02-13 17:04:05.757 27302 27302 D jni_lib_merge: Preparing 4 pre-merged libs (including stub)
02-13 17:04:05.757 27302 27302 D jni_lib_merge: Preparing to register libhermes_executor_so.  onload_func: 0x72b4a60b6050
02-13 17:04:05.757 27302 27302 D jni_lib_merge: Preparing to register libhermesinstancejni_so.  onload_func: 0x72b4a60ec680
02-13 17:04:05.757 27302 27302 D jni_lib_merge: Preparing to register libjsijniprofiler_so.  onload_func: 0x72b4a60ee3f0
02-13 17:04:05.757 27302 27302 D jni_lib_merge: About to register 3 actual methods.
02-13 17:04:06.087   845   960 V WindowManagerShell: Transition animation finished (aborted=false), notifying core (#63) android.os.BinderProxy@585d96c@0
02-13 17:04:06.098   845   960 V WindowManagerShell: Track 0 became idle
02-13 17:04:06.097   611   632 V WindowManager: Finish Transition (#63): created at 02-13 17:04:03.707 collect-started=0.29ms request-sent=0.442ms started=16.91ms ready=1839.461ms sent=1844.284ms finished=2380.867ms
02-13 17:04:06.098   845   960 V WindowManagerShell: All active transition animations finished
02-13 17:04:06.104   611   962 W UserManagerService: Requested status bar icon for non-badged user 0
02-13 17:04:06.105  1138  1138 I TopTaskTracker: onTaskRemoved: taskId=34
02-13 17:04:06.105  1138  1138 I TopTaskTracker: onTaskRemoved: taskId=34
02-13 17:04:06.116   611   962 W UserManagerService: Requested status bar icon for non-badged user 0
02-13 17:04:06.125   845  1045 D EGL_emulation: app_time_stats: avg=6083.61ms min=6083.61ms max=6083.61ms count=1
02-13 17:04:06.125   611   962 W UserManagerService: Requested status bar icon for non-badged user 0
02-13 17:04:06.162 27302 27334 D TrafficStats: tagSocket(91) with statsTag=0xffffffff, statsUid=-1
02-13 17:04:06.237 27302 27302 W unknown:BridgelessReact: ReactHost{0}.startSurface(surfaceId = 0): Schedule
02-13 17:04:06.239 27302 27302 W unknown:BridgelessReact: ReactHost{0}.attachSurface(surfaceId = 0)
02-13 17:04:06.259 27302 27336 W unknown:BridgelessReact: ReactHost{0}.getOrCreateReactInstanceTask()
02-13 17:04:06.259 27302 27336 W unknown:BridgelessReact: ReactHost{0}.getOrCreateReactInstanceTask(): Start
02-13 17:04:06.260 27302 27336 W unknown:BridgelessReact: ReactHost{0}.getJSBundleLoader()
02-13 17:04:06.267 19732 22445 I artd    : Dex parent of /data/app/~~A-Om_32Y7FJ_KZcFgZDXWg==/com.google.android.gms-TfNYuzfVZ6qj9ezpoDPCTg==/base.apk is not writable: Permission denied
02-13 17:04:06.269 19732 22445 I artd    : GetBestInfo checking odex in dalvik-cache (/data/dalvik-cache/x86_64/data@app@~~A-Om_32Y7FJ_KZcFgZDXWg==@com.google.android.gms-TfNYuzfVZ6qj9ezpoDPCTg==@base.apk@classes.dex)
02-13 17:04:06.269 19732 22445 I artd    : Loading /data/dalvik-cache/x86_64/data@app@~~A-Om_32Y7FJ_KZcFgZDXWg==@com.google.android.gms-TfNYuzfVZ6qj9ezpoDPCTg==@base.apk@classes.dex with executable: 0
02-13 17:04:06.269 19732 22445 I artd    : OatFileAssistant test for existing oat file /data/dalvik-cache/x86_64/data@app@~~A-Om_32Y7FJ_KZcFgZDXWg==@com.google.android.gms-TfNYuzfVZ6qj9ezpoDPCTg==@base.apk@classes.dex: File /data/dalvik-cache/x86_64/data@app@~~A-Om_32Y7FJ_KZcFgZDXWg==@com.google.android.gms-TfNYuzfVZ6qj9ezpoDPCTg==@base.apk@classes.vdex does not exist.
02-13 17:04:06.269 19732 22445 I artd    : GetBestInfo checking odex next to the dex file (/data/app/~~A-Om_32Y7FJ_KZcFgZDXWg==/com.google.android.gms-TfNYuzfVZ6qj9ezpoDPCTg==/oat/x86_64/base.odex)
02-13 17:04:06.269 19732 22445 I artd    : Loading /data/app/~~A-Om_32Y7FJ_KZcFgZDXWg==/com.google.android.gms-TfNYuzfVZ6qj9ezpoDPCTg==/oat/x86_64/base.odex with executable: 0
02-13 17:04:06.271 19732 22445 I artd    : Successfully loaded /data/app/~~A-Om_32Y7FJ_KZcFgZDXWg==/com.google.android.gms-TfNYuzfVZ6qj9ezpoDPCTg==/oat/x86_64/base.odex with executable: 0
02-13 17:04:06.272 19732 22445 I artd    : /data/app/~~A-Om_32Y7FJ_KZcFgZDXWg==/com.google.android.gms-TfNYuzfVZ6qj9ezpoDPCTg==/oat/x86_64/base.odex is kOatUpToDate with filter speed-profile
02-13 17:04:06.274 27302 27336 W unknown:BridgelessReact: ReactHost{0}.isMetroRunning()
02-13 17:04:06.283 19732 19733 I artd    : Dex parent of /data/app/~~A-Om_32Y7FJ_KZcFgZDXWg==/com.google.android.gms-TfNYuzfVZ6qj9ezpoDPCTg==/split_AdsDynamite_installtime.apk is not writable: Permission denied
02-13 17:04:06.283 19732 19733 I artd    : GetBestInfo checking odex in dalvik-cache (/data/dalvik-cache/x86_64/data@app@~~A-Om_32Y7FJ_KZcFgZDXWg==@com.google.android.gms-TfNYuzfVZ6qj9ezpoDPCTg==@split_AdsDynamite_installtime.apk@classes.dex)
02-13 17:04:06.283 19732 19733 I artd    : Loading /data/dalvik-cache/x86_64/data@app@~~A-Om_32Y7FJ_KZcFgZDXWg==@com.google.android.gms-TfNYuzfVZ6qj9ezpoDPCTg==@split_AdsDynamite_installtime.apk@classes.dex with executable: 0
02-13 17:04:06.283 19732 19733 I artd    : OatFileAssistant test for existing oat file /data/dalvik-cache/x86_64/data@app@~~A-Om_32Y7FJ_KZcFgZDXWg==@com.google.android.gms-TfNYuzfVZ6qj9ezpoDPCTg==@split_AdsDynamite_installtime.apk@classes.dex: File /data/dalvik-cache/x86_64/data@app@~~A-Om_32Y7FJ_KZcFgZDXWg==@com.google.android.gms-TfNYuzfVZ6qj9ezpoDPCTg==@split_AdsDynamite_installtime.apk@classes.vdex does not exist.
02-13 17:04:06.283 19732 19733 I artd    : GetBestInfo checking odex next to the dex file (/data/app/~~A-Om_32Y7FJ_KZcFgZDXWg==/com.google.android.gms-TfNYuzfVZ6qj9ezpoDPCTg==/oat/x86_64/split_AdsDynamite_installtime.odex)
02-13 17:04:06.283 19732 19733 I artd    : Loading /data/app/~~A-Om_32Y7FJ_KZcFgZDXWg==/com.google.android.gms-TfNYuzfVZ6qj9ezpoDPCTg==/oat/x86_64/split_AdsDynamite_installtime.odex with executable: 0
02-13 17:04:06.284 19732 19733 I artd    : Successfully loaded /data/app/~~A-Om_32Y7FJ_KZcFgZDXWg==/com.google.android.gms-TfNYuzfVZ6qj9ezpoDPCTg==/oat/x86_64/split_AdsDynamite_installtime.odex with executable: 0
02-13 17:04:06.285 19732 19733 I artd    : /data/app/~~A-Om_32Y7FJ_KZcFgZDXWg==/com.google.android.gms-TfNYuzfVZ6qj9ezpoDPCTg==/oat/x86_64/split_AdsDynamite_installtime.odex is kOatUpToDate with filter speed
02-13 17:04:06.287 27302 27338 D TrafficStats: tagSocket(97) with statsTag=0xffffffff, statsUid=-1
02-13 17:04:06.289 19732 19733 I artd    : Dex parent of /data/app/~~A-Om_32Y7FJ_KZcFgZDXWg==/com.google.android.gms-TfNYuzfVZ6qj9ezpoDPCTg==/split_CronetDynamite_installtime.apk is not writable: Permission denied
02-13 17:04:06.289 19732 19733 I artd    : GetBestInfo checking odex in dalvik-cache (/data/dalvik-cache/x86_64/data@app@~~A-Om_32Y7FJ_KZcFgZDXWg==@com.google.android.gms-TfNYuzfVZ6qj9ezpoDPCTg==@split_CronetDynamite_installtime.apk@classes.dex)
02-13 17:04:06.289 19732 19733 I artd    : Loading /data/dalvik-cache/x86_64/data@app@~~A-Om_32Y7FJ_KZcFgZDXWg==@com.google.android.gms-TfNYuzfVZ6qj9ezpoDPCTg==@split_CronetDynamite_installtime.apk@classes.dex with executable: 0
02-13 17:04:06.289 19732 19733 I artd    : OatFileAssistant test for existing oat file /data/dalvik-cache/x86_64/data@app@~~A-Om_32Y7FJ_KZcFgZDXWg==@com.google.android.gms-TfNYuzfVZ6qj9ezpoDPCTg==@split_CronetDynamite_installtime.apk@classes.dex: File /data/dalvik-cache/x86_64/data@app@~~A-Om_32Y7FJ_KZcFgZDXWg==@com.google.android.gms-TfNYuzfVZ6qj9ezpoDPCTg==@split_CronetDynamite_installtime.apk@classes.vdex does not exist.
02-13 17:04:06.289 19732 19733 I artd    : GetBestInfo checking odex next to the dex file (/data/app/~~A-Om_32Y7FJ_KZcFgZDXWg==/com.google.android.gms-TfNYuzfVZ6qj9ezpoDPCTg==/oat/x86_64/split_CronetDynamite_installtime.odex)
02-13 17:04:06.289 19732 19733 I artd    : Loading /data/app/~~A-Om_32Y7FJ_KZcFgZDXWg==/com.google.android.gms-TfNYuzfVZ6qj9ezpoDPCTg==/oat/x86_64/split_CronetDynamite_installtime.odex with executable: 0
02-13 17:04:06.289 19732 19733 I artd    : Successfully loaded /data/app/~~A-Om_32Y7FJ_KZcFgZDXWg==/com.google.android.gms-TfNYuzfVZ6qj9ezpoDPCTg==/oat/x86_64/split_CronetDynamite_installtime.odex with executable: 0
02-13 17:04:06.290 19732 19733 I artd    : /data/app/~~A-Om_32Y7FJ_KZcFgZDXWg==/com.google.android.gms-TfNYuzfVZ6qj9ezpoDPCTg==/oat/x86_64/split_CronetDynamite_installtime.odex is kOatUpToDate with filter speed-profile
02-13 17:04:06.292 19732 19733 I artd    : Dex parent of /data/app/~~A-Om_32Y7FJ_KZcFgZDXWg==/com.google.android.gms-TfNYuzfVZ6qj9ezpoDPCTg==/split_DynamiteLoader_installtime.apk is not writable: Permission denied
02-13 17:04:06.292 19732 19733 I artd    : GetBestInfo checking odex in dalvik-cache (/data/dalvik-cache/x86_64/data@app@~~A-Om_32Y7FJ_KZcFgZDXWg==@com.google.android.gms-TfNYuzfVZ6qj9ezpoDPCTg==@split_DynamiteLoader_installtime.apk@classes.dex)
02-13 17:04:06.292 19732 19733 I artd    : Loading /data/dalvik-cache/x86_64/data@app@~~A-Om_32Y7FJ_KZcFgZDXWg==@com.google.android.gms-TfNYuzfVZ6qj9ezpoDPCTg==@split_DynamiteLoader_installtime.apk@classes.dex with executable: 0
02-13 17:04:06.292 19732 19733 I artd    : OatFileAssistant test for existing oat file /data/dalvik-cache/x86_64/data@app@~~A-Om_32Y7FJ_KZcFgZDXWg==@com.google.android.gms-TfNYuzfVZ6qj9ezpoDPCTg==@split_DynamiteLoader_installtime.apk@classes.dex: File /data/dalvik-cache/x86_64/data@app@~~A-Om_32Y7FJ_KZcFgZDXWg==@com.google.android.gms-TfNYuzfVZ6qj9ezpoDPCTg==@split_DynamiteLoader_installtime.apk@classes.vdex does not exist.
02-13 17:04:06.292 19732 19733 I artd    : GetBestInfo checking odex next to the dex file (/data/app/~~A-Om_32Y7FJ_KZcFgZDXWg==/com.google.android.gms-TfNYuzfVZ6qj9ezpoDPCTg==/oat/x86_64/split_DynamiteLoader_installtime.odex)
02-13 17:04:06.292 19732 19733 I artd    : Loading /data/app/~~A-Om_32Y7FJ_KZcFgZDXWg==/com.google.android.gms-TfNYuzfVZ6qj9ezpoDPCTg==/oat/x86_64/split_DynamiteLoader_installtime.odex with executable: 0
02-13 17:04:06.292 19732 19733 I artd    : Successfully loaded /data/app/~~A-Om_32Y7FJ_KZcFgZDXWg==/com.google.android.gms-TfNYuzfVZ6qj9ezpoDPCTg==/oat/x86_64/split_DynamiteLoader_installtime.odex with executable: 0
02-13 17:04:06.292 19732 19733 I artd    : /data/app/~~A-Om_32Y7FJ_KZcFgZDXWg==/com.google.android.gms-TfNYuzfVZ6qj9ezpoDPCTg==/oat/x86_64/split_DynamiteLoader_installtime.odex is kOatUpToDate with filter speed
02-13 17:04:06.297 19732 19733 I artd    : Dex parent of /data/app/~~A-Om_32Y7FJ_KZcFgZDXWg==/com.google.android.gms-TfNYuzfVZ6qj9ezpoDPCTg==/split_DynamiteModulesA_installtime.apk is not writable: Permission denied
02-13 17:04:06.297 19732 19733 I artd    : GetBestInfo checking odex in dalvik-cache (/data/dalvik-cache/x86_64/data@app@~~A-Om_32Y7FJ_KZcFgZDXWg==@com.google.android.gms-TfNYuzfVZ6qj9ezpoDPCTg==@split_DynamiteModulesA_installtime.apk@classes.dex)
02-13 17:04:06.297 19732 19733 I artd    : Loading /data/dalvik-cache/x86_64/data@app@~~A-Om_32Y7FJ_KZcFgZDXWg==@com.google.android.gms-TfNYuzfVZ6qj9ezpoDPCTg==@split_DynamiteModulesA_installtime.apk@classes.dex with executable: 0
02-13 17:04:06.297 19732 19733 I artd    : OatFileAssistant test for existing oat file /data/dalvik-cache/x86_64/data@app@~~A-Om_32Y7FJ_KZcFgZDXWg==@com.google.android.gms-TfNYuzfVZ6qj9ezpoDPCTg==@split_DynamiteModulesA_installtime.apk@classes.dex: File /data/dalvik-cache/x86_64/data@app@~~A-Om_32Y7FJ_KZcFgZDXWg==@com.google.android.gms-TfNYuzfVZ6qj9ezpoDPCTg==@split_DynamiteModulesA_installtime.apk@classes.vdex does not exist.
02-13 17:04:06.297 19732 19733 I artd    : GetBestInfo checking odex next to the dex file (/data/app/~~A-Om_32Y7FJ_KZcFgZDXWg==/com.google.android.gms-TfNYuzfVZ6qj9ezpoDPCTg==/oat/x86_64/split_DynamiteModulesA_installtime.odex)
02-13 17:04:06.297 19732 19733 I artd    : Loading /data/app/~~A-Om_32Y7FJ_KZcFgZDXWg==/com.google.android.gms-TfNYuzfVZ6qj9ezpoDPCTg==/oat/x86_64/split_DynamiteModulesA_installtime.odex with executable: 0
02-13 17:04:06.297 19732 19733 I artd    : Successfully loaded /data/app/~~A-Om_32Y7FJ_KZcFgZDXWg==/com.google.android.gms-TfNYuzfVZ6qj9ezpoDPCTg==/oat/x86_64/split_DynamiteModulesA_installtime.odex with executable: 0
02-13 17:04:06.297 19732 19733 I artd    : /data/app/~~A-Om_32Y7FJ_KZcFgZDXWg==/com.google.android.gms-TfNYuzfVZ6qj9ezpoDPCTg==/oat/x86_64/split_DynamiteModulesA_installtime.odex is kOatUpToDate with filter speed
02-13 17:04:06.299 19732 19733 I artd    : Dex parent of /data/app/~~A-Om_32Y7FJ_KZcFgZDXWg==/com.google.android.gms-TfNYuzfVZ6qj9ezpoDPCTg==/split_DynamiteModulesC_installtime.apk is not writable: Permission denied
02-13 17:04:06.299 19732 19733 I artd    : GetBestInfo checking odex in dalvik-cache (/data/dalvik-cache/x86_64/data@app@~~A-Om_32Y7FJ_KZcFgZDXWg==@com.google.android.gms-TfNYuzfVZ6qj9ezpoDPCTg==@split_DynamiteModulesC_installtime.apk@classes.dex)
02-13 17:04:06.299 19732 19733 I artd    : Loading /data/dalvik-cache/x86_64/data@app@~~A-Om_32Y7FJ_KZcFgZDXWg==@com.google.android.gms-TfNYuzfVZ6qj9ezpoDPCTg==@split_DynamiteModulesC_installtime.apk@classes.dex with executable: 0
02-13 17:04:06.299 19732 19733 I artd    : OatFileAssistant test for existing oat file /data/dalvik-cache/x86_64/data@app@~~A-Om_32Y7FJ_KZcFgZDXWg==@com.google.android.gms-TfNYuzfVZ6qj9ezpoDPCTg==@split_DynamiteModulesC_installtime.apk@classes.dex: File /data/dalvik-cache/x86_64/data@app@~~A-Om_32Y7FJ_KZcFgZDXWg==@com.google.android.gms-TfNYuzfVZ6qj9ezpoDPCTg==@split_DynamiteModulesC_installtime.apk@classes.vdex does not exist.
02-13 17:04:06.299 19732 19733 I artd    : GetBestInfo checking odex next to the dex file (/data/app/~~A-Om_32Y7FJ_KZcFgZDXWg==/com.google.android.gms-TfNYuzfVZ6qj9ezpoDPCTg==/oat/x86_64/split_DynamiteModulesC_installtime.odex)
02-13 17:04:06.299 19732 19733 I artd    : Loading /data/app/~~A-Om_32Y7FJ_KZcFgZDXWg==/com.google.android.gms-TfNYuzfVZ6qj9ezpoDPCTg==/oat/x86_64/split_DynamiteModulesC_installtime.odex with executable: 0
02-13 17:04:06.300 19732 19733 I artd    : Successfully loaded /data/app/~~A-Om_32Y7FJ_KZcFgZDXWg==/com.google.android.gms-TfNYuzfVZ6qj9ezpoDPCTg==/oat/x86_64/split_DynamiteModulesC_installtime.odex with executable: 0
02-13 17:04:06.300 19732 19733 I artd    : /data/app/~~A-Om_32Y7FJ_KZcFgZDXWg==/com.google.android.gms-TfNYuzfVZ6qj9ezpoDPCTg==/oat/x86_64/split_DynamiteModulesC_installtime.odex is kOatUpToDate with filter speed
02-13 17:04:06.307 19732 19733 I artd    : Dex parent of /data/app/~~A-Om_32Y7FJ_KZcFgZDXWg==/com.google.android.gms-TfNYuzfVZ6qj9ezpoDPCTg==/split_GoogleCertificates_installtime.apk is not writable: Permission denied
02-13 17:04:06.307 19732 19733 I artd    : GetBestInfo checking odex in dalvik-cache (/data/dalvik-cache/x86_64/data@app@~~A-Om_32Y7FJ_KZcFgZDXWg==@com.google.android.gms-TfNYuzfVZ6qj9ezpoDPCTg==@split_GoogleCertificates_installtime.apk@classes.dex)
02-13 17:04:06.307 19732 19733 I artd    : Loading /data/dalvik-cache/x86_64/data@app@~~A-Om_32Y7FJ_KZcFgZDXWg==@com.google.android.gms-TfNYuzfVZ6qj9ezpoDPCTg==@split_GoogleCertificates_installtime.apk@classes.dex with executable: 0
02-13 17:04:06.307 19732 19733 I artd    : OatFileAssistant test for existing oat file /data/dalvik-cache/x86_64/data@app@~~A-Om_32Y7FJ_KZcFgZDXWg==@com.google.android.gms-TfNYuzfVZ6qj9ezpoDPCTg==@split_GoogleCertificates_installtime.apk@classes.dex: File /data/dalvik-cache/x86_64/data@app@~~A-Om_32Y7FJ_KZcFgZDXWg==@com.google.android.gms-TfNYuzfVZ6qj9ezpoDPCTg==@split_GoogleCertificates_installtime.apk@classes.vdex does not exist.
02-13 17:04:06.307 19732 19733 I artd    : GetBestInfo checking odex next to the dex file (/data/app/~~A-Om_32Y7FJ_KZcFgZDXWg==/com.google.android.gms-TfNYuzfVZ6qj9ezpoDPCTg==/oat/x86_64/split_GoogleCertificates_installtime.odex)
02-13 17:04:06.307 19732 19733 I artd    : Loading /data/app/~~A-Om_32Y7FJ_KZcFgZDXWg==/com.google.android.gms-TfNYuzfVZ6qj9ezpoDPCTg==/oat/x86_64/split_GoogleCertificates_installtime.odex with executable: 0
02-13 17:04:06.308 19732 19733 I artd    : Successfully loaded /data/app/~~A-Om_32Y7FJ_KZcFgZDXWg==/com.google.android.gms-TfNYuzfVZ6qj9ezpoDPCTg==/oat/x86_64/split_GoogleCertificates_installtime.odex with executable: 0
02-13 17:04:06.309 19732 19733 I artd    : /data/app/~~A-Om_32Y7FJ_KZcFgZDXWg==/com.google.android.gms-TfNYuzfVZ6qj9ezpoDPCTg==/oat/x86_64/split_GoogleCertificates_installtime.odex is kOatUpToDate with filter speed
02-13 17:04:06.311 19732 19733 I artd    : Dex parent of /data/app/~~A-Om_32Y7FJ_KZcFgZDXWg==/com.google.android.gms-TfNYuzfVZ6qj9ezpoDPCTg==/split_MapsDynamite_installtime.apk is not writable: Permission denied
02-13 17:04:06.311 19732 19733 I artd    : GetBestInfo checking odex in dalvik-cache (/data/dalvik-cache/x86_64/data@app@~~A-Om_32Y7FJ_KZcFgZDXWg==@com.google.android.gms-TfNYuzfVZ6qj9ezpoDPCTg==@split_MapsDynamite_installtime.apk@classes.dex)
02-13 17:04:06.311 19732 19733 I artd    : Loading /data/dalvik-cache/x86_64/data@app@~~A-Om_32Y7FJ_KZcFgZDXWg==@com.google.android.gms-TfNYuzfVZ6qj9ezpoDPCTg==@split_MapsDynamite_installtime.apk@classes.dex with executable: 0
02-13 17:04:06.311 19732 19733 I artd    : OatFileAssistant test for existing oat file /data/dalvik-cache/x86_64/data@app@~~A-Om_32Y7FJ_KZcFgZDXWg==@com.google.android.gms-TfNYuzfVZ6qj9ezpoDPCTg==@split_MapsDynamite_installtime.apk@classes.dex: File /data/dalvik-cache/x86_64/data@app@~~A-Om_32Y7FJ_KZcFgZDXWg==@com.google.android.gms-TfNYuzfVZ6qj9ezpoDPCTg==@split_MapsDynamite_installtime.apk@classes.vdex does not exist.
02-13 17:04:06.311 19732 19733 I artd    : GetBestInfo checking odex next to the dex file (/data/app/~~A-Om_32Y7FJ_KZcFgZDXWg==/com.google.android.gms-TfNYuzfVZ6qj9ezpoDPCTg==/oat/x86_64/split_MapsDynamite_installtime.odex)
02-13 17:04:06.311 19732 19733 I artd    : Loading /data/app/~~A-Om_32Y7FJ_KZcFgZDXWg==/com.google.android.gms-TfNYuzfVZ6qj9ezpoDPCTg==/oat/x86_64/split_MapsDynamite_installtime.odex with executable: 0
02-13 17:04:06.313 19732 19733 I artd    : Successfully loaded /data/app/~~A-Om_32Y7FJ_KZcFgZDXWg==/com.google.android.gms-TfNYuzfVZ6qj9ezpoDPCTg==/oat/x86_64/split_MapsDynamite_installtime.odex with executable: 0
02-13 17:04:06.313 19732 19733 I artd    : /data/app/~~A-Om_32Y7FJ_KZcFgZDXWg==/com.google.android.gms-TfNYuzfVZ6qj9ezpoDPCTg==/oat/x86_64/split_MapsDynamite_installtime.odex is kOatUpToDate with filter speed
02-13 17:04:06.321 19732 19733 I artd    : Dex parent of /data/app/~~A-Om_32Y7FJ_KZcFgZDXWg==/com.google.android.gms-TfNYuzfVZ6qj9ezpoDPCTg==/split_MeasurementDynamite_installtime.apk is not writable: Permission denied
02-13 17:04:06.321 19732 19733 I artd    : GetBestInfo checking odex in dalvik-cache (/data/dalvik-cache/x86_64/data@app@~~A-Om_32Y7FJ_KZcFgZDXWg==@com.google.android.gms-TfNYuzfVZ6qj9ezpoDPCTg==@split_MeasurementDynamite_installtime.apk@classes.dex)
02-13 17:04:06.321 19732 19733 I artd    : Loading /data/dalvik-cache/x86_64/data@app@~~A-Om_32Y7FJ_KZcFgZDXWg==@com.google.android.gms-TfNYuzfVZ6qj9ezpoDPCTg==@split_MeasurementDynamite_installtime.apk@classes.dex with executable: 0
02-13 17:04:06.321 19732 19733 I artd    : OatFileAssistant test for existing oat file /data/dalvik-cache/x86_64/data@app@~~A-Om_32Y7FJ_KZcFgZDXWg==@com.google.android.gms-TfNYuzfVZ6qj9ezpoDPCTg==@split_MeasurementDynamite_installtime.apk@classes.dex: File /data/dalvik-cache/x86_64/data@app@~~A-Om_32Y7FJ_KZcFgZDXWg==@com.google.android.gms-TfNYuzfVZ6qj9ezpoDPCTg==@split_MeasurementDynamite_installtime.apk@classes.vdex does not exist.
02-13 17:04:06.321 19732 19733 I artd    : GetBestInfo checking odex next to the dex file (/data/app/~~A-Om_32Y7FJ_KZcFgZDXWg==/com.google.android.gms-TfNYuzfVZ6qj9ezpoDPCTg==/oat/x86_64/split_MeasurementDynamite_installtime.odex)
02-13 17:04:06.321 19732 19733 I artd    : Loading /data/app/~~A-Om_32Y7FJ_KZcFgZDXWg==/com.google.android.gms-TfNYuzfVZ6qj9ezpoDPCTg==/oat/x86_64/split_MeasurementDynamite_installtime.odex with executable: 0
02-13 17:04:06.322 19732 19733 I artd    : Successfully loaded /data/app/~~A-Om_32Y7FJ_KZcFgZDXWg==/com.google.android.gms-TfNYuzfVZ6qj9ezpoDPCTg==/oat/x86_64/split_MeasurementDynamite_installtime.odex with executable: 0
02-13 17:04:06.323 19732 19733 I artd    : /data/app/~~A-Om_32Y7FJ_KZcFgZDXWg==/com.google.android.gms-TfNYuzfVZ6qj9ezpoDPCTg==/oat/x86_64/split_MeasurementDynamite_installtime.odex is kOatUpToDate with filter speed
02-13 17:04:06.327 19732 19733 I artd    : Dex parent of /data/app/~~A-Om_32Y7FJ_KZcFgZDXWg==/com.google.android.gms-TfNYuzfVZ6qj9ezpoDPCTg==/split_all_locale_splits.apk is not writable: Permission denied
02-13 17:04:06.327 19732 19733 I artd    : GetBestInfo checking odex in dalvik-cache (/data/dalvik-cache/x86_64/data@app@~~A-Om_32Y7FJ_KZcFgZDXWg==@com.google.android.gms-TfNYuzfVZ6qj9ezpoDPCTg==@split_all_locale_splits.apk@classes.dex)
02-13 17:04:06.327 19732 19733 I artd    : Loading /data/dalvik-cache/x86_64/data@app@~~A-Om_32Y7FJ_KZcFgZDXWg==@com.google.android.gms-TfNYuzfVZ6qj9ezpoDPCTg==@split_all_locale_splits.apk@classes.dex with executable: 0
02-13 17:04:06.327 19732 19733 I artd    : OatFileAssistant test for existing oat file /data/dalvik-cache/x86_64/data@app@~~A-Om_32Y7FJ_KZcFgZDXWg==@com.google.android.gms-TfNYuzfVZ6qj9ezpoDPCTg==@split_all_locale_splits.apk@classes.dex: File /data/dalvik-cache/x86_64/data@app@~~A-Om_32Y7FJ_KZcFgZDXWg==@com.google.android.gms-TfNYuzfVZ6qj9ezpoDPCTg==@split_all_locale_splits.apk@classes.vdex does not exist.
02-13 17:04:06.327 19732 19733 I artd    : GetBestInfo checking odex next to the dex file (/data/app/~~A-Om_32Y7FJ_KZcFgZDXWg==/com.google.android.gms-TfNYuzfVZ6qj9ezpoDPCTg==/oat/x86_64/split_all_locale_splits.odex)
02-13 17:04:06.327 19732 19733 I artd    : Loading /data/app/~~A-Om_32Y7FJ_KZcFgZDXWg==/com.google.android.gms-TfNYuzfVZ6qj9ezpoDPCTg==/oat/x86_64/split_all_locale_splits.odex with executable: 0
02-13 17:04:06.327 19732 19733 I artd    : Successfully loaded /data/app/~~A-Om_32Y7FJ_KZcFgZDXWg==/com.google.android.gms-TfNYuzfVZ6qj9ezpoDPCTg==/oat/x86_64/split_all_locale_splits.odex with executable: 0
02-13 17:04:06.327 19732 19733 I artd    : /data/app/~~A-Om_32Y7FJ_KZcFgZDXWg==/com.google.android.gms-TfNYuzfVZ6qj9ezpoDPCTg==/oat/x86_64/split_all_locale_splits.odex is kOatUpToDate with filter speed
02-13 17:04:06.330 19732 19733 I artd    : Dex parent of /data/app/~~A-Om_32Y7FJ_KZcFgZDXWg==/com.google.android.gms-TfNYuzfVZ6qj9ezpoDPCTg==/split_maps_core_dynamite_ondemand.apk is not writable: Permission denied
02-13 17:04:06.330 19732 19733 I artd    : GetBestInfo checking odex in dalvik-cache (/data/dalvik-cache/x86_64/data@app@~~A-Om_32Y7FJ_KZcFgZDXWg==@com.google.android.gms-TfNYuzfVZ6qj9ezpoDPCTg==@split_maps_core_dynamite_ondemand.apk@classes.dex)
02-13 17:04:06.330 19732 19733 I artd    : Loading /data/dalvik-cache/x86_64/data@app@~~A-Om_32Y7FJ_KZcFgZDXWg==@com.google.android.gms-TfNYuzfVZ6qj9ezpoDPCTg==@split_maps_core_dynamite_ondemand.apk@classes.dex with executable: 0
02-13 17:04:06.330 19732 19733 I artd    : OatFileAssistant test for existing oat file /data/dalvik-cache/x86_64/data@app@~~A-Om_32Y7FJ_KZcFgZDXWg==@com.google.android.gms-TfNYuzfVZ6qj9ezpoDPCTg==@split_maps_core_dynamite_ondemand.apk@classes.dex: File /data/dalvik-cache/x86_64/data@app@~~A-Om_32Y7FJ_KZcFgZDXWg==@com.google.android.gms-TfNYuzfVZ6qj9ezpoDPCTg==@split_maps_core_dynamite_ondemand.apk@classes.vdex does not exist.
02-13 17:04:06.330 19732 19733 I artd    : GetBestInfo checking odex next to the dex file (/data/app/~~A-Om_32Y7FJ_KZcFgZDXWg==/com.google.android.gms-TfNYuzfVZ6qj9ezpoDPCTg==/oat/x86_64/split_maps_core_dynamite_ondemand.odex)
02-13 17:04:06.330 19732 19733 I artd    : Loading /data/app/~~A-Om_32Y7FJ_KZcFgZDXWg==/com.google.android.gms-TfNYuzfVZ6qj9ezpoDPCTg==/oat/x86_64/split_maps_core_dynamite_ondemand.odex with executable: 0
02-13 17:04:06.330 19732 19733 I artd    : OatFileAssistant test for existing oat file /data/app/~~A-Om_32Y7FJ_KZcFgZDXWg==/com.google.android.gms-TfNYuzfVZ6qj9ezpoDPCTg==/oat/x86_64/split_maps_core_dynamite_ondemand.odex: File /data/app/~~A-Om_32Y7FJ_KZcFgZDXWg==/com.google.android.gms-TfNYuzfVZ6qj9ezpoDPCTg==/oat/x86_64/split_maps_core_dynamite_ondemand.vdex does not exist.
02-13 17:04:06.330 19732 19733 I artd    : GetBestInfo checking vdex in dalvik-cache (/data/dalvik-cache/x86_64/data@app@~~A-Om_32Y7FJ_KZcFgZDXWg==@com.google.android.gms-TfNYuzfVZ6qj9ezpoDPCTg==@split_maps_core_dynamite_ondemand.apk@classes.vdex)
02-13 17:04:06.330 19732 19733 I artd    : unable to open vdex file /data/dalvik-cache/x86_64/data@app@~~A-Om_32Y7FJ_KZcFgZDXWg==@com.google.android.gms-TfNYuzfVZ6qj9ezpoDPCTg==@split_maps_core_dynamite_ondemand.apk@classes.vdex: File /data/dalvik-cache/x86_64/data@app@~~A-Om_32Y7FJ_KZcFgZDXWg==@com.google.android.gms-TfNYuzfVZ6qj9ezpoDPCTg==@split_maps_core_dynamite_ondemand.apk@classes.vdex does not exist.
02-13 17:04:06.330 19732 19733 I artd    : OatFileAssistant test for existing oat file /data/dalvik-cache/x86_64/data@app@~~A-Om_32Y7FJ_KZcFgZDXWg==@com.google.android.gms-TfNYuzfVZ6qj9ezpoDPCTg==@split_maps_core_dynamite_ondemand.apk@classes.vdex: File /data/dalvik-cache/x86_64/data@app@~~A-Om_32Y7FJ_KZcFgZDXWg==@com.google.android.gms-TfNYuzfVZ6qj9ezpoDPCTg==@split_maps_core_dynamite_ondemand.apk@classes.vdex does not exist.
02-13 17:04:06.330 19732 19733 I artd    : GetBestInfo checking vdex next to the dex file (/data/app/~~A-Om_32Y7FJ_KZcFgZDXWg==/com.google.android.gms-TfNYuzfVZ6qj9ezpoDPCTg==/oat/x86_64/split_maps_core_dynamite_ondemand.vdex)
02-13 17:04:06.330 19732 19733 I artd    : unable to open vdex file /data/app/~~A-Om_32Y7FJ_KZcFgZDXWg==/com.google.android.gms-TfNYuzfVZ6qj9ezpoDPCTg==/oat/x86_64/split_maps_core_dynamite_ondemand.vdex: File /data/app/~~A-Om_32Y7FJ_KZcFgZDXWg==/com.google.android.gms-TfNYuzfVZ6qj9ezpoDPCTg==/oat/x86_64/split_maps_core_dynamite_ondemand.vdex does not exist.
02-13 17:04:06.330 19732 19733 I artd    : OatFileAssistant test for existing oat file /data/app/~~A-Om_32Y7FJ_KZcFgZDXWg==/com.google.android.gms-TfNYuzfVZ6qj9ezpoDPCTg==/oat/x86_64/split_maps_core_dynamite_ondemand.vdex: File /data/app/~~A-Om_32Y7FJ_KZcFgZDXWg==/com.google.android.gms-TfNYuzfVZ6qj9ezpoDPCTg==/oat/x86_64/split_maps_core_dynamite_ondemand.vdex does not exist.
02-13 17:04:06.330 19732 19733 I artd    : GetBestInfo checking dm (/data/app/~~A-Om_32Y7FJ_KZcFgZDXWg==/com.google.android.gms-TfNYuzfVZ6qj9ezpoDPCTg==/split_maps_core_dynamite_ondemand.dm)
02-13 17:04:06.330 19732 19733 W ziparchive: Unable to open '/data/app/~~A-Om_32Y7FJ_KZcFgZDXWg==/com.google.android.gms-TfNYuzfVZ6qj9ezpoDPCTg==/split_maps_core_dynamite_ondemand.dm': No such file or directory
02-13 17:04:06.330 19732 19733 I artd    : OatFileAssistant test for existing oat file /data/app/~~A-Om_32Y7FJ_KZcFgZDXWg==/com.google.android.gms-TfNYuzfVZ6qj9ezpoDPCTg==/split_maps_core_dynamite_ondemand.dm: I/O error
02-13 17:04:06.330 19732 19733 I artd    : GetBestInfo checking dm (/data/app/~~A-Om_32Y7FJ_KZcFgZDXWg==/com.google.android.gms-TfNYuzfVZ6qj9ezpoDPCTg==/split_maps_core_dynamite_ondemand.dm)
02-13 17:04:06.330 19732 19733 W ziparchive: Unable to open '/data/app/~~A-Om_32Y7FJ_KZcFgZDXWg==/com.google.android.gms-TfNYuzfVZ6qj9ezpoDPCTg==/split_maps_core_dynamite_ondemand.dm': No such file or directory
02-13 17:04:06.330 19732 19733 I artd    : OatFileAssistant test for existing oat file /data/app/~~A-Om_32Y7FJ_KZcFgZDXWg==/com.google.android.gms-TfNYuzfVZ6qj9ezpoDPCTg==/split_maps_core_dynamite_ondemand.dm: I/O error
02-13 17:04:06.330 19732 19733 I artd    : GetBestInfo no usable artifacts
02-13 17:04:06.331 19732 19733 W artd    : Could not get dex checksums for location /data/app/~~W8Mv8iVZ0y20A87MNs5w_Q==/com.google.android.gms-jW50bSu-xF2Cil6w4kaXdw==/base.apk, fd=-1
02-13 17:04:06.335 19732 19733 I artd    : Dex parent of /data/user_de/0/com.google.android.gms/app_chimera/m/00000002/DynamiteLoader.uncompressed.apk is not writable: No such file or directory
02-13 17:04:06.335 19732 19733 I artd    : GetBestInfo checking odex in dalvik-cache (/data/dalvik-cache/x86_64/data@user_de@0@com.google.android.gms@app_chimera@m@00000002@DynamiteLoader.uncompressed.apk@classes.dex)
02-13 17:04:06.335 19732 19733 I artd    : Loading /data/dalvik-cache/x86_64/data@user_de@0@com.google.android.gms@app_chimera@m@00000002@DynamiteLoader.uncompressed.apk@classes.dex with executable: 0
02-13 17:04:06.335 19732 19733 I artd    : OatFileAssistant test for existing oat file /data/dalvik-cache/x86_64/data@user_de@0@com.google.android.gms@app_chimera@m@00000002@DynamiteLoader.uncompressed.apk@classes.dex: File /data/dalvik-cache/x86_64/data@user_de@0@com.google.android.gms@app_chimera@m@00000002@DynamiteLoader.uncompressed.apk@classes.vdex does not exist.
02-13 17:04:06.335 19732 19733 I artd    : GetBestInfo checking odex next to the dex file (/data/user_de/0/com.google.android.gms/app_chimera/m/00000002/oat/x86_64/DynamiteLoader.uncompressed.odex)
02-13 17:04:06.335 19732 19733 I artd    : Loading /data/user_de/0/com.google.android.gms/app_chimera/m/00000002/oat/x86_64/DynamiteLoader.uncompressed.odex with executable: 0
02-13 17:04:06.335 19732 19733 I artd    : OatFileAssistant test for existing oat file /data/user_de/0/com.google.android.gms/app_chimera/m/00000002/oat/x86_64/DynamiteLoader.uncompressed.odex: File /data/user_de/0/com.google.android.gms/app_chimera/m/00000002/oat/x86_64/DynamiteLoader.uncompressed.vdex does not exist.
02-13 17:04:06.335 19732 19733 I artd    : GetBestInfo checking vdex in dalvik-cache (/data/dalvik-cache/x86_64/data@user_de@0@com.google.android.gms@app_chimera@m@00000002@DynamiteLoader.uncompressed.apk@classes.vdex)
02-13 17:04:06.335 19732 19733 I artd    : unable to open vdex file /data/dalvik-cache/x86_64/data@user_de@0@com.google.android.gms@app_chimera@m@00000002@DynamiteLoader.uncompressed.apk@classes.vdex: File /data/dalvik-cache/x86_64/data@user_de@0@com.google.android.gms@app_chimera@m@00000002@DynamiteLoader.uncompressed.apk@classes.vdex does not exist.
02-13 17:04:06.335 19732 19733 I artd    : OatFileAssistant test for existing oat file /data/dalvik-cache/x86_64/data@user_de@0@com.google.android.gms@app_chimera@m@00000002@DynamiteLoader.uncompressed.apk@classes.vdex: File /data/dalvik-cache/x86_64/data@user_de@0@com.google.android.gms@app_chimera@m@00000002@DynamiteLoader.uncompressed.apk@classes.vdex does not exist.
02-13 17:04:06.335 19732 19733 I artd    : GetBestInfo checking vdex next to the dex file (/data/user_de/0/com.google.android.gms/app_chimera/m/00000002/oat/x86_64/DynamiteLoader.uncompressed.vdex)
02-13 17:04:06.335 19732 19733 I artd    : unable to open vdex file /data/user_de/0/com.google.android.gms/app_chimera/m/00000002/oat/x86_64/DynamiteLoader.uncompressed.vdex: File /data/user_de/0/com.google.android.gms/app_chimera/m/00000002/oat/x86_64/DynamiteLoader.uncompressed.vdex does not exist.
02-13 17:04:06.335 19732 19733 I artd    : OatFileAssistant test for existing oat file /data/user_de/0/com.google.android.gms/app_chimera/m/00000002/oat/x86_64/DynamiteLoader.uncompressed.vdex: File /data/user_de/0/com.google.android.gms/app_chimera/m/00000002/oat/x86_64/DynamiteLoader.uncompressed.vdex does not exist.
02-13 17:04:06.335 19732 19733 I artd    : GetBestInfo checking dm (/data/user_de/0/com.google.android.gms/app_chimera/m/00000002/DynamiteLoader.uncompressed.dm)
02-13 17:04:06.335 19732 19733 W ziparchive: Unable to open '/data/user_de/0/com.google.android.gms/app_chimera/m/00000002/DynamiteLoader.uncompressed.dm': No such file or directory
02-13 17:04:06.335 19732 19733 I artd    : OatFileAssistant test for existing oat file /data/user_de/0/com.google.android.gms/app_chimera/m/00000002/DynamiteLoader.uncompressed.dm: I/O error
02-13 17:04:06.335 19732 19733 I artd    : GetBestInfo checking dm (/data/user_de/0/com.google.android.gms/app_chimera/m/00000002/DynamiteLoader.uncompressed.dm)
02-13 17:04:06.335 19732 19733 W ziparchive: Unable to open '/data/user_de/0/com.google.android.gms/app_chimera/m/00000002/DynamiteLoader.uncompressed.dm': No such file or directory
02-13 17:04:06.335 19732 19733 I artd    : OatFileAssistant test for existing oat file /data/user_de/0/com.google.android.gms/app_chimera/m/00000002/DynamiteLoader.uncompressed.dm: I/O error
02-13 17:04:06.335 19732 19733 I artd    : GetBestInfo no usable artifacts
02-13 17:04:06.339 19732 19733 W artd    : Could not get dex checksums for location /data/app/~~W8Mv8iVZ0y20A87MNs5w_Q==/com.google.android.gms-jW50bSu-xF2Cil6w4kaXdw==/base.apk, fd=-1
02-13 17:04:06.340 19732 19733 W artd    : Could not get dex checksums for location /data/app/~~W8Mv8iVZ0y20A87MNs5w_Q==/com.google.android.gms-jW50bSu-xF2Cil6w4kaXdw==/base.apk, fd=-1
02-13 17:04:06.344 19732 19733 I artd    : Dex parent of /data/user_de/0/com.google.android.gms/app_chimera/m/00000005/GoogleCertificates.apk is not writable: No such file or directory
02-13 17:04:06.344 19732 19733 I artd    : GetBestInfo checking odex in dalvik-cache (/data/dalvik-cache/x86_64/data@user_de@0@com.google.android.gms@app_chimera@m@00000005@GoogleCertificates.apk@classes.dex)
02-13 17:04:06.344 19732 19733 I artd    : Loading /data/dalvik-cache/x86_64/data@user_de@0@com.google.android.gms@app_chimera@m@00000005@GoogleCertificates.apk@classes.dex with executable: 0
02-13 17:04:06.344 19732 19733 I artd    : OatFileAssistant test for existing oat file /data/dalvik-cache/x86_64/data@user_de@0@com.google.android.gms@app_chimera@m@00000005@GoogleCertificates.apk@classes.dex: File /data/dalvik-cache/x86_64/data@user_de@0@com.google.android.gms@app_chimera@m@00000005@GoogleCertificates.apk@classes.vdex does not exist.
02-13 17:04:06.344 19732 19733 I artd    : GetBestInfo checking odex next to the dex file (/data/user_de/0/com.google.android.gms/app_chimera/m/00000005/oat/x86_64/GoogleCertificates.odex)
02-13 17:04:06.344 19732 19733 I artd    : Loading /data/user_de/0/com.google.android.gms/app_chimera/m/00000005/oat/x86_64/GoogleCertificates.odex with executable: 0
02-13 17:04:06.344 19732 19733 I artd    : OatFileAssistant test for existing oat file /data/user_de/0/com.google.android.gms/app_chimera/m/00000005/oat/x86_64/GoogleCertificates.odex: File /data/user_de/0/com.google.android.gms/app_chimera/m/00000005/oat/x86_64/GoogleCertificates.vdex does not exist.
02-13 17:04:06.344 19732 19733 I artd    : GetBestInfo checking vdex in dalvik-cache (/data/dalvik-cache/x86_64/data@user_de@0@com.google.android.gms@app_chimera@m@00000005@GoogleCertificates.apk@classes.vdex)
02-13 17:04:06.344 19732 19733 I artd    : unable to open vdex file /data/dalvik-cache/x86_64/data@user_de@0@com.google.android.gms@app_chimera@m@00000005@GoogleCertificates.apk@classes.vdex: File /data/dalvik-cache/x86_64/data@user_de@0@com.google.android.gms@app_chimera@m@00000005@GoogleCertificates.apk@classes.vdex does not exist.
02-13 17:04:06.344 19732 19733 I artd    : OatFileAssistant test for existing oat file /data/dalvik-cache/x86_64/data@user_de@0@com.google.android.gms@app_chimera@m@00000005@GoogleCertificates.apk@classes.vdex: File /data/dalvik-cache/x86_64/data@user_de@0@com.google.android.gms@app_chimera@m@00000005@GoogleCertificates.apk@classes.vdex does not exist.
02-13 17:04:06.344 19732 19733 I artd    : GetBestInfo checking vdex next to the dex file (/data/user_de/0/com.google.android.gms/app_chimera/m/00000005/oat/x86_64/GoogleCertificates.vdex)
02-13 17:04:06.344 19732 19733 I artd    : unable to open vdex file /data/user_de/0/com.google.android.gms/app_chimera/m/00000005/oat/x86_64/GoogleCertificates.vdex: File /data/user_de/0/com.google.android.gms/app_chimera/m/00000005/oat/x86_64/GoogleCertificates.vdex does not exist.
02-13 17:04:06.344 19732 19733 I artd    : OatFileAssistant test for existing oat file /data/user_de/0/com.google.android.gms/app_chimera/m/00000005/oat/x86_64/GoogleCertificates.vdex: File /data/user_de/0/com.google.android.gms/app_chimera/m/00000005/oat/x86_64/GoogleCertificates.vdex does not exist.
02-13 17:04:06.344 19732 19733 I artd    : GetBestInfo checking dm (/data/user_de/0/com.google.android.gms/app_chimera/m/00000005/GoogleCertificates.dm)
02-13 17:04:06.344 19732 19733 W ziparchive: Unable to open '/data/user_de/0/com.google.android.gms/app_chimera/m/00000005/GoogleCertificates.dm': No such file or directory
02-13 17:04:06.344 19732 19733 I artd    : OatFileAssistant test for existing oat file /data/user_de/0/com.google.android.gms/app_chimera/m/00000005/GoogleCertificates.dm: I/O error
02-13 17:04:06.344 19732 19733 I artd    : GetBestInfo checking dm (/data/user_de/0/com.google.android.gms/app_chimera/m/00000005/GoogleCertificates.dm)
02-13 17:04:06.344 19732 19733 W ziparchive: Unable to open '/data/user_de/0/com.google.android.gms/app_chimera/m/00000005/GoogleCertificates.dm': No such file or directory
02-13 17:04:06.344 19732 19733 I artd    : OatFileAssistant test for existing oat file /data/user_de/0/com.google.android.gms/app_chimera/m/00000005/GoogleCertificates.dm: I/O error
02-13 17:04:06.344 19732 19733 I artd    : GetBestInfo no usable artifacts
02-13 17:04:06.349 19732 19733 W artd    : Could not get dex checksums for location /data/app/~~W8Mv8iVZ0y20A87MNs5w_Q==/com.google.android.gms-jW50bSu-xF2Cil6w4kaXdw==/base.apk, fd=-1
02-13 17:04:06.350 27302 27302 W taskmanagercrud: Accessing hidden method Landroid/view/ViewGroup;->makeOptionalFitsSystemWindows()V (unsupported, reflection, allowed)
02-13 17:04:06.351 19732 19733 W artd    : Could not get dex checksums for location /data/app/~~W8Mv8iVZ0y20A87MNs5w_Q==/com.google.android.gms-jW50bSu-xF2Cil6w4kaXdw==/base.apk, fd=-1
02-13 17:04:06.352 19732 19733 I artd    : Dex parent of /data/user_de/0/com.google.android.gms/app_chimera/m/00000001/CronetDynamite.uncompressed.apk is not writable: No such file or directory
02-13 17:04:06.353 19732 19733 I artd    : GetBestInfo checking odex in dalvik-cache (/data/dalvik-cache/x86_64/data@user_de@0@com.google.android.gms@app_chimera@m@00000001@CronetDynamite.uncompressed.apk@classes.dex)
02-13 17:04:06.353 19732 19733 I artd    : Loading /data/dalvik-cache/x86_64/data@user_de@0@com.google.android.gms@app_chimera@m@00000001@CronetDynamite.uncompressed.apk@classes.dex with executable: 0
02-13 17:04:06.353 19732 19733 I artd    : OatFileAssistant test for existing oat file /data/dalvik-cache/x86_64/data@user_de@0@com.google.android.gms@app_chimera@m@00000001@CronetDynamite.uncompressed.apk@classes.dex: File /data/dalvik-cache/x86_64/data@user_de@0@com.google.android.gms@app_chimera@m@00000001@CronetDynamite.uncompressed.apk@classes.vdex does not exist.
02-13 17:04:06.353 19732 19733 I artd    : GetBestInfo checking odex next to the dex file (/data/user_de/0/com.google.android.gms/app_chimera/m/00000001/oat/x86_64/CronetDynamite.uncompressed.odex)
02-13 17:04:06.353 19732 19733 I artd    : Loading /data/user_de/0/com.google.android.gms/app_chimera/m/00000001/oat/x86_64/CronetDynamite.uncompressed.odex with executable: 0
02-13 17:04:06.353 19732 19733 I artd    : OatFileAssistant test for existing oat file /data/user_de/0/com.google.android.gms/app_chimera/m/00000001/oat/x86_64/CronetDynamite.uncompressed.odex: File /data/user_de/0/com.google.android.gms/app_chimera/m/00000001/oat/x86_64/CronetDynamite.uncompressed.vdex does not exist.
02-13 17:04:06.353 19732 19733 I artd    : GetBestInfo checking vdex in dalvik-cache (/data/dalvik-cache/x86_64/data@user_de@0@com.google.android.gms@app_chimera@m@00000001@CronetDynamite.uncompressed.apk@classes.vdex)
02-13 17:04:06.353 19732 19733 I artd    : unable to open vdex file /data/dalvik-cache/x86_64/data@user_de@0@com.google.android.gms@app_chimera@m@00000001@CronetDynamite.uncompressed.apk@classes.vdex: File /data/dalvik-cache/x86_64/data@user_de@0@com.google.android.gms@app_chimera@m@00000001@CronetDynamite.uncompressed.apk@classes.vdex does not exist.
02-13 17:04:06.353 19732 19733 I artd    : OatFileAssistant test for existing oat file /data/dalvik-cache/x86_64/data@user_de@0@com.google.android.gms@app_chimera@m@00000001@CronetDynamite.uncompressed.apk@classes.vdex: File /data/dalvik-cache/x86_64/data@user_de@0@com.google.android.gms@app_chimera@m@00000001@CronetDynamite.uncompressed.apk@classes.vdex does not exist.
02-13 17:04:06.353 19732 19733 I artd    : GetBestInfo checking vdex next to the dex file (/data/user_de/0/com.google.android.gms/app_chimera/m/00000001/oat/x86_64/CronetDynamite.uncompressed.vdex)
02-13 17:04:06.353 19732 19733 I artd    : unable to open vdex file /data/user_de/0/com.google.android.gms/app_chimera/m/00000001/oat/x86_64/CronetDynamite.uncompressed.vdex: File /data/user_de/0/com.google.android.gms/app_chimera/m/00000001/oat/x86_64/CronetDynamite.uncompressed.vdex does not exist.
02-13 17:04:06.353 19732 19733 I artd    : OatFileAssistant test for existing oat file /data/user_de/0/com.google.android.gms/app_chimera/m/00000001/oat/x86_64/CronetDynamite.uncompressed.vdex: File /data/user_de/0/com.google.android.gms/app_chimera/m/00000001/oat/x86_64/CronetDynamite.uncompressed.vdex does not exist.
02-13 17:04:06.353 19732 19733 I artd    : GetBestInfo checking dm (/data/user_de/0/com.google.android.gms/app_chimera/m/00000001/CronetDynamite.uncompressed.dm)
02-13 17:04:06.353 19732 19733 W ziparchive: Unable to open '/data/user_de/0/com.google.android.gms/app_chimera/m/00000001/CronetDynamite.uncompressed.dm': No such file or directory
02-13 17:04:06.353 19732 19733 I artd    : OatFileAssistant test for existing oat file /data/user_de/0/com.google.android.gms/app_chimera/m/00000001/CronetDynamite.uncompressed.dm: I/O error
02-13 17:04:06.353 19732 19733 I artd    : GetBestInfo checking dm (/data/user_de/0/com.google.android.gms/app_chimera/m/00000001/CronetDynamite.uncompressed.dm)
02-13 17:04:06.353 19732 19733 W ziparchive: Unable to open '/data/user_de/0/com.google.android.gms/app_chimera/m/00000001/CronetDynamite.uncompressed.dm': No such file or directory
02-13 17:04:06.353 19732 19733 I artd    : OatFileAssistant test for existing oat file /data/user_de/0/com.google.android.gms/app_chimera/m/00000001/CronetDynamite.uncompressed.dm: I/O error
02-13 17:04:06.353 19732 19733 I artd    : GetBestInfo no usable artifacts
02-13 17:04:06.354 19732 19733 W artd    : Could not get dex checksums for location /data/app/~~W8Mv8iVZ0y20A87MNs5w_Q==/com.google.android.gms-jW50bSu-xF2Cil6w4kaXdw==/base.apk, fd=-1
02-13 17:04:06.355 19732 19733 W artd    : Could not get dex checksums for location /data/app/~~W8Mv8iVZ0y20A87MNs5w_Q==/com.google.android.gms-jW50bSu-xF2Cil6w4kaXdw==/base.apk, fd=-1
02-13 17:04:06.356 19732 19733 W artd    : Could not get dex checksums for location /data/app/~~W8Mv8iVZ0y20A87MNs5w_Q==/com.google.android.gms-jW50bSu-xF2Cil6w4kaXdw==/base.apk, fd=-1
02-13 17:04:06.357 27302 27338 W unknown:BridgelessReact: ReactHost{0}.isMetroRunning(): Async result = true
02-13 17:04:06.359 27302 27336 W unknown:BridgelessReact: ReactHost{0}.loadJSBundleFromMetro()
02-13 17:04:06.360 19732 19733 I artd    : Dex parent of /data/user_de/0/com.google.android.gms/app_chimera/m/00000009/dl-MlkitBarcodeUi.optional_242335100800.apk is not writable: No such file or directory
02-13 17:04:06.360 19732 19733 I artd    : GetBestInfo checking odex in dalvik-cache (/data/dalvik-cache/x86_64/data@user_de@0@com.google.android.gms@app_chimera@m@00000009@dl-MlkitBarcodeUi.optional_242335100800.apk@classes.dex)
02-13 17:04:06.360 19732 19733 I artd    : Loading /data/dalvik-cache/x86_64/data@user_de@0@com.google.android.gms@app_chimera@m@00000009@dl-MlkitBarcodeUi.optional_242335100800.apk@classes.dex with executable: 0
02-13 17:04:06.360 19732 19733 I artd    : OatFileAssistant test for existing oat file /data/dalvik-cache/x86_64/data@user_de@0@com.google.android.gms@app_chimera@m@00000009@dl-MlkitBarcodeUi.optional_242335100800.apk@classes.dex: File /data/dalvik-cache/x86_64/data@user_de@0@com.google.android.gms@app_chimera@m@00000009@dl-MlkitBarcodeUi.optional_242335100800.apk@classes.vdex does not exist.
02-13 17:04:06.360 19732 19733 I artd    : GetBestInfo checking odex next to the dex file (/data/user_de/0/com.google.android.gms/app_chimera/m/00000009/oat/x86_64/dl-MlkitBarcodeUi.optional_242335100800.odex)
02-13 17:04:06.360 19732 19733 I artd    : Loading /data/user_de/0/com.google.android.gms/app_chimera/m/00000009/oat/x86_64/dl-MlkitBarcodeUi.optional_242335100800.odex with executable: 0
02-13 17:04:06.360 19732 19733 I artd    : OatFileAssistant test for existing oat file /data/user_de/0/com.google.android.gms/app_chimera/m/00000009/oat/x86_64/dl-MlkitBarcodeUi.optional_242335100800.odex: File /data/user_de/0/com.google.android.gms/app_chimera/m/00000009/oat/x86_64/dl-MlkitBarcodeUi.optional_242335100800.vdex does not exist.
02-13 17:04:06.360 19732 19733 I artd    : GetBestInfo checking vdex in dalvik-cache (/data/dalvik-cache/x86_64/data@user_de@0@com.google.android.gms@app_chimera@m@00000009@dl-MlkitBarcodeUi.optional_242335100800.apk@classes.vdex)
02-13 17:04:06.360 19732 19733 I artd    : unable to open vdex file /data/dalvik-cache/x86_64/data@user_de@0@com.google.android.gms@app_chimera@m@00000009@dl-MlkitBarcodeUi.optional_242335100800.apk@classes.vdex: File /data/dalvik-cache/x86_64/data@user_de@0@com.google.android.gms@app_chimera@m@00000009@dl-MlkitBarcodeUi.optional_242335100800.apk@classes.vdex does not exist.
02-13 17:04:06.360 19732 19733 I artd    : OatFileAssistant test for existing oat file /data/dalvik-cache/x86_64/data@user_de@0@com.google.android.gms@app_chimera@m@00000009@dl-MlkitBarcodeUi.optional_242335100800.apk@classes.vdex: File /data/dalvik-cache/x86_64/data@user_de@0@com.google.android.gms@app_chimera@m@00000009@dl-MlkitBarcodeUi.optional_242335100800.apk@classes.vdex does not exist.
02-13 17:04:06.360 19732 19733 I artd    : GetBestInfo checking vdex next to the dex file (/data/user_de/0/com.google.android.gms/app_chimera/m/00000009/oat/x86_64/dl-MlkitBarcodeUi.optional_242335100800.vdex)
02-13 17:04:06.360 19732 19733 I artd    : unable to open vdex file /data/user_de/0/com.google.android.gms/app_chimera/m/00000009/oat/x86_64/dl-MlkitBarcodeUi.optional_242335100800.vdex: File /data/user_de/0/com.google.android.gms/app_chimera/m/00000009/oat/x86_64/dl-MlkitBarcodeUi.optional_242335100800.vdex does not exist.
