--------- beginning of system
02-13 17:04:03.697   611  1945 I ActivityManager: Force stopping com.taskmanagercrud appid=10209 user=0: from pid 27292
02-13 17:04:03.702   611  1945 I ActivityManager: Killing 27190:com.taskmanagercrud/u0a209 (adj 0): stop com.taskmanagercrud due to from pid 27292
02-13 17:04:03.705   611   633 D DisplayManagerService: Drop pending events for gone uid 10209
02-13 17:04:03.706   611  1945 W ActivityTaskManager: Force removing ActivityRecord{7818083 u0 com.taskmanagercrud/.MainActivity t34 f}}: app died, no saved state
--------- beginning of main
02-13 17:04:03.708   611   758 D InetDiagMessage: Destroyed 0 sockets, proto=IPPROTO_TCP, family=AF_INET, states=14
02-13 17:04:03.710   611   758 D InetDiagMessage: Destroyed 1 sockets, proto=IPPROTO_TCP, family=AF_INET6, states=14
02-13 17:04:03.710   611   758 D InetDiagMessage: Destroyed live tcp sockets for uids={10209} in 3ms
02-13 17:04:03.712   845   960 V WindowManagerShell: Transition requested (#63): android.os.BinderProxy@585d96c TransitionRequestInfo { type = CLOSE, triggerTask = TaskInfo{userId=0 taskId=34 displayId=0 isRunning=false baseIntent=Intent { flg=0x10000000 cmp=com.taskmanagercrud/.MainActivity } baseActivity=null topActivity=null origActivity=null realActivity=ComponentInfo{com.taskmanagercrud/com.taskmanagercrud.MainActivity} numActivities=0 lastActiveTime=35574271 supportsMultiWindow=true resizeMode=1 isResizeable=true minWidth=-1 minHeight=-1 defaultMinSize=220 token=WCT{android.window.IWindowContainerToken$Stub$Proxy@7c4ab35} topActivityType=1 pictureInPictureParams=null shouldDockBigOverlays=false launchIntoPipHostTaskId=-1 lastParentTaskIdBeforePip=-1 displayCutoutSafeInsets=null topActivityInfo=null launchCookies=[] positionInParent=Point(0, 0) parentTaskId=-1 isFocused=true isVisible=true isVisibleRequested=true isSleeping=false locusId=null displayAreaFeatureId=1 isTopActivityTransparent=false appCompatTaskInfo=AppCompatTaskInfo { topActivityInSizeCompat=false topActivityEligibleForLetterboxEducation= falseisLetterboxEducationEnabled= false isLetterboxDoubleTapEnabled= false topActivityEligibleForUserAspectRatioButton= false topActivityBoundsLetterboxed= false isFromLetterboxDoubleTap= false topActivityLetterboxVerticalPosition= -1 topActivityLetterboxHorizontalPosition= -1 topActivityLetterboxWidth=-1 topActivityLetterboxHeight=-1 isUserFullscreenOverrideEnabled=false isSystemFullscreenOverrideEnabled=false cameraCompatTaskInfo=CameraCompatTaskInfo { cameraCompatControlState=hidden freeformCameraCompatMode=inactive}}}, pipTask = null, remoteTransition = null, displayChange = null, flags = 0, debugId = 63 }
02-13 17:04:03.714   611   758 D InetDiagMessage: Destroyed 0 sockets, proto=IPPROTO_TCP, family=AF_INET, states=14
02-13 17:04:03.717   611   758 D InetDiagMessage: Destroyed 0 sockets, proto=IPPROTO_TCP, family=AF_INET6, states=14
02-13 17:04:03.717   611   758 D InetDiagMessage: Destroyed live tcp sockets for uids={20209} in 7ms
02-13 17:04:03.733   469   469 I BpBinder: onLastStrongRef automatically unlinking death recipients: 
02-13 17:04:03.735   611  1945 I AppsFilter: interaction: PackageSetting{e0bb698 com.android.microdroid.empty_payload/10198} -> PackageSetting{429549a com.taskmanagercrud/10209} BLOCKED
02-13 17:04:03.737  1138  1138 D NexusLauncherModelDelegate: notifySmartspaceEvent: SmartspaceTargetEvent{mSmartspaceTarget=null, mSmartspaceActionId='null', mEventType=6}
02-13 17:04:03.747   979   979 D CarrierSvcBindHelper: onHandleForceStop: [com.taskmanagercrud]
02-13 17:04:03.748   845   960 D WindowManagerShell: setLauncherKeepClearAreaHeight: visible=true, height=603
02-13 17:04:03.760   979   979 D CarrierSvcBindHelper: No carrier app for: 0
02-13 17:04:03.765  1138  1138 D BaseDepthController: setSurface:
02-13 17:04:03.765  1138  1138 D BaseDepthController: 	mWaitingOnSurfaceValidity: false
02-13 17:04:03.765  1138  1138 D BaseDepthController: 	mSurface: Surface(name=com.google.android.apps.nexuslauncher/com.google.android.apps.nexuslauncher.NexusLauncherActivity)/@0x65964b
02-13 17:04:03.843   611  1945 W ActivityTaskManager: callingPackage for (uid=2000, pid=27298) has no WPC
02-13 17:04:03.860   611  1929 V ActivityManager: Got obituary of 27190:com.taskmanagercrud
02-13 17:04:03.861   611  1945 W OptProp : Cannot read opt property android.window.PROPERTY_COMPAT_ALLOW_USER_ASPECT_RATIO_OVERRIDE
02-13 17:04:03.861   611  1945 W OptProp : Cannot read opt property android.window.PROPERTY_COMPAT_ALLOW_USER_ASPECT_RATIO_FULLSCREEN_OVERRIDE
02-13 17:04:03.861   611  1945 W OptProp : Cannot read opt property android.window.PROPERTY_COMPAT_ALLOW_ORIENTATION_OVERRIDE
02-13 17:04:03.871   476   476 I adbd    : Remote process closed the socket (on MSG_PEEK)
02-13 17:04:03.871   611  1945 V GrammaticalInflectionUtils: AttributionSource: android.content.AttributionSource@c1dc064c does not have READ_SYSTEM_GRAMMATICAL_GENDER permission.
02-13 17:04:03.872   611  1945 W OptProp : Cannot read opt property android.window.PROPERTY_COMPAT_ALLOW_RESIZEABLE_ACTIVITY_OVERRIDES
02-13 17:04:03.873   611  1945 W OptProp : Cannot read opt property android.window.PROPERTY_COMPAT_ALLOW_MIN_ASPECT_RATIO_OVERRIDE
02-13 17:04:03.901   611   646 I libprocessgroup: Removed cgroup /sys/fs/cgroup/uid_10209/pid_27190
02-13 17:04:03.944   395   395 I Zygote  : Process 27190 exited due to signal 9 (Killed)
02-13 17:04:04.001   611  1945 I ActivityTaskManager: Add Task{f9dd200 #34 type=standard A=10209:com.taskmanagercrud} to hidden list because adding Task{7d729b5 #35 type=standard A=10209:com.taskmanagercrud}
02-13 17:04:04.003   611  1945 I ActivityTaskManager: START u0 {flg=0x10000000 cmp=com.taskmanagercrud/.MainActivity} with LAUNCH_SINGLE_TASK from uid 2000 (BAL_ALLOW_PERMISSION) result code=0
02-13 17:04:04.037   611  1514 I WindowManager: WIN DEATH: Window{a87e9ea u0 com.taskmanagercrud/com.taskmanagercrud.MainActivity}
02-13 17:04:04.041   611  1514 W InputManager-JNI: Input channel object 'a87e9ea com.taskmanagercrud/com.taskmanagercrud.MainActivity (client)' was disposed without first being removed with the input manager!
02-13 17:04:04.058   611   635 V GrammaticalInflectionUtils: AttributionSource: android.content.AttributionSource@c1dc064c does not have READ_SYSTEM_GRAMMATICAL_GENDER permission.
02-13 17:04:04.111   611   635 W ActivityManager: setHasOverlayUi called on unknown pid: 27190
02-13 17:04:04.132  1138  1138 I TopTaskTracker: onTaskMovedToFront: (moved taskInfo to front) taskId=12, baseIntent=Intent { act=android.intent.action.MAIN cat=[android.intent.category.HOME] flg=0x10000100 cmp=com.google.android.apps.nexuslauncher/.NexusLauncherActivity }
02-13 17:04:04.134  1138  1138 D StatsLog: LAUNCHER_ONRESUME
02-13 17:04:04.159   611   758 W IPCThreadState: Sending oneway calls to frozen process.
02-13 17:04:04.163   611   758 W IPCThreadState: Sending oneway calls to frozen process.
02-13 17:04:04.163   611   758 W IPCThreadState: Sending oneway calls to frozen process.
02-13 17:04:04.163   611   758 W IPCThreadState: Sending oneway calls to frozen process.
02-13 17:04:04.163   611   758 W IPCThreadState: Sending oneway calls to frozen process.
02-13 17:04:04.163   611   758 W IPCThreadState: Sending oneway calls to frozen process.
02-13 17:04:04.166  1383  2257 I BugleRcsEngine: handleMessage processing message:[NOTIFY_UPTIME_IGNORE_STATE_CHANGED] with [non-null]:RcsEngineImpl reference [CONTEXT log_prefix="RcsEngineImpl[DUAL_REG]:[e0b14f02-3670]>Handler" thread_id=63 ]
02-13 17:04:04.166   395   395 D Zygote  : Forked child process 27302
02-13 17:04:04.167   611   758 W IPCThreadState: Sending oneway calls to frozen process.
02-13 17:04:04.167   611   645 W ActivityManager: Slow operation: 95ms so far, now at startProcess: returned from zygote!
02-13 17:04:04.170  1138  1138 W SplitSelectStateCtor: Missing session instanceIds
02-13 17:04:04.170  1138  1138 D StatsLog: LAUNCHER_SPLIT_SELECTION_EXIT_INTERRUPTED
02-13 17:04:04.169   611   645 W ActivityManager: Slow operation: 97ms so far, now at startProcess: done updating battery stats
02-13 17:04:04.170   611   645 W ActivityManager: Slow operation: 98ms so far, now at startProcess: building log message
02-13 17:04:04.170   611   645 I ActivityManager: Start proc 27302:com.taskmanagercrud/u0a209 for next-top-activity {com.taskmanagercrud/com.taskmanagercrud.MainActivity}
02-13 17:04:04.170   611   645 W ActivityManager: Slow operation: 98ms so far, now at startProcess: starting to update pids map
02-13 17:04:04.170   611   645 W ActivityManager: Slow operation: 98ms so far, now at startProcess: done updating pids map
02-13 17:04:04.170   611   758 W IPCThreadState: Sending oneway calls to frozen process.
02-13 17:04:04.173  1383  2028 I BugleRcsEngine: Connected state: [1], networkType: [WIFI] [CONTEXT thread_id=57 ]
02-13 17:04:04.177   611   966 I AppsFilter: interaction: PackageSetting{e0bb698 com.android.microdroid.empty_payload/10198} -> PackageSetting{67b66a2 com.taskmanagercrud/10209} BLOCKED
02-13 17:04:04.180   611  1372 W AppSearchIcing: icing-search-engine.cc:321: Error: 5, Message: Document (com.google.android.googlequicksearchbox$OneSearchZeroStateGoogleSuggestions/default, zp) not found.
02-13 17:04:04.181 21366 21414 W Bugle   : TextClassifierLibManagerImpl: Reclaiming memory at level: 40
02-13 17:04:04.187  1138  1138 I TopTaskTracker: onTaskMovedToFront: (moved taskInfo to front) taskId=35, baseIntent=Intent { flg=0x10000000 cmp=com.taskmanagercrud/.MainActivity }
02-13 17:04:04.190   845   960 D WindowManagerShell: setLauncherKeepClearAreaHeight: visible=false, height=603
02-13 17:04:04.196  1383  2257 I BugleRcsEngine: No RCS Configuration was found in Bugle for simID: redacted-pii:sim_id[chars:20,last3:897] [CONTEXT log_prefix="ProvisioningEngineDataRetriever" thread_id=63 ]
02-13 17:04:04.201  1138  1589 D OneSearchSuggestProvider: AppSearch 0-state cache not available, fallback to AGA
02-13 17:04:04.201  1138  1589 D OneSearchSuggestProvider: java.util.concurrent.CompletionException: java.util.NoSuchElementException: No value present
02-13 17:04:04.201  1138  1589 D OneSearchSuggestProvider: 	at java.util.concurrent.CompletableFuture.encodeThrowable(CompletableFuture.java:308)
02-13 17:04:04.201  1138  1589 D OneSearchSuggestProvider: 	at java.util.concurrent.CompletableFuture.completeThrowable(CompletableFuture.java:323)
02-13 17:04:04.201  1138  1589 D OneSearchSuggestProvider: 	at java.util.concurrent.CompletableFuture$UniAccept.tryFire(CompletableFuture.java:684)
02-13 17:04:04.201  1138  1589 D OneSearchSuggestProvider: 	at java.util.concurrent.CompletableFuture.postComplete(CompletableFuture.java:486)
02-13 17:04:04.201  1138  1589 D OneSearchSuggestProvider: 	at java.util.concurrent.CompletableFuture.completeExceptionally(CompletableFuture.java:2138)
02-13 17:04:04.201  1138  1589 D OneSearchSuggestProvider: 	at com.google.android.apps.nexuslauncher.allapps.E0.onResult(go/retraceme 2855a437b73635ce9cad76b9289087e631bbb67fc90008a0da13d343a00e5041:67)
02-13 17:04:04.201  1138  1589 D OneSearchSuggestProvider: 	at android.app.appsearch.SearchSessionUtil$1.lambda$onResult$0(go/retraceme 64eee9e9f568ff45978879ad2ff83146f2618ee8a88278736fbdf5fae931976e:144)
02-13 17:04:04.201  1138  1589 D OneSearchSuggestProvider: 	at android.app.appsearch.SearchSessionUtil$1.$r8$lambda$CEk3q8sDAQVhU3rQwVueB8FAj_M(go/retraceme 64eee9e9f568ff45978879ad2ff83146f2618ee8a88278736fbdf5fae931976e:1)
02-13 17:04:04.201  1138  1589 D OneSearchSuggestProvider: 	at android.app.appsearch.SearchSessionUtil$1$$ExternalSyntheticLambda0.run(go/retraceme 64eee9e9f568ff45978879ad2ff83146f2618ee8a88278736fbdf5fae931976e:22)
02-13 17:04:04.201  1138  1589 D OneSearchSuggestProvider: 	at android.os.Handler.handleCallback(Handler.java:959)
02-13 17:04:04.201  1138  1589 D OneSearchSuggestProvider: 	at android.os.Handler.dispatchMessage(Handler.java:100)
02-13 17:04:04.201  1138  1589 D OneSearchSuggestProvider: 	at android.os.Looper.loopOnce(Looper.java:232)
02-13 17:04:04.201  1138  1589 D OneSearchSuggestProvider: 	at android.os.Looper.loop(Looper.java:317)
02-13 17:04:04.201  1138  1589 D OneSearchSuggestProvider: 	at android.os.HandlerThread.run(HandlerThread.java:85)
02-13 17:04:04.201  1138  1589 D OneSearchSuggestProvider: Caused by: java.util.NoSuchElementException: No value present
02-13 17:04:04.201  1138  1589 D OneSearchSuggestProvider: 	at java.util.Optional.get(Optional.java:143)
02-13 17:04:04.201  1138  1589 D OneSearchSuggestProvider: 	at com.google.android.apps.nexuslauncher.allapps.E0.onResult(go/retraceme 2855a437b73635ce9cad76b9289087e631bbb67fc90008a0da13d343a00e5041:28)
02-13 17:04:04.201  1138  1589 D OneSearchSuggestProvider: 	... 8 more
02-13 17:04:04.212  1138  1216 D QuickstepModelDelegate: notifyAppTargetEvent action=1 launchLocation=workspace/0/[-1,-1]/[1,1]
02-13 17:04:04.212  1138  1589 D OneSearchSuggestProvider: Created the binder channel successfully for end point service =com.google.android.apps.search.googleapp.search.suggest.plugins.onesearch.server.OneSearchSuggestService , mChannel=i1{delegate=f{logId=97, target=directaddress:///AndroidComponentAddress%5BIntent%20%7B%20act=grpc.io.action.BIND%20cmp=com.google.android.googlequicksearchbox/com.google.android.apps.search.googleapp.search.suggest.plugins.onesearch.server.OneSearchSuggestService%20%7D%5D}} , mOneSearchConnection=l2.Z@bed723
02-13 17:04:04.213   611   962 D CoreBackPreview: Window{81f3097 u0 Splash Screen com.taskmanagercrud}: Setting back callback OnBackInvokedCallbackInfo{mCallback=android.window.IOnBackInvokedCallback$Stub$Proxy@6e6ea25, mPriority=0, mIsAnimationCallback=false}
02-13 17:04:04.235   611   962 D ActivityManager: sync unfroze 26147 com.google.android.googlequicksearchbox:search for 6
02-13 17:04:04.245 27302 27302 I taskmanagercrud: Late-enabling -Xcheck:jni
02-13 17:04:04.254   611   962 W ProcessStats: Tracking association SourceState{6e855a7 com.google.android.apps.nexuslauncher/10176 BTop #15714} whose proc state 2 is better than process ProcessState{1aec792 com.google.android.googlequicksearchbox:search/10145 pkg=com.google.android.googlequicksearchbox} proc state 14 (3 skipped)
02-13 17:04:04.306  1365  1544 I AiAiEcho: Predicting[0]:  [CONTEXT sampling_count=5 ]
02-13 17:04:04.307  1365  1544 I AiAiEcho: EchoTargets: 
02-13 17:04:04.307  1365  1544 I AiAiEcho: Filtered by AiAi flag check: 
02-13 17:04:04.307  1365  1544 I AiAiEcho: [CONTEXT ratelimit_period="10 SECONDS" ]
02-13 17:04:04.307  1365  1544 I AiAiEcho: Ranked targets strategy: SORT, count: 0, ranking metadata:  [CONTEXT ratelimit_period="10 SECONDS" ]
02-13 17:04:04.307  1365  1544 I AiAiEcho: #remoteViewsTwiddler: feature disabled.
02-13 17:04:04.307  1046  3909 I NullBinder: NullBinder for android.net.action.RECOMMEND_NETWORKS triggering remote TransactionTooLargeException due to Service without Chimera impl, calling uid: 1000, calling pid: 0
02-13 17:04:04.308  1046  3909 W .gms.persistent: Large reply transaction of 1056768 bytes, interface descriptor , code 1
02-13 17:04:04.311  1365  1544 I AiAiEcho: #postPredictionTargets: Sending updates to UISurface home with targets# 0 (types=[])
02-13 17:04:04.314  1138  1138 D SsBaseTemplateCard: No text view can be set up
02-13 17:04:04.323  1138  1138 D SsBaseTemplateCard: Passed-in item info is null
02-13 17:04:04.323  1138  1138 D SsBaseTemplateCard: Passed-in item info is null
02-13 17:04:04.323  1138  1138 D SsBaseTemplateCard: Passed-in item info is null
02-13 17:04:04.323  1138  1138 I SsBaseTemplateCard: Secondary card pane is null
02-13 17:04:04.348 26147 26147 I A       : (REDACTED) Created gRPC endpoint for service %s
02-13 17:04:04.471 27302 27302 I taskmanagercrud: Using CollectorTypeCMC GC.
02-13 17:04:04.480 27302 27302 W taskmanagercrud: Unexpected CPU variant for x86: x86_64.
02-13 17:04:04.480 27302 27302 W taskmanagercrud: Known variants: atom, sandybridge, silvermont, goldmont, goldmont-plus, goldmont-without-sha-xsaves, tremont, kabylake, default
02-13 17:04:04.489  1138  1138 D SearchTargetUtil: queryLength=0 size=15
02-13 17:04:04.489  1138  1138 D SearchTargetUtil: layoutType=short_icon_row resultType=131072 packageName=com.google.android.googlequicksearchbox extras=Bundle{suggestion_type=33,suggest_truncate_start=false,is_answer=false,is_entity=false,is_personal=false,suggest_raw_text=danny duray semo football,input_query=android.app.search.Query@51c5c76,group_id=web35738844,response_id=645b49ef-9c91-4753-bfd2-1a158b980a10,support_query_builder=false,} searchAction=danny duray semo football searchActionExtras=Bundle{learn_more_url=https://support.google.com/websearch/answer/106230?hl=106230,suggestion_action_text=Report this,should_start_for_result=true,allow_pinning=true,skip_logging_in_target_handler=true,suggestion_action_rpc=2,}ParentID: null targetID: 386294a4-b207-46fb-8fac-91908c10ae1f
02-13 17:04:04.489  1138  1138 D SearchTargetUtil: layoutType=short_icon_row resultType=131072 packageName=com.google.android.googlequicksearchbox extras=Bundle{suggestion_type=33,suggest_truncate_start=false,is_answer=false,is_entity=false,is_personal=false,suggest_raw_text=cash app payment links,input_query=android.app.search.Query@51c5c76,group_id=web35738844,response_id=645b49ef-9c91-4753-bfd2-1a158b980a10,support_query_builder=false,} searchAction=cash app payment links searchActionExtras=Bundle{learn_more_url=https://support.google.com/websearch/answer/106230?hl=106230,suggestion_action_text=Report this,should_start_for_result=true,allow_pinning=true,skip_logging_in_target_handler=true,suggestion_action_rpc=2,}ParentID: null targetID: a91255c3-a1b9-43fa-a0e7-1a7cba0e3efb
02-13 17:04:04.489  1138  1138 D SearchTargetUtil: layoutType=short_icon_row resultType=131072 packageName=com.google.android.googlequicksearchbox extras=Bundle{suggestion_type=33,suggest_truncate_start=false,is_answer=false,is_entity=false,is_personal=false,suggest_raw_text=sba loans green card,input_query=android.app.search.Query@51c5c76,group_id=web35738844,response_id=645b49ef-9c91-4753-bfd2-1a158b980a10,support_query_builder=false,} searchAction=sba loans green card searchActionExtras=Bundle{learn_more_url=https://support.google.com/websearch/answer/106230?hl=106230,suggestion_action_text=Report this,should_start_for_result=true,allow_pinning=true,skip_logging_in_target_handler=true,suggestion_action_rpc=2,}ParentID: null targetID: a446c922-898a-485f-8b15-cb3d2b652a2f
02-13 17:04:04.489  1138  1138 D SearchTargetUtil: layoutType=short_icon_row resultType=131072 packageName=com.google.android.googlequicksearchbox extras=Bundle{suggestion_type=33,suggest_truncate_start=false,is_answer=false,is_entity=false,is_personal=false,suggest_raw_text=netflix xo kitty season 3,input_query=android.app.search.Query@51c5c76,group_id=web35738844,response_id=645b49ef-9c91-4753-bfd2-1a158b980a10,support_query_builder=false,} searchAction=netflix xo kitty season 3 searchActionExtras=Bundle{learn_more_url=https://support.google.com/websearch/answer/106230?hl=106230,suggestion_action_text=Report this,should_start_for_result=true,allow_pinning=true,skip_logging_in_target_handler=true,suggestion_action_rpc=2,}ParentID: null targetID: 93e37d2f-2061-4bfa-8a16-82619906026c
02-13 17:04:04.490  1138  1138 D SearchTargetUtil: layoutType=short_icon_row resultType=131072 packageName=com.google.android.googlequicksearchbox extras=Bundle{suggestion_type=33,suggest_truncate_start=false,is_answer=false,is_entity=false,is_personal=false,suggest_raw_text=samsung galaxy galaxy s26 ultra,input_query=android.app.search.Query@51c5c76,group_id=web35738844,response_id=645b49ef-9c91-4753-bfd2-1a158b980a10,support_query_builder=false,} searchAction=samsung galaxy galaxy s26 ultra searchActionExtras=Bundle{learn_more_url=https://support.google.com/websearch/answer/106230?hl=106230,suggestion_action_text=Report this,should_start_for_result=true,allow_pinning=true,skip_logging_in_target_handler=true,suggestion_action_rpc=2,}ParentID: null targetID: 9ed746f6-69a8-4013-993b-fc45f74c96b5
02-13 17:04:04.490  1138  1138 D SearchTargetUtil: layoutType=short_icon_row resultType=131072 packageName=com.google.android.googlequicksearchbox extras=Bundle{suggestion_type=33,suggest_truncate_start=false,is_answer=false,is_entity=false,is_personal=false,suggest_raw_text=tennessee football derrick baker,input_query=android.app.search.Query@51c5c76,group_id=web35738844,response_id=645b49ef-9c91-4753-bfd2-1a158b980a10,support_query_builder=false,} searchAction=tennessee football derrick baker searchActionExtras=Bundle{learn_more_url=https://support.google.com/websearch/answer/106230?hl=106230,suggestion_action_text=Report this,should_start_for_result=true,allow_pinning=true,skip_logging_in_target_handler=true,suggestion_action_rpc=2,}ParentID: null targetID: 080b040a-ad50-448f-88bc-d888d69847bb
02-13 17:04:04.490  1138  1138 D SearchTargetUtil: layoutType=short_icon_row resultType=131072 packageName=com.google.android.googlequicksearchbox extras=Bundle{suggestion_type=33,suggest_truncate_start=false,is_answer=false,is_entity=false,is_personal=false,suggest_raw_text=lottery powerball winning numbers,input_query=android.app.search.Query@51c5c76,group_id=web35738844,response_id=645b49ef-9c91-4753-bfd2-1a158b980a10,support_query_builder=false,} searchAction=lottery powerball winning numbers searchActionExtras=Bundle{learn_more_url=https://support.google.com/websearch/answer/106230?hl=106230,suggestion_action_text=Report this,should_start_for_result=true,allow_pinning=true,skip_logging_in_target_handler=true,suggestion_action_rpc=2,}ParentID: null targetID: cf1bd7f8-9c04-468b-84bd-4d8a8729dcdf
02-13 17:04:04.490  1138  1138 D SearchTargetUtil: layoutType=short_icon_row resultType=131072 packageName=com.google.android.googlequicksearchbox extras=Bundle{suggestion_type=33,suggest_truncate_start=false,is_answer=false,is_entity=false,is_personal=false,suggest_raw_text=owen ramsingh deported ice,input_query=android.app.search.Query@51c5c76,group_id=web35738844,response_id=645b49ef-9c91-4753-bfd2-1a158b980a10,support_query_builder=false,} searchAction=owen ramsingh deported ice searchActionExtras=Bundle{learn_more_url=https://support.google.com/websearch/answer/106230?hl=106230,suggestion_action_text=Report this,should_start_for_result=true,allow_pinning=true,skip_logging_in_target_handler=true,suggestion_action_rpc=2,}ParentID: null targetID: 1ee8da67-8f3c-4f46-993e-84db6966cd30
02-13 17:04:04.491  1138  1138 D SearchTargetUtil: layoutType=extra_tall_icon_row resultType=131072 packageName=com.google.android.googlequicksearchbox extras=Bundle{bitmap_url=data:image/jpeg;base64,/9j/4AAQSkZJRgABAQAAAQABAAD/2wCEAAkGBwgHBgkIBwgKCgkLDRYPDQwMDRsUFRAWIB0iIiAdHx8kKDQsJCYxJx8fLT0tMTU3Ojo6Iys/RD84QzQ5OjcBCgoKDQwNGg8PGjclHyU3Nzc3Nzc3Nzc3Nzc3Nzc3Nzc3Nzc3Nzc3Nzc3Nzc3Nzc3Nzc3Nzc3Nzc3Nzc3Nzc3N//AABEIAJAAkAMBIgACEQEDEQH/xAAbAAABBQEBAAAAAAAAAAAAAAAFAgMEBgcBAP/EADkQAAIBAwIDBQUHAwQDAAAAAAECAwAEEQUhEjFBBhNRYXEUIoGRoSMyQlKxwfAzYuEHFRYkctHx/8QAGgEAAgMBAQAAAAAAAAAAAAAAAwQBAgUABv/EACIRAAICAQUAAwEBAAAAAAAAAAABAhEDBBIhMUEiUWETFP/aAAwDAQACEQMRAD8ACGvUrFcxW0LnQTSg1Ir1ScPB6WH86j5r3FXEWSQ/nUe81K0s0LXVwkeOhO5+FV7V+0XdyCGwdGIGXfn8BVcuuOcvNNkktlnbJJzilMupUeIhIwvst83a/TETKd9IeeAmP1xUT/mtmTvbTj5H96qThZHzE6qNuYxvTMkXCThuIA4BFL/6chbYjStO1ez1Ef8AXmUv+QnB+VTjWSKpL5jyMEeoqy6F2pa2QW+ol5Ix92Xmw9fGj49UnxIpLH9F0NIIrkNxDcJxwSJIvihBpRptMFQ2RSSKWa4akgbNJNOUg1xBJxXuGn+Cpmk6a2pXq24YouCWcLnhFVbSVhqIlnpt3fNi0t3k8wNh8eVFR2WniXiv721tR/c2T+w+tTdY1SV5odN0eWRQn2TcIClm5bH/AOVAsdDe61qSxv5WSRU42ZfeJ5dT60PfJq26Oo7/AMcim2stXs5m/KTg/QmqD22un0+eTSxIvfL/AFjG2cZ/D6+NW68tLS17N6jqlzOySWrMiJgYdsDhHxJrNNEsn1C99ouMlWky39x50vqMzitqYTHDcwaiSB1j5v4N0qXLb3DxmOTgynvZyNx61fNO0CD2ousShicmQ7n0FWW37O2nAAw257AfrWW8yHlpm0ZDFbx28BLokjuNjkHH0/ekCB5mAS3xkDlyrYm7GaRLnitsn+3b9KkW3Z2xsyO6hxw8siu/uiVpWYmmm3szlYoG55OwqJdRSwyskylHHMEYzW4z6bAUZ44xufCgOo6ZFNE/eIDtjJG9VWfks9Jx2ZtoepHTb1JGLGM+7IoPTx+FaDDcRzxLLEwZGGQQazzWrEWN2UT7jbjblRXsfelJZLRuTDjXyPWtPS5qe3xmdlg0XHirhO1T00l2bTR36gXw908P3PXxr2oafa2ccvDqcU08bcJhEbAk5wd+W1P7ldC9A+kmj0nZ5e8S3j1CJruSMSJC0ZXiGM7Hl0NBIU7y4SFjwlnCE45ZOK5ST6OaCfDVh0Oab/YNQitXKTxHvFK88Y3/AEPzoO0VTNEuxYagkj/0n9yT0PX4VSauIYW9rFHo9lqtsGaWKbM5JySc/wCB86NTRiPtbZ3CfcuYGGfEgE/pimIIo9M1CfTbkf8AQvR9m2dgT5/T5UUtdPlWCzWcgy2chCOPxJgr+hHypecjqMi/1HnKp/twYgG/klYDy2H603oVqlvbQ8IwCc/Ovf6iuj9ppo85EcpLY8zmnNNk444xn8X0pHVO2N6ZclsskEZB8aMQSpih1jD3/DjlRuCyXGKzqZp2khSSZBxnGKYkkCNnceNEl08p907V5tOCqXYAg1O10RviBJZ1fwzQrUVUQOw2NWK409d3UDw50A1RCsciY6bVWmW3Joz/ALZWaexCYJ7wI3FAOysvsmv2kssIljDlZIyccSkEH9avGsKs9iylcjqPKqfolur63aQvKsfeTgGRh7qjfc0/p30ZmpXyNYuXtVj7PyWMpkhiuimW+8uWBwfOk9o7W+b23h0i2WAMX9qRQHKg5znPz2ocNAuA15A0gW6t0EqxKMiZPzKf8VHsbFrqzvLqWdkhtkBzz42PJedbCSXKZmtss/tttHLpveRxR3M9iogu3Ge7fGMEeG9U6eOaz1ApcgiWOQFvnnNFJdJ0y2gtZL3UpY2uIVlCrBxYB8803ZaXYy6W99d3csSCfuvcj4umQamG2Ks52wuU8qbaOpZWkFakMTtPuIL60Gmai3Dj+hMfwnw/npSXutS0XUEN88ksSrwbnIZPEef1ocyeVELfVits1pqEQurYjA4vvL6UNx+jjINfvFvu02ozK/Eskw4D5YopaXCWKw94rNhcBF5segodqumPaancXECMbWSYhOIbjO4o/YWfFP7SVDcC4APiaysrXY5ii7oJWGq6nJF9jZsDvhUxhfDO4zU/TLnXhc5uoJIwDkNzH0NQYxqMzyqD3EabRhFBZj552A+Bopp9pfQfaXTO0/ukAFFBHXJGMdPH96B4M7XdMuWm3xnjxxZZVyaFate3vA6WrFyTkAbH/G+KH2F80eo3Aj3GOWa9HNJcR3CxjL42BOOtD3MJs4AsV72iQs0hRgTjeZdvr/PKok11rKOzywrPCw95Qd19D1olPpt9LNx2VxcpBgcWWweW+w28edNWltfW80qMwkiY+4DgN8cbfEY9KvJ8clIx59AYmFxbsuCuxBDDcVWrVHbXrSJCpaS4WMDOxJOB+tXfUrJYwZUGMjcVWNJ0x9R1cxqcGGTiYjoOg9SR9KLhkk7A54OVIvGrah7Bf6aLWVZZrCFY5HU7Meq59P1rnaK5s4rKC100/ZXLm6fyzsF+G+3lQq+sJLExiRsh14hUXFbWLbOMZoy8kZQk4suMb3smj6YdP9iOIeGT2jhyMHAxn41A0y6XTtGv0nS3meG7UmJ8MG3AOPlzquFfKuFat/JdFNxeSKQRSzSDyqqGBtl2pt1yGp41A1a+j0+2aaUgL4mpIGO0kUU2kQFCEkRIWIH4stn51G0qJmU8IpdxcxXnY0XMWTJ3ik4/ICB8qc0R1MSLgcRFYM1Sa/TWhTnf4WG2hhCKX4c+lKv2iWBmKgKOp60qBCeEHxpvtAvd2whiVTLKD7x5IvWgpMYkkgPo4ZhcThcB2PD5inrB0eXDDDZ3zRXRzYPpTYOGXIHDuCRQyIIXN7ZukqoftIwwO3UHHWpaKproscZtjDh4l4hybHOoN2kfFlAoHlRBrZRCssJPdsucHmKhXCDGcY28Kh36Wil4VnVVIjkJNNdhLSb2m7uoY+JA/UZGSv8A6J+VPa7KEs5T1IwKe7D3Bs9OlkQM5d5ONQeeAMfvV48RAzXzRG7SkrNDC4w0akEfHH7UGolr8xudTkk28NqHYrf0irDEx9U7zSEmvGukV7FMC5dCd65TZfevBqDQyKNVb/URC/Z+QgfdZSfnVnJoN2tjE2g3i8/syRVZq4s5dgLsDKmo6MdOkALIzpz3wdx+pFT9FkaGaMOMEbEHoazTTNTvNKuPaLCcxSeOAQfgaveiXDz2ltcStxSOvE58TzJ+eaxskas0MU7r7NDe/trGFZJ2w2M0A1DtPZyuGjw7hhwk9P5iuXtlNqEimFwuUxg+HT40MtrSygmKzWZ7xNveyOmPjQYpejDnKTpEu21GSWWd7uMMRGX3JUPjkD4/znU86yCIWvECrIgIVB89/jTK21nJKJzBIRw4AycEZ5GlX9tp8oTvEkVkGAV548PSp4ZP88i5LLY6rBKhj7wY6ZNdu2UxEqRuOlUS2iZbxfZXlkIyPD+HOaN2t1NHYyJPxZDAAn0qrjXR0cn2B9WczuYzyU5Nc0XW9Ls9Mlt5Lru71WyIj+MNyxXrocMUrHmwzVDtFN32mJG4ST6Dai4Yb3tAZsjh8kXdiXPEeZ3rhFKxXDXokklSMZu3YgiuGlEUk1JBZ+KlA7VGD704r5oQwOE0xexC
02-13 17:04:04.498   476   488 I adbd    : jdwp connection from 27302
02-13 17:04:04.504  1138  1138 D SearchTargetUtil: layoutType=short_icon_row resultType=131072 packageName=com.google.android.googlequicksearchbox extras=Bundle{suggestion_type=33,suggest_truncate_start=false,is_answer=false,is_entity=false,is_personal=false,suggest_raw_text=cdc travel advisory,input_query=android.app.search.Query@51c5c76,group_id=web35738844,response_id=645b49ef-9c91-4753-bfd2-1a158b980a10,support_query_builder=false,} searchAction=cdc travel advisory searchActionExtras=Bundle{learn_more_url=https://support.google.com/websearch/answer/106230?hl=106230,suggestion_action_text=Report this,should_start_for_result=true,allow_pinning=true,skip_logging_in_target_handler=true,suggestion_action_rpc=2,}ParentID: null targetID: a4223020-5133-46ac-99ea-721e3458c0bd
02-13 17:04:04.504  1138  1138 D SearchTargetUtil: layoutType=short_icon_row resultType=131072 packageName=com.google.android.googlequicksearchbox extras=Bundle{suggestion_type=33,suggest_truncate_start=false,is_answer=false,is_entity=false,is_personal=false,suggest_raw_text=playstation games,input_query=android.app.search.Query@51c5c76,group_id=web35738844,response_id=645b49ef-9c91-4753-bfd2-1a158b980a10,support_query_builder=false,} searchAction=playstation games searchActionExtras=Bundle{learn_more_url=https://support.google.com/websearch/answer/106230?hl=106230,suggestion_action_text=Report this,should_start_for_result=true,allow_pinning=true,skip_logging_in_target_handler=true,suggestion_action_rpc=2,}ParentID: null targetID: af26cc1c-38fd-499e-b2bf-0eae6b62b213
02-13 17:04:04.504  1138  1138 D SearchTargetUtil: layoutType=short_icon_row resultType=131072 packageName=com.google.android.googlequicksearchbox extras=Bundle{suggestion_type=33,suggest_truncate_start=false,is_answer=false,is_entity=false,is_personal=false,suggest_raw_text=tottenham hotspur thomas frank,input_query=android.app.search.Query@51c5c76,group_id=web35738844,response_id=645b49ef-9c91-4753-bfd2-1a158b980a10,support_query_builder=false,} searchAction=tottenham hotspur thomas frank searchActionExtras=Bundle{learn_more_url=https://support.google.com/websearch/answer/106230?hl=106230,suggestion_action_text=Report this,should_start_for_result=true,allow_pinning=true,skip_logging_in_target_handler=true,suggestion_action_rpc=2,}ParentID: null targetID: e1645aa3-421f-42f7-b4f2-b737b9216093
02-13 17:04:04.504  1138  1138 D SearchTargetUtil: layoutType=short_icon_row resultType=131072 packageName=com.google.android.googlequicksearchbox extras=Bundle{suggestion_type=33,suggest_truncate_start=false,is_answer=false,is_entity=false,is_personal=false,suggest_raw_text=heavy snow forecast,input_query=android.app.search.Query@51c5c76,group_id=web35738844,response_id=645b49ef-9c91-4753-bfd2-1a158b980a10,support_query_builder=false,} searchAction=heavy snow forecast searchActionExtras=Bundle{learn_more_url=https://support.google.com/websearch/answer/106230?hl=106230,suggestion_action_text=Report this,should_start_for_result=true,allow_pinning=true,skip_logging_in_target_handler=true,suggestion_action_rpc=2,}ParentID: null targetID: 97391c96-fe2a-4348-a482-42901ad67580
02-13 17:04:04.504  1138  1138 D SearchTargetUtil: layoutType=short_icon_row resultType=131072 packageName=com.google.android.googlequicksearchbox extras=Bundle{suggestion_type=33,suggest_truncate_start=false,is_answer=false,is_entity=false,is_personal=false,suggest_raw_text=antarctica granite deposit discovery,input_query=android.app.search.Query@51c5c76,group_id=web35738844,response_id=645b49ef-9c91-4753-bfd2-1a158b980a10,support_query_builder=false,} searchAction=antarctica granite deposit discovery searchActionExtras=Bundle{learn_more_url=https://support.google.com/websearch/answer/106230?hl=106230,suggestion_action_text=Report this,should_start_for_result=true,allow_pinning=true,skip_logging_in_target_handler=true,suggestion_action_rpc=2,}ParentID: null targetID: 7c1c3d42-ab1a-416c-b05a-79c6466409de
02-13 17:04:04.505  1138  1138 D SearchTargetUtil: layoutType=short_icon_row resultType=131072 packageName=com.google.android.googlequicksearchbox extras=Bundle{suggestion_type=33,suggest_truncate_start=false,is_answer=false,is_entity=false,is_personal=false,suggest_raw_text=wasp 2026 north america tour,input_query=android.app.search.Query@51c5c76,group_id=web35738844,response_id=645b49ef-9c91-4753-bfd2-1a158b980a10,support_query_builder=false,} searchAction=wasp 2026 north america tour searchActionExtras=Bundle{learn_more_url=https://support.google.com/websearch/answer/106230?hl=106230,suggestion_action_text=Report this,should_start_for_result=true,allow_pinning=true,skip_logging_in_target_handler=true,suggestion_action_rpc=2,}ParentID: null targetID: 6ddfa8d2-3ba1-43fd-8eed-c46b105d2c1d
02-13 17:04:04.533 27302 27302 D nativeloader: Load libframework-connectivity-tiramisu-jni.so using APEX ns com_android_tethering for caller /apex/com.android.tethering/javalib/framework-connectivity-t.jar: ok
02-13 17:04:04.659 27302 27302 W ziparchive: Unable to open '/data/app/~~9dkkfoufEy_cR4-tOo-D7w==/com.taskmanagercrud-7OLORhQb6jGwA8ifp51eIQ==/base.dm': No such file or directory
02-13 17:04:04.659 27302 27302 W ziparchive: Unable to open '/data/app/~~9dkkfoufEy_cR4-tOo-D7w==/com.taskmanagercrud-7OLORhQb6jGwA8ifp51eIQ==/base.dm': No such file or directory
02-13 17:04:05.041 27302 27302 D nativeloader: Configuring clns-7 for other apk /data/app/~~9dkkfoufEy_cR4-tOo-D7w==/com.taskmanagercrud-7OLORhQb6jGwA8ifp51eIQ==/base.apk. target_sdk_version=36, uses_libraries=, library_path=/data/app/~~9dkkfoufEy_cR4-tOo-D7w==/com.taskmanagercrud-7OLORhQb6jGwA8ifp51eIQ==/lib/x86_64:/data/app/~~9dkkfoufEy_cR4-tOo-D7w==/com.taskmanagercrud-7OLORhQb6jGwA8ifp51eIQ==/base.apk!/lib/x86_64, permitted_path=/data:/mnt/expand:/data/user/0/com.taskmanagercrud
02-13 17:04:05.081 27302 27302 V GraphicsEnvironment: Currently set values for:
02-13 17:04:05.081 27302 27302 V GraphicsEnvironment:   angle_gl_driver_selection_pkgs=[]
02-13 17:04:05.081 27302 27302 V GraphicsEnvironment:   angle_gl_driver_selection_values=[]
02-13 17:04:05.082 27302 27302 V GraphicsEnvironment: Global.Settings values are invalid: number of packages: 0, number of values: 0
02-13 17:04:05.082 27302 27302 V GraphicsEnvironment: Neither updatable production driver nor prerelease driver is supported.
02-13 17:04:05.129 27302 27302 W SoLoader: Initializing SoLoader: 0
02-13 17:04:05.132 27302 27302 W SoLoader: Recording new base apk path: /data/app/~~9dkkfoufEy_cR4-tOo-D7w==/com.taskmanagercrud-7OLORhQb6jGwA8ifp51eIQ==/base.apk
02-13 17:04:05.132 27302 27302 W SoLoader: Previously recorded 0 base apk paths.
02-13 17:04:05.135 27302 27302 I SoLoader: Preparing SO source: DirectorySoSource[root = /vendor/lib64 flags = 2]
02-13 17:04:05.137 27302 27302 I SoLoader: Preparing SO source: DirectorySoSource[root = /system/lib64 flags = 2]
02-13 17:04:05.137 27302 27302 I SoLoader: Preparing SO source: DirectApkSoSource[root = [/data/app/~~9dkkfoufEy_cR4-tOo-D7w==/com.taskmanagercrud-7OLORhQb6jGwA8ifp51eIQ==/base.apk!/lib/x86_64]]
02-13 17:04:05.216 27302 27302 I SoLoader: Preparing SO source: ApplicationSoSource[DirectorySoSource[root = /data/app/~~9dkkfoufEy_cR4-tOo-D7w==/com.taskmanagercrud-7OLORhQb6jGwA8ifp51eIQ==/lib/x86_64 flags = 0]]
02-13 17:04:05.216 27302 27302 I SoLoader: init finish: 4 SO sources prepared
02-13 17:04:05.216 27302 27302 W SoLoader: SoLoader initialized: 8
02-13 17:04:05.362 27302 27302 D nativeloader: Load /data/app/~~9dkkfoufEy_cR4-tOo-D7w==/com.taskmanagercrud-7OLORhQb6jGwA8ifp51eIQ==/base.apk!/lib/x86_64/libc++_shared.so using ns clns-7 from class loader (caller=/data/app/~~9dkkfoufEy_cR4-tOo-D7w==/com.taskmanagercrud-7OLORhQb6jGwA8ifp51eIQ==/base.apk): ok
02-13 17:04:05.428 27302 27302 D nativeloader: Load /data/app/~~9dkkfoufEy_cR4-tOo-D7w==/com.taskmanagercrud-7OLORhQb6jGwA8ifp51eIQ==/base.apk!/lib/x86_64/libjsi.so using ns clns-7 from class loader (caller=/data/app/~~9dkkfoufEy_cR4-tOo-D7w==/com.taskmanagercrud-7OLORhQb6jGwA8ifp51eIQ==/base.apk): ok
02-13 17:04:05.456 27302 27302 D nativeloader: Load /data/app/~~9dkkfoufEy_cR4-tOo-D7w==/com.taskmanagercrud-7OLORhQb6jGwA8ifp51eIQ==/base.apk!/lib/x86_64/libfbjni.so using ns clns-7 from class loader (caller=/data/app/~~9dkkfoufEy_cR4-tOo-D7w==/com.taskmanagercrud-7OLORhQb6jGwA8ifp51eIQ==/base.apk): ok
02-13 17:04:05.485 27302 27302 D nativeloader: Load /data/app/~~9dkkfoufEy_cR4-tOo-D7w==/com.taskmanagercrud-7OLORhQb6jGwA8ifp51eIQ==/base.apk!/lib/x86_64/libreactnative.so using ns clns-7 from class loader (caller=/data/app/~~9dkkfoufEy_cR4-tOo-D7w==/com.taskmanagercrud-7OLORhQb6jGwA8ifp51eIQ==/base.apk): ok
02-13 17:04:05.485 27302 27302 D jni_lib_merge: Entering merged library JNI_OnLoad.
02-13 17:04:05.485 27302 27302 D jni_lib_merge: Preparing 12 pre-merged libs (including stub)
02-13 17:04:05.485 27302 27302 D jni_lib_merge: Preparing to register libfabricjni_so.  onload_func: 0x72b41f097730
02-13 17:04:05.485 27302 27302 D jni_lib_merge: Preparing to register libreact_devsupportjni_so.  onload_func: 0x72b41f294190
02-13 17:04:05.485 27302 27302 D jni_lib_merge: Preparing to register libreact_featureflagsjni_so.  onload_func: 0x72b41f2a5910
02-13 17:04:05.485 27302 27302 D jni_lib_merge: Preparing to register libreact_newarchdefaults_so.  onload_func: 0x72b41f346d20
02-13 17:04:05.485 27302 27302 D jni_lib_merge: Preparing to register libreactnativeblob_so.  onload_func: 0x72b41f5512e0
02-13 17:04:05.485 27302 27302 D jni_lib_merge: Preparing to register libreactnativejni_so.  onload_func: 0x72b41f591770
02-13 17:04:05.485 27302 27302 D jni_lib_merge: Preparing to register libreactnativejni_common_so.  onload_func: 0x72b41f5a15d0
02-13 17:04:05.485 27302 27302 D jni_lib_merge: Preparing to register librninstance_so.  onload_func: 0x72b41f5de4c0
02-13 17:04:05.485 27302 27302 D jni_lib_merge: Preparing to register libturbomodulejsijni_so.  onload_func: 0x72b41f73fc00
02-13 17:04:05.485 27302 27302 D jni_lib_merge: Preparing to register libuimanagerjni_so.  onload_func: 0x72b41f757de0
02-13 17:04:05.485 27302 27302 D jni_lib_merge: Preparing to register libyoga_so.  onload_func: 0x72b41f766d70
02-13 17:04:05.485 27302 27302 D jni_lib_merge: About to register 11 actual methods.
02-13 17:04:05.505 27302 27302 D nativeloader: Load /data/app/~~9dkkfoufEy_cR4-tOo-D7w==/com.taskmanagercrud-7OLORhQb6jGwA8ifp51eIQ==/base.apk!/lib/x86_64/libreact_codegen_rnscreens.so using ns clns-7 from class loader (caller=/data/app/~~9dkkfoufEy_cR4-tOo-D7w==/com.taskmanagercrud-7OLORhQb6jGwA8ifp51eIQ==/base.apk): ok
02-13 17:04:05.506 27302 27302 D jni_lib_merge: Entering merged library JNI_OnLoad.
02-13 17:04:05.506 27302 27302 D jni_lib_merge: Preparing 12 pre-merged libs (including stub)
02-13 17:04:05.506 27302 27302 D jni_lib_merge: Preparing to register libfabricjni_so.  onload_func: 0x72b41f097730
02-13 17:04:05.506 27302 27302 D jni_lib_merge: Preparing to register libreact_devsupportjni_so.  onload_func: 0x72b41f294190
02-13 17:04:05.506 27302 27302 D jni_lib_merge: Preparing to register libreact_featureflagsjni_so.  onload_func: 0x72b41f2a5910
02-13 17:04:05.506 27302 27302 D jni_lib_merge: Preparing to register libreact_newarchdefaults_so.  onload_func: 0x72b41f346d20
02-13 17:04:05.506 27302 27302 D jni_lib_merge: Preparing to register libreactnativeblob_so.  onload_func: 0x72b41f5512e0
02-13 17:04:05.506 27302 27302 D jni_lib_merge: Preparing to register libreactnativejni_so.  onload_func: 0x72b41f591770
02-13 17:04:05.506 27302 27302 D jni_lib_merge: Preparing to register libreactnativejni_common_so.  onload_func: 0x72b41f5a15d0
02-13 17:04:05.506 27302 27302 D jni_lib_merge: Preparing to register librninstance_so.  onload_func: 0x72b41f5de4c0
02-13 17:04:05.506 27302 27302 D jni_lib_merge: Preparing to register libturbomodulejsijni_so.  onload_func: 0x72b41f73fc00
02-13 17:04:05.506 27302 27302 D jni_lib_merge: Preparing to register libuimanagerjni_so.  onload_func: 0x72b41f757de0
02-13 17:04:05.506 27302 27302 D jni_lib_merge: Preparing to register libyoga_so.  onload_func: 0x72b41f766d70
02-13 17:04:05.506 27302 27302 D jni_lib_merge: About to register 11 actual methods.
02-13 17:04:05.513 27302 27302 D nativeloader: Load /data/app/~~9dkkfoufEy_cR4-tOo-D7w==/com.taskmanagercrud-7OLORhQb6jGwA8ifp51eIQ==/base.apk!/lib/x86_64/libreact_codegen_rnsvg.so using ns clns-7 from class loader (caller=/data/app/~~9dkkfoufEy_cR4-tOo-D7w==/com.taskmanagercrud-7OLORhQb6jGwA8ifp51eIQ==/base.apk): ok
02-13 17:04:05.513 27302 27302 D jni_lib_merge: Entering merged library JNI_OnLoad.
02-13 17:04:05.513 27302 27302 D jni_lib_merge: Preparing 12 pre-merged libs (including stub)
02-13 17:04:05.513 27302 27302 D jni_lib_merge: Preparing to register libfabricjni_so.  onload_func: 0x72b41f097730
02-13 17:04:05.513 27302 27302 D jni_lib_merge: Preparing to register libreact_devsupportjni_so.  onload_func: 0x72b41f294190
02-13 17:04:05.513 27302 27302 D jni_lib_merge: Preparing to register libreact_featureflagsjni_so.  onload_func: 0x72b41f2a5910
02-13 17:04:05.513 27302 27302 D jni_lib_merge: Preparing to register libreact_newarchdefaults_so.  onload_func: 0x72b41f346d20
02-13 17:04:05.513 27302 27302 D jni_lib_merge: Preparing to register libreactnativeblob_so.  onload_func: 0x72b41f5512e0
02-13 17:04:05.513 27302 27302 D jni_lib_merge: Preparing to register libreactnativejni_so.  onload_func: 0x72b41f591770
02-13 17:04:05.513 27302 27302 D jni_lib_merge: Preparing to register libreactnativejni_common_so.  onload_func: 0x72b41f5a15d0
02-13 17:04:05.513 27302 27302 D jni_lib_merge: Preparing to register librninstance_so.  onload_func: 0x72b41f5de4c0
02-13 17:04:05.513 27302 27302 D jni_lib_merge: Preparing to register libturbomodulejsijni_so.  onload_func: 0x72b41f73fc00
02-13 17:04:05.513 27302 27302 D jni_lib_merge: Preparing to register libuimanagerjni_so.  onload_func: 0x72b41f757de0
02-13 17:04:05.513 27302 27302 D jni_lib_merge: Preparing to register libyoga_so.  onload_func: 0x72b41f766d70
02-13 17:04:05.513 27302 27302 D jni_lib_merge: About to register 11 actual methods.
02-13 17:04:05.520 27302 27302 D nativeloader: Load /data/app/~~9dkkfoufEy_cR4-tOo-D7w==/com.taskmanagercrud-7OLORhQb6jGwA8ifp51eIQ==/base.apk!/lib/x86_64/libreact_codegen_safeareacontext.so using ns clns-7 from class loader (caller=/data/app/~~9dkkfoufEy_cR4-tOo-D7w==/com.taskmanagercrud-7OLORhQb6jGwA8ifp51eIQ==/base.apk): ok
02-13 17:04:05.529 27302 27302 D nativeloader: Load /data/app/~~9dkkfoufEy_cR4-tOo-D7w==/com.taskmanagercrud-7OLORhQb6jGwA8ifp51eIQ==/base.apk!/lib/x86_64/libreact_codegen_rnpicker.so using ns clns-7 from class loader (caller=/data/app/~~9dkkfoufEy_cR4-tOo-D7w==/com.taskmanagercrud-7OLORhQb6jGwA8ifp51eIQ==/base.apk): ok
02-13 17:04:05.529 27302 27302 D jni_lib_merge: Entering merged library JNI_OnLoad.
02-13 17:04:05.529 27302 27302 D jni_lib_merge: Preparing 12 pre-merged libs (including stub)
02-13 17:04:05.529 27302 27302 D jni_lib_merge: Preparing to register libfabricjni_so.  onload_func: 0x72b41f097730
02-13 17:04:05.529 27302 27302 D jni_lib_merge: Preparing to register libreact_devsupportjni_so.  onload_func: 0x72b41f294190
02-13 17:04:05.529 27302 27302 D jni_lib_merge: Preparing to register libreact_featureflagsjni_so.  onload_func: 0x72b41f2a5910
02-13 17:04:05.529 27302 27302 D jni_lib_merge: Preparing to register libreact_newarchdefaults_so.  onload_func: 0x72b41f346d20
02-13 17:04:05.529 27302 27302 D jni_lib_merge: Preparing to register libreactnativeblob_so.  onload_func: 0x72b41f5512e0
02-13 17:04:05.529 27302 27302 D jni_lib_merge: Preparing to register libreactnativejni_so.  onload_func: 0x72b41f591770
02-13 17:04:05.529 27302 27302 D jni_lib_merge: Preparing to register libreactnativejni_common_so.  onload_func: 0x72b41f5a15d0
02-13 17:04:05.529 27302 27302 D jni_lib_merge: Preparing to register librninstance_so.  onload_func: 0x72b41f5de4c0
02-13 17:04:05.529 27302 27302 D jni_lib_merge: Preparing to register libturbomodulejsijni_so.  onload_func: 0x72b41f73fc00
02-13 17:04:05.529 27302 27302 D jni_lib_merge: Preparing to register libuimanagerjni_so.  onload_func: 0x72b41f757de0
02-13 17:04:05.529 27302 27302 D jni_lib_merge: Preparing to register libyoga_so.  onload_func: 0x72b41f766d70
02-13 17:04:05.529 27302 27302 D jni_lib_merge: About to register 11 actual methods.
02-13 17:04:05.539 27302 27302 D nativeloader: Load /data/app/~~9dkkfoufEy_cR4-tOo-D7w==/com.taskmanagercrud-7OLORhQb6jGwA8ifp51eIQ==/base.apk!/lib/x86_64/libappmodules.so using ns clns-7 from class loader (caller=/data/app/~~9dkkfoufEy_cR4-tOo-D7w==/com.taskmanagercrud-7OLORhQb6jGwA8ifp51eIQ==/base.apk): ok
02-13 17:04:05.543   611  1945 W OptProp : Cannot read opt property android.window.PROPERTY_COMPAT_ENABLE_FAKE_FOCUS
02-13 17:04:05.556   611   632 V WindowManager: Sent Transition (#63) createdAt=02-13 17:04:03.707 via request=TransitionRequestInfo { type = CLOSE, triggerTask = TaskInfo{userId=0 taskId=34 displayId=0 isRunning=false baseIntent=Intent { flg=0x10000000 cmp=com.taskmanagercrud/.MainActivity } baseActivity=null topActivity=null origActivity=null realActivity=ComponentInfo{com.taskmanagercrud/com.taskmanagercrud.MainActivity} numActivities=0 lastActiveTime=35574271 supportsMultiWindow=true resizeMode=1 isResizeable=true minWidth=-1 minHeight=-1 defaultMinSize=220 token=WCT{RemoteToken{19dc048 Task{f9dd200 #34 type=standard A=10209:com.taskmanagercrud}}} topActivityType=1 pictureInPictureParams=null shouldDockBigOverlays=false launchIntoPipHostTaskId=-1 lastParentTaskIdBeforePip=-1 displayCutoutSafeInsets=null topActivityInfo=null launchCookies=[] positionInParent=Point(0, 0) parentTaskId=-1 isFocused=true isVisible=true isVisibleRequested=true isSleeping=false locusId=null displayAreaFeatureId=1 isTopActivityTransparent=false appCompatTaskInfo=AppCompatTaskInfo { topActivityInSizeCompat=false topActivityEligibleForLetterboxEducation= falseisLetterboxEducationEnabled= false isLetterboxDoubleTapEnabled= false topActivityEligibleForUserAspectRatioButton= false topActivityBoundsLetterboxed= false isFromLetterboxDoubleTap= false topActivityLetterboxVerticalPosition= -1 topActivityLetterboxHorizontalPosition= -1 topActivityLetterboxWidth=-1 topActivityLetterboxHeight=-1 isUserFullscreenOverrideEnabled=false isSystemFullscreenOverrideEnabled=false cameraCompatTaskInfo=CameraCompatTaskInfo { cameraCompatControlState=hidden freeformCameraCompatMode=inactive}}}, pipTask = null, remoteTransition = null, displayChange = null, flags = 0, debugId = 63 }
02-13 17:04:05.556   611   632 V WindowManager:     startWCT=WindowContainerTransaction { changes = {} hops = [] errorCallbackToken=null taskFragmentOrganizer=null }
02-13 17:04:05.556   611   632 V WindowManager:     info={id=63 t=CLOSE f=0x0 trk=0 r=[0@Point(0, 0)] c=[
02-13 17:04:05.556   611   632 V WindowManager:         {WCT{RemoteToken{52585d9 Task{7d729b5 #35 type=standard A=10209:com.taskmanagercrud}}} m=OPEN f=MOVE_TO_TOP leash=Surface(name=Task=35)/@0x3eebc52 sb=Rect(0, 0 - 1344, 2992) eb=Rect(0, 0 - 1344, 2992) d=0 taskParent=-1},
02-13 17:04:05.556   611   632 V WindowManager:         {WCT{RemoteToken{19dc048 Task{f9dd200 #34 type=standard A=10209:com.taskmanagercrud}}} m=CLOSE f=NONE leash=Surface(name=Task=34)/@0xa337e3a sb=Rect(0, 0 - 1344, 2992) eb=Rect(0, 0 - 1344, 2992) d=0 taskParent=-1},
02-13 17:04:05.556   611   632 V WindowManager:         {null m=TO_FRONT f=IS_WALLPAPER leash=Surface(name=WallpaperWindowToken{4115c41 token=android.os.Binder@ff9b728})/@0x3837dd5 sb=Rect(0, 0 - 1344, 2992) eb=Rect(0, 0 - 1344, 2992) d=0}
02-13 17:04:05.556   611   632 V WindowManager:     ]}
02-13 17:04:05.556   845   858 V WindowManagerShell: onTransitionReady(transaction=2624225031426)
02-13 17:04:05.557   845   960 V WindowManagerShell: onTransitionReady (#63) android.os.BinderProxy@585d96c: {id=63 t=CLOSE f=0x0 trk=0 r=[0@Point(0, 0)] c=[{WCT{android.window.IWindowContainerToken$Stub$Proxy@ae4ca5d} m=OPEN f=MOVE_TO_TOP leash=Surface(name=Task=35)/@0xbbe7d21 sb=Rect(0, 0 - 1344, 2992) eb=Rect(0, 0 - 1344, 2992) d=0 taskParent=-1},{WCT{android.window.IWindowContainerToken$Stub$Proxy@a00afd2} m=CLOSE f=NONE leash=Surface(name=Task=34)/@0x2c18546 sb=Rect(0, 0 - 1344, 2992) eb=Rect(0, 0 - 1344, 2992) d=0 taskParent=-1},{null m=TO_FRONT f=IS_WALLPAPER leash=Surface(name=WallpaperWindowToken{4115c41 token=android.os.Binder@ff9b728})/@0xd254307 sb=Rect(0, 0 - 1344, 2992) eb=Rect(0, 0 - 1344, 2992) d=0}]}
02-13 17:04:05.558   845   960 V WindowManagerShell: Playing animation for (#63) android.os.BinderProxy@585d96c@0
02-13 17:04:05.558   845   960 V WindowManagerShell:  try handler com.android.wm.shell.transition.DefaultMixedHandler@cfcee9a
02-13 17:04:05.558   845   960 V WindowManagerShell:  try handler com.android.wm.shell.keyguard.KeyguardTransitionHandler@d80b3cb
02-13 17:04:05.558   845   960 V WindowManagerShell:  try handler com.android.wm.shell.pip.PipTransition@9697a8
02-13 17:04:05.558   845   960 V WindowManagerShell:  try handler com.android.wm.shell.activityembedding.ActivityEmbeddingController@643f2c1
02-13 17:04:05.558   845   960 V WindowManagerShell:  try handler com.android.wm.shell.recents.RecentsTransitionHandler@12b5a66
02-13 17:04:05.558   845   960 V ShellRecents: RecentsTransitionHandler.startAnimation: no controller found
02-13 17:04:05.558   845   960 V WindowManagerShell:  try handler com.android.wm.shell.splitscreen.StageCoordinator@5e4c1a7
02-13 17:04:05.558   845   960 V WindowManagerShell:  try handler com.android.wm.shell.transition.RemoteTransitionHandler@3918654
02-13 17:04:05.558   845   960 V WindowManagerShell: Transition doesn't have explicit remote, search filters for match for {id=63 t=CLOSE f=0x0 trk=0 r=[0@Point(0, 0)] c=[{WCT{android.window.IWindowContainerToken$Stub$Proxy@ae4ca5d} m=OPEN f=MOVE_TO_TOP leash=Surface(name=Task=35)/@0xbbe7d21 sb=Rect(0, 0 - 1344, 2992) eb=Rect(0, 0 - 1344, 2992) d=0 taskParent=-1},{WCT{android.window.IWindowContainerToken$Stub$Proxy@a00afd2} m=CLOSE f=NONE leash=Surface(name=Task=34)/@0x2c18546 sb=Rect(0, 0 - 1344, 2992) eb=Rect(0, 0 - 1344, 2992) d=0 taskParent=-1},{null m=TO_FRONT f=IS_WALLPAPER leash=Surface(name=WallpaperWindowToken{4115c41 token=android.os.Binder@ff9b728})/@0xd254307 sb=Rect(0, 0 - 1344, 2992) eb=Rect(0, 0 - 1344, 2992) d=0}]}
02-13 17:04:05.558   845   960 V WindowManagerShell:  Checking filter Pair{{types=[] flags=0x0] notFlags=0x0 checks=[{atype=undefined independent=true modes=[OPEN,TO_FRONT] flags=IN_TASK_WITH_EMBEDDED_ACTIVITY mustBeTask=false order=ANY topActivity=ComponentInfo{com.google.android.apps.nexuslauncher/com.google.android.apps.nexuslauncher.NexusLauncherActivity} launchCookie=null},{atype=undefined independent=true modes=[CLOSE,TO_BACK] flags=IN_TASK_WITH_EMBEDDED_ACTIVITY mustBeTask=false order=ANY topActivity=null launchCookie=null}]} RemoteTransition { remoteTransition = android.window.IRemoteTransition$Stub$Proxy@a68a7b9, appThread = android.app.IApplicationThread$Stub$Proxy@3bff7fe, debugName = OverlaySwipeBack }}
